<?xml version="1.0" encoding="ISO-8859-1" ?>
<link_info>
   <banner>TMS320C2000 Linker Unix v22.6.1.LTS</banner>
   <copyright>Copyright (c) 1996-2018 Texas Instruments Incorporated</copyright>
   <link_time>0x66ca3828</link_time>
   <link_errors>0x0</link_errors>
   <output_file>NMS1_20240825bak.out</output_file>
   <entry_point>
      <name>_c_int00</name>
      <address>0x83cfd</address>
   </entry_point>
   <input_file_list>
      <input_file id="fl-2">
         <path>./</path>
         <kind>object</kind>
         <file>DRV830x_SPI.obj</file>
         <name>DRV830x_SPI.obj</name>
      </input_file>
      <input_file id="fl-3">
         <path>./</path>
         <kind>object</kind>
         <file>F2837xS_Adc.obj</file>
         <name>F2837xS_Adc.obj</name>
      </input_file>
      <input_file id="fl-7">
         <path>./</path>
         <kind>object</kind>
         <file>F2837xS_GlobalVariableDefs.obj</file>
         <name>F2837xS_GlobalVariableDefs.obj</name>
      </input_file>
      <input_file id="fl-11">
         <path>./</path>
         <kind>object</kind>
         <file>drv8301.obj</file>
         <name>drv8301.obj</name>
      </input_file>
      <input_file id="fl-12">
         <path>./</path>
         <kind>object</kind>
         <file>drv8305.obj</file>
         <name>drv8305.obj</name>
      </input_file>
      <input_file id="fl-13">
         <path>./</path>
         <kind>object</kind>
         <file>inverter_state.obj</file>
         <name>inverter_state.obj</name>
      </input_file>
      <input_file id="fl-16">
         <path>./Lib/F2837xS_common/driverlib/</path>
         <kind>object</kind>
         <file>systick.obj</file>
         <name>systick.obj</name>
      </input_file>
      <input_file id="fl-27">
         <path>/Applications/ti/ccs1260/ccs/tools/compiler/ti-cgt-c2000_22.6.1.LTS/lib/</path>
         <kind>archive</kind>
         <file>rts2800_fpu32.lib</file>
         <name>e_atan2f.c.obj</name>
      </input_file>
      <input_file id="fl-28">
         <path>/Applications/ti/ccs1260/ccs/tools/compiler/ti-cgt-c2000_22.6.1.LTS/lib/</path>
         <kind>archive</kind>
         <file>rts2800_fpu32.lib</file>
         <name>s_atanf.c.obj</name>
      </input_file>
      <input_file id="fl-2b">
         <path>/Applications/ti/ccs1260/ccs/tools/compiler/ti-cgt-c2000_22.6.1.LTS/lib/</path>
         <kind>archive</kind>
         <file>rts2800_fpu32.lib</file>
         <name>cpy_tbl.c.obj</name>
      </input_file>
      <input_file id="fl-2c">
         <path>/Applications/ti/ccs1260/ccs/tools/compiler/ti-cgt-c2000_22.6.1.LTS/lib/</path>
         <kind>archive</kind>
         <file>rts2800_fpu32.lib</file>
         <name>memcpy.c.obj</name>
      </input_file>
      <input_file id="fl-2d">
         <path>/Applications/ti/ccs1260/ccs/tools/compiler/ti-cgt-c2000_22.6.1.LTS/lib/</path>
         <kind>archive</kind>
         <file>rts2800_fpu32.lib</file>
         <name>pre_init.c.obj</name>
      </input_file>
      <input_file id="fl-30">
         <path>/Applications/ti/ccs1260/ccs/tools/compiler/ti-cgt-c2000_22.6.1.LTS/lib/</path>
         <kind>archive</kind>
         <file>rts2800_fpu32.lib</file>
         <name>_lock.c.obj</name>
      </input_file>
      <input_file id="fl-32">
         <path>/var/tmp/</path>
         <kind>object</kind>
         <file>TI6YIDKDBkS</file>
         <name>TI6YIDKDBkS</name>
      </input_file>
      <input_file id="fl-4">
         <path>./</path>
         <kind>object</kind>
         <file>F2837xS_CodeStartBranch.obj</file>
         <name>F2837xS_CodeStartBranch.obj</name>
      </input_file>
      <input_file id="fl-5">
         <path>./</path>
         <kind>object</kind>
         <file>F2837xS_Dac_setting.obj</file>
         <name>F2837xS_Dac_setting.obj</name>
      </input_file>
      <input_file id="fl-6">
         <path>./</path>
         <kind>object</kind>
         <file>F2837xS_DefaultISR.obj</file>
         <name>F2837xS_DefaultISR.obj</name>
      </input_file>
      <input_file id="fl-8">
         <path>./</path>
         <kind>object</kind>
         <file>F2837xS_Gpio.obj</file>
         <name>F2837xS_Gpio.obj</name>
      </input_file>
      <input_file id="fl-9">
         <path>./</path>
         <kind>object</kind>
         <file>F2837xS_PieCtrl.obj</file>
         <name>F2837xS_PieCtrl.obj</name>
      </input_file>
      <input_file id="fl-a">
         <path>./</path>
         <kind>object</kind>
         <file>F2837xS_PieVect.obj</file>
         <name>F2837xS_PieVect.obj</name>
      </input_file>
      <input_file id="fl-b">
         <path>./</path>
         <kind>object</kind>
         <file>F2837xS_SysCtrl.obj</file>
         <name>F2837xS_SysCtrl.obj</name>
      </input_file>
      <input_file id="fl-c">
         <path>./</path>
         <kind>object</kind>
         <file>F2837xS_sdfm_drivers.obj</file>
         <name>F2837xS_sdfm_drivers.obj</name>
      </input_file>
      <input_file id="fl-d">
         <path>./</path>
         <kind>object</kind>
         <file>F2837xS_usDelay.obj</file>
         <name>F2837xS_usDelay.obj</name>
      </input_file>
      <input_file id="fl-e">
         <path>./</path>
         <kind>object</kind>
         <file>MonoMtrServo.obj</file>
         <name>MonoMtrServo.obj</name>
      </input_file>
      <input_file id="fl-f">
         <path>./</path>
         <kind>object</kind>
         <file>can_inv.obj</file>
         <name>can_inv.obj</name>
      </input_file>
      <input_file id="fl-10">
         <path>./</path>
         <kind>object</kind>
         <file>config.obj</file>
         <name>config.obj</name>
      </input_file>
      <input_file id="fl-14">
         <path>./Lib/F2837xS_common/driverlib/</path>
         <kind>object</kind>
         <file>can.obj</file>
         <name>can.obj</name>
      </input_file>
      <input_file id="fl-15">
         <path>./Lib/F2837xS_common/driverlib/</path>
         <kind>object</kind>
         <file>interrupt.obj</file>
         <name>interrupt.obj</name>
      </input_file>
      <input_file id="fl-1b">
         <kind>object</kind>
         <file>&lt;internal&gt;</file>
         <name>&lt;internal&gt;</name>
      </input_file>
      <input_file id="fl-29">
         <path>/Applications/ti/ccs1260/ccs/tools/compiler/ti-cgt-c2000_22.6.1.LTS/lib/</path>
         <kind>archive</kind>
         <file>rts2800_fpu32.lib</file>
         <name>boot28.asm.obj</name>
      </input_file>
      <input_file id="fl-2a">
         <path>/Applications/ti/ccs1260/ccs/tools/compiler/ti-cgt-c2000_22.6.1.LTS/lib/</path>
         <kind>archive</kind>
         <file>rts2800_fpu32.lib</file>
         <name>fs_div28.asm.obj</name>
      </input_file>
      <input_file id="fl-2e">
         <path>/Applications/ti/ccs1260/ccs/tools/compiler/ti-cgt-c2000_22.6.1.LTS/lib/</path>
         <kind>archive</kind>
         <file>rts2800_fpu32.lib</file>
         <name>startup.c.obj</name>
      </input_file>
      <input_file id="fl-2f">
         <path>/Applications/ti/ccs1260/ccs/tools/compiler/ti-cgt-c2000_22.6.1.LTS/lib/</path>
         <kind>archive</kind>
         <file>rts2800_fpu32.lib</file>
         <name>exit.c.obj</name>
      </input_file>
      <input_file id="fl-31">
         <path>/Applications/ti/ccs1260/ccs/tools/compiler/ti-cgt-c2000_22.6.1.LTS/lib/</path>
         <kind>archive</kind>
         <file>rts2800_fpu32.lib</file>
         <name>args_main.c.obj</name>
      </input_file>
   </input_file_list>
   <object_component_list>
      <object_component id="oc-117">
         <name>.cinit</name>
         <load_address>0x84000</load_address>
         <run_address>0x84000</run_address>
         <size>0x31d</size>
         <input_file_ref idref="fl-e"/>
      </object_component>
      <object_component id="oc-11f">
         <name>.cinit</name>
         <load_address>0x8431d</load_address>
         <run_address>0x8431d</run_address>
         <size>0x15</size>
         <input_file_ref idref="fl-f"/>
      </object_component>
      <object_component id="oc-147">
         <name>.cinit</name>
         <load_address>0x84332</load_address>
         <run_address>0x84332</run_address>
         <size>0xe</size>
         <input_file_ref idref="fl-2f"/>
      </object_component>
      <object_component id="oc-ec">
         <name>.cinit</name>
         <load_address>0x84340</load_address>
         <run_address>0x84340</run_address>
         <size>0xc</size>
         <input_file_ref idref="fl-5"/>
      </object_component>
      <object_component id="oc-87">
         <name>.cinit:_DAC_PTR</name>
         <load_address>0x8434c</load_address>
         <run_address>0x8434c</run_address>
         <size>0xb</size>
         <input_file_ref idref="fl-5"/>
      </object_component>
      <object_component id="oc-16a">
         <name>.cinit:_posArray</name>
         <load_address>0x84357</load_address>
         <run_address>0x84357</run_address>
         <size>0xb</size>
         <input_file_ref idref="fl-e"/>
      </object_component>
      <object_component id="oc-7c">
         <name>.cinit</name>
         <load_address>0x84362</load_address>
         <run_address>0x84362</run_address>
         <size>0x8</size>
         <input_file_ref idref="fl-32"/>
      </object_component>
      <object_component id="oc-15f">
         <name>.cinit:__lock</name>
         <load_address>0x8436a</load_address>
         <run_address>0x8436a</run_address>
         <size>0x5</size>
         <input_file_ref idref="fl-32"/>
      </object_component>
      <object_component id="oc-172">
         <name>.cinit:__unlock</name>
         <load_address>0x8436f</load_address>
         <run_address>0x8436f</run_address>
         <size>0x5</size>
         <input_file_ref idref="fl-32"/>
      </object_component>
      <object_component id="oc-164">
         <name>.cinit:_rxData</name>
         <load_address>0x84374</load_address>
         <run_address>0x84374</run_address>
         <size>0x4</size>
         <input_file_ref idref="fl-f"/>
      </object_component>
      <object_component id="oc-168">
         <name>.cinit:_txData</name>
         <load_address>0x84378</load_address>
         <run_address>0x84378</run_address>
         <size>0x4</size>
         <input_file_ref idref="fl-f"/>
      </object_component>
      <object_component id="oc-15d">
         <name>.text</name>
         <load_address>0x82000</load_address>
         <run_address>0x82000</run_address>
         <size>0x609</size>
         <input_file_ref idref="fl-e"/>
      </object_component>
      <object_component id="oc-f3">
         <name>.text:retain</name>
         <load_address>0x82609</load_address>
         <run_address>0x82609</run_address>
         <size>0x585</size>
         <input_file_ref idref="fl-6"/>
      </object_component>
      <object_component id="oc-15a">
         <name>.text</name>
         <load_address>0x82b8e</load_address>
         <run_address>0x82b8e</run_address>
         <size>0x3cb</size>
         <input_file_ref idref="fl-14"/>
      </object_component>
      <object_component id="oc-176">
         <name>.text</name>
         <load_address>0x82f59</load_address>
         <run_address>0x82f59</run_address>
         <size>0x2d9</size>
         <input_file_ref idref="fl-b"/>
      </object_component>
      <object_component id="oc-15b">
         <name>.text</name>
         <load_address>0x83232</load_address>
         <run_address>0x83232</run_address>
         <size>0x288</size>
         <input_file_ref idref="fl-f"/>
      </object_component>
      <object_component id="oc-16e">
         <name>.text</name>
         <load_address>0x834ba</load_address>
         <run_address>0x834ba</run_address>
         <size>0x219</size>
         <input_file_ref idref="fl-10"/>
      </object_component>
      <object_component id="oc-158">
         <name>.text</name>
         <load_address>0x836d3</load_address>
         <run_address>0x836d3</run_address>
         <size>0x1ca</size>
         <input_file_ref idref="fl-8"/>
      </object_component>
      <object_component id="oc-161">
         <name>.text</name>
         <load_address>0x8389d</load_address>
         <run_address>0x8389d</run_address>
         <size>0x15a</size>
         <input_file_ref idref="fl-15"/>
      </object_component>
      <object_component id="oc-177">
         <name>.text</name>
         <load_address>0x839f7</load_address>
         <run_address>0x839f7</run_address>
         <size>0xe2</size>
         <input_file_ref idref="fl-3"/>
      </object_component>
      <object_component id="oc-159">
         <name>.text</name>
         <load_address>0x83ad9</load_address>
         <run_address>0x83ad9</run_address>
         <size>0xd2</size>
         <input_file_ref idref="fl-27"/>
      </object_component>
      <object_component id="oc-160">
         <name>.text</name>
         <load_address>0x83bab</load_address>
         <run_address>0x83bab</run_address>
         <size>0xca</size>
         <input_file_ref idref="fl-28"/>
      </object_component>
      <object_component id="oc-13c">
         <name>.text</name>
         <load_address>0x83c75</load_address>
         <run_address>0x83c75</run_address>
         <size>0x88</size>
         <input_file_ref idref="fl-2a"/>
      </object_component>
      <object_component id="oc-7a">
         <name>.text</name>
         <load_address>0x83cfd</load_address>
         <run_address>0x83cfd</run_address>
         <size>0x56</size>
         <input_file_ref idref="fl-29"/>
      </object_component>
      <object_component id="oc-121">
         <name>.text:retain</name>
         <load_address>0x83d53</load_address>
         <run_address>0x83d53</run_address>
         <size>0x47</size>
         <input_file_ref idref="fl-f"/>
      </object_component>
      <object_component id="oc-165">
         <name>.text</name>
         <load_address>0x83d9a</load_address>
         <run_address>0x83d9a</run_address>
         <size>0x41</size>
         <input_file_ref idref="fl-13"/>
      </object_component>
      <object_component id="oc-156">
         <name>.text</name>
         <load_address>0x83ddb</load_address>
         <run_address>0x83ddb</run_address>
         <size>0x29</size>
         <input_file_ref idref="fl-2f"/>
      </object_component>
      <object_component id="oc-16f">
         <name>.text</name>
         <load_address>0x83e04</load_address>
         <run_address>0x83e04</run_address>
         <size>0x28</size>
         <input_file_ref idref="fl-9"/>
      </object_component>
      <object_component id="oc-153">
         <name>.text</name>
         <load_address>0x83e2c</load_address>
         <run_address>0x83e2c</run_address>
         <size>0x24</size>
         <input_file_ref idref="fl-2b"/>
      </object_component>
      <object_component id="oc-15c">
         <name>.text</name>
         <load_address>0x83e50</load_address>
         <run_address>0x83e50</run_address>
         <size>0x1d</size>
         <input_file_ref idref="fl-2c"/>
      </object_component>
      <object_component id="oc-166">
         <name>.text</name>
         <load_address>0x83e6d</load_address>
         <run_address>0x83e6d</run_address>
         <size>0x17</size>
         <input_file_ref idref="fl-16"/>
      </object_component>
      <object_component id="oc-155">
         <name>.text</name>
         <load_address>0x83e84</load_address>
         <run_address>0x83e84</run_address>
         <size>0x12</size>
         <input_file_ref idref="fl-31"/>
      </object_component>
      <object_component id="oc-170">
         <name>.text</name>
         <load_address>0x83e96</load_address>
         <run_address>0x83e96</run_address>
         <size>0x11</size>
         <input_file_ref idref="fl-a"/>
      </object_component>
      <object_component id="oc-131">
         <name>.text:retain</name>
         <load_address>0x83ea7</load_address>
         <run_address>0x83ea7</run_address>
         <size>0xf</size>
         <input_file_ref idref="fl-15"/>
      </object_component>
      <object_component id="oc-e5">
         <name>.text</name>
         <load_address>0x83eb6</load_address>
         <run_address>0x83eb6</run_address>
         <size>0x8</size>
         <input_file_ref idref="fl-4"/>
      </object_component>
      <object_component id="oc-152">
         <name>.text</name>
         <load_address>0x83ebe</load_address>
         <run_address>0x83ebe</run_address>
         <size>0x2</size>
         <input_file_ref idref="fl-2d"/>
      </object_component>
      <object_component id="oc-171">
         <name>.text</name>
         <load_address>0x83ec0</load_address>
         <run_address>0x83ec0</run_address>
         <size>0x1</size>
         <input_file_ref idref="fl-30"/>
      </object_component>
      <object_component id="oc-154">
         <name>.text</name>
         <load_address>0x83ec1</load_address>
         <run_address>0x83ec1</run_address>
         <size>0x1</size>
         <input_file_ref idref="fl-2e"/>
      </object_component>
      <object_component id="oc-e6">
         <name>codestart</name>
         <load_address>0x80000</load_address>
         <run_address>0x80000</run_address>
         <size>0x2</size>
         <input_file_ref idref="fl-4"/>
      </object_component>
      <object_component id="oc-119">
         <name>ramfuncs:retain</name>
         <load_address>0x86000</load_address>
         <run_address>0x8000</run_address>
         <size>0x483</size>
         <input_file_ref idref="fl-e"/>
      </object_component>
      <object_component id="oc-111">
         <name>ramfuncs</name>
         <load_address>0x86483</load_address>
         <run_address>0x8483</run_address>
         <size>0x4</size>
         <input_file_ref idref="fl-d"/>
      </object_component>
      <object_component id="oc-136">
         <name>.stack</name>
         <uninitialized>true</uninitialized>
         <run_address>0x400</run_address>
         <size>0x0</size>
         <input_file_ref idref="fl-29"/>
      </object_component>
      <object_component id="oc-1fc">
         <name>.stack</name>
         <uninitialized>true</uninitialized>
         <run_address>0x400</run_address>
         <size>0x0</size>
      </object_component>
      <object_component id="oc-118">
         <name>.ebss</name>
         <uninitialized>true</uninitialized>
         <run_address>0xa800</run_address>
         <size>0x2ac</size>
         <input_file_ref idref="fl-e"/>
      </object_component>
      <object_component id="oc-169">
         <name>.ebss:_posArray</name>
         <uninitialized>true</uninitialized>
         <run_address>0xaaac</run_address>
         <size>0x10</size>
         <input_file_ref idref="fl-e"/>
      </object_component>
      <object_component id="oc-16b">
         <name>.ebss:_VTimer0</name>
         <uninitialized>true</uninitialized>
         <run_address>0xaabc</run_address>
         <size>0x4</size>
         <input_file_ref idref="fl-e"/>
      </object_component>
      <object_component id="oc-120">
         <name>.ebss</name>
         <uninitialized>true</uninitialized>
         <run_address>0xaac0</run_address>
         <size>0x28</size>
         <input_file_ref idref="fl-f"/>
      </object_component>
      <object_component id="oc-157">
         <name>.ebss:_DAC_PTR</name>
         <uninitialized>true</uninitialized>
         <run_address>0xaae8</run_address>
         <size>0x8</size>
         <input_file_ref idref="fl-5"/>
      </object_component>
      <object_component id="oc-163">
         <name>.ebss:_rxData</name>
         <uninitialized>true</uninitialized>
         <run_address>0xaaf0</run_address>
         <size>0x8</size>
         <input_file_ref idref="fl-f"/>
      </object_component>
      <object_component id="oc-167">
         <name>.ebss:_txData</name>
         <uninitialized>true</uninitialized>
         <run_address>0xaaf8</run_address>
         <size>0x8</size>
         <input_file_ref idref="fl-f"/>
      </object_component>
      <object_component id="oc-148">
         <name>.ebss</name>
         <uninitialized>true</uninitialized>
         <run_address>0xab00</run_address>
         <size>0x6</size>
         <input_file_ref idref="fl-2f"/>
      </object_component>
      <object_component id="oc-16c">
         <name>.ebss:_VTimer1</name>
         <uninitialized>true</uninitialized>
         <run_address>0xab06</run_address>
         <size>0x4</size>
         <input_file_ref idref="fl-e"/>
      </object_component>
      <object_component id="oc-16d">
         <name>.ebss:_VTimer2</name>
         <uninitialized>true</uninitialized>
         <run_address>0xab0a</run_address>
         <size>0x4</size>
         <input_file_ref idref="fl-e"/>
      </object_component>
      <object_component id="oc-ed">
         <name>.ebss</name>
         <uninitialized>true</uninitialized>
         <run_address>0xab0e</run_address>
         <size>0x3</size>
         <input_file_ref idref="fl-5"/>
      </object_component>
      <object_component id="oc-15e">
         <name>.ebss:__lock</name>
         <uninitialized>true</uninitialized>
         <run_address>0xab12</run_address>
         <size>0x2</size>
         <input_file_ref idref="fl-30"/>
      </object_component>
      <object_component id="oc-179">
         <name>.ebss:__unlock</name>
         <uninitialized>true</uninitialized>
         <run_address>0xab14</run_address>
         <size>0x2</size>
         <input_file_ref idref="fl-30"/>
      </object_component>
      <object_component id="oc-7f">
         <name>.ebss</name>
         <uninitialized>true</uninitialized>
         <run_address>0xab16</run_address>
         <size>0x2</size>
         <input_file_ref idref="fl-13"/>
      </object_component>
      <object_component id="oc-178">
         <name>.econst:_PieVectTableInit</name>
         <load_address>0x90000</load_address>
         <run_address>0x90000</run_address>
         <size>0x1c0</size>
         <input_file_ref idref="fl-a"/>
      </object_component>
      <object_component id="oc-175">
         <name>.econst:_aT$8</name>
         <load_address>0x901c0</load_address>
         <run_address>0x901c0</run_address>
         <size>0xa</size>
         <input_file_ref idref="fl-28"/>
      </object_component>
      <object_component id="oc-162">
         <name>.econst:_g_ui16CANBitValues</name>
         <load_address>0x901ca</load_address>
         <run_address>0x901ca</run_address>
         <size>0x9</size>
         <input_file_ref idref="fl-14"/>
      </object_component>
      <object_component id="oc-173">
         <name>.econst:_atanhi$8</name>
         <load_address>0x901d4</load_address>
         <run_address>0x901d4</run_address>
         <size>0x8</size>
         <input_file_ref idref="fl-28"/>
      </object_component>
      <object_component id="oc-174">
         <name>.econst:_atanlo$8</name>
         <load_address>0x901dc</load_address>
         <run_address>0x901dc</run_address>
         <size>0x8</size>
         <input_file_ref idref="fl-28"/>
      </object_component>
      <object_component id="oc-137">
         <name>.reset</name>
         <load_address>0x3fffc0</load_address>
         <run_address>0x3fffc0</run_address>
         <size>0x2</size>
         <input_file_ref idref="fl-29"/>
      </object_component>
      <object_component id="oc-17a">
         <name>.TI.memcrc:_ccs_flash_checksum</name>
         <load_address>0x0</load_address>
         <run_address>0x0</run_address>
         <size>0xba</size>
      </object_component>
      <object_component id="oc-e0">
         <name>PieVectTableFile</name>
         <uninitialized>true</uninitialized>
         <run_address>0xd00</run_address>
         <size>0x1c0</size>
         <input_file_ref idref="fl-7"/>
      </object_component>
      <object_component id="oc-7d">
         <name>EmuKeyVar</name>
         <uninitialized>true</uninitialized>
         <run_address>0xd00</run_address>
         <size>0x1</size>
         <input_file_ref idref="fl-7"/>
      </object_component>
      <object_component id="oc-7e">
         <name>EmuBModeVar</name>
         <uninitialized>true</uninitialized>
         <run_address>0xd01</run_address>
         <size>0x1</size>
         <input_file_ref idref="fl-7"/>
      </object_component>
      <object_component id="oc-96">
         <name>AdcaResultFile</name>
         <uninitialized>true</uninitialized>
         <run_address>0xb00</run_address>
         <size>0x18</size>
         <input_file_ref idref="fl-7"/>
      </object_component>
      <object_component id="oc-97">
         <name>AdcbResultFile</name>
         <uninitialized>true</uninitialized>
         <run_address>0xb20</run_address>
         <size>0x18</size>
         <input_file_ref idref="fl-7"/>
      </object_component>
      <object_component id="oc-98">
         <name>AdccResultFile</name>
         <uninitialized>true</uninitialized>
         <run_address>0xb40</run_address>
         <size>0x18</size>
         <input_file_ref idref="fl-7"/>
      </object_component>
      <object_component id="oc-99">
         <name>AdcdResultFile</name>
         <uninitialized>true</uninitialized>
         <run_address>0xb60</run_address>
         <size>0x18</size>
         <input_file_ref idref="fl-7"/>
      </object_component>
      <object_component id="oc-c7">
         <name>AdcaRegsFile</name>
         <uninitialized>true</uninitialized>
         <run_address>0x7400</run_address>
         <size>0x80</size>
         <input_file_ref idref="fl-7"/>
      </object_component>
      <object_component id="oc-c8">
         <name>AdcbRegsFile</name>
         <uninitialized>true</uninitialized>
         <run_address>0x7480</run_address>
         <size>0x80</size>
         <input_file_ref idref="fl-7"/>
      </object_component>
      <object_component id="oc-c9">
         <name>AdccRegsFile</name>
         <uninitialized>true</uninitialized>
         <run_address>0x7500</run_address>
         <size>0x80</size>
         <input_file_ref idref="fl-7"/>
      </object_component>
      <object_component id="oc-ca">
         <name>AdcdRegsFile</name>
         <uninitialized>true</uninitialized>
         <run_address>0x7580</run_address>
         <size>0x80</size>
         <input_file_ref idref="fl-7"/>
      </object_component>
      <object_component id="oc-c3">
         <name>AnalogSubsysRegsFile</name>
         <uninitialized>true</uninitialized>
         <run_address>0x5d180</run_address>
         <size>0x48</size>
         <input_file_ref idref="fl-7"/>
      </object_component>
      <object_component id="oc-be">
         <name>Cla1RegsFile</name>
         <uninitialized>true</uninitialized>
         <run_address>0x1400</run_address>
         <size>0x3e</size>
         <input_file_ref idref="fl-7"/>
      </object_component>
      <object_component id="oc-83">
         <name>Cla1SoftIntRegsFile</name>
         <uninitialized>true</uninitialized>
         <run_address>0xce0</run_address>
         <size>0x4</size>
         <input_file_ref idref="fl-7"/>
      </object_component>
      <object_component id="oc-9c">
         <name>Cmpss1RegsFile</name>
         <uninitialized>true</uninitialized>
         <run_address>0x5c80</run_address>
         <size>0x20</size>
         <input_file_ref idref="fl-7"/>
      </object_component>
      <object_component id="oc-9d">
         <name>Cmpss2RegsFile</name>
         <uninitialized>true</uninitialized>
         <run_address>0x5ca0</run_address>
         <size>0x20</size>
         <input_file_ref idref="fl-7"/>
      </object_component>
      <object_component id="oc-9e">
         <name>Cmpss3RegsFile</name>
         <uninitialized>true</uninitialized>
         <run_address>0x5cc0</run_address>
         <size>0x20</size>
         <input_file_ref idref="fl-7"/>
      </object_component>
      <object_component id="oc-9f">
         <name>Cmpss4RegsFile</name>
         <uninitialized>true</uninitialized>
         <run_address>0x5ce0</run_address>
         <size>0x20</size>
         <input_file_ref idref="fl-7"/>
      </object_component>
      <object_component id="oc-a0">
         <name>Cmpss5RegsFile</name>
         <uninitialized>true</uninitialized>
         <run_address>0x5d00</run_address>
         <size>0x20</size>
         <input_file_ref idref="fl-7"/>
      </object_component>
      <object_component id="oc-a1">
         <name>Cmpss6RegsFile</name>
         <uninitialized>true</uninitialized>
         <run_address>0x5d20</run_address>
         <size>0x20</size>
         <input_file_ref idref="fl-7"/>
      </object_component>
      <object_component id="oc-a2">
         <name>Cmpss7RegsFile</name>
         <uninitialized>true</uninitialized>
         <run_address>0x5d40</run_address>
         <size>0x20</size>
         <input_file_ref idref="fl-7"/>
      </object_component>
      <object_component id="oc-a3">
         <name>Cmpss8RegsFile</name>
         <uninitialized>true</uninitialized>
         <run_address>0x5d60</run_address>
         <size>0x20</size>
         <input_file_ref idref="fl-7"/>
      </object_component>
      <object_component id="oc-8a">
         <name>CpuTimer0RegsFile</name>
         <uninitialized>true</uninitialized>
         <run_address>0xc00</run_address>
         <size>0x8</size>
         <input_file_ref idref="fl-7"/>
      </object_component>
      <object_component id="oc-8b">
         <name>CpuTimer1RegsFile</name>
         <uninitialized>true</uninitialized>
         <run_address>0xc08</run_address>
         <size>0x8</size>
         <input_file_ref idref="fl-7"/>
      </object_component>
      <object_component id="oc-8c">
         <name>CpuTimer2RegsFile</name>
         <uninitialized>true</uninitialized>
         <run_address>0xc10</run_address>
         <size>0x8</size>
         <input_file_ref idref="fl-7"/>
      </object_component>
      <object_component id="oc-86">
         <name>DacaRegsFile</name>
         <uninitialized>true</uninitialized>
         <run_address>0x5c00</run_address>
         <size>0x8</size>
         <input_file_ref idref="fl-7"/>
      </object_component>
      <object_component id="oc-88">
         <name>DacbRegsFile</name>
         <uninitialized>true</uninitialized>
         <run_address>0x5c10</run_address>
         <size>0x8</size>
         <input_file_ref idref="fl-7"/>
      </object_component>
      <object_component id="oc-89">
         <name>DaccRegsFile</name>
         <uninitialized>true</uninitialized>
         <run_address>0x5c20</run_address>
         <size>0x8</size>
         <input_file_ref idref="fl-7"/>
      </object_component>
      <object_component id="oc-b5">
         <name>DcsmZ1RegsFile</name>
         <uninitialized>true</uninitialized>
         <run_address>0x5f000</run_address>
         <size>0x24</size>
         <input_file_ref idref="fl-7"/>
      </object_component>
      <object_component id="oc-b6">
         <name>DcsmZ2RegsFile</name>
         <uninitialized>true</uninitialized>
         <run_address>0x5f040</run_address>
         <size>0x24</size>
         <input_file_ref idref="fl-7"/>
      </object_component>
      <object_component id="oc-8d">
         <name>DcsmCommonRegsFile</name>
         <uninitialized>true</uninitialized>
         <run_address>0x5f070</run_address>
         <size>0x8</size>
         <input_file_ref idref="fl-7"/>
      </object_component>
      <object_component id="oc-a4">
         <name>DcsmZ1OtpFile</name>
         <uninitialized>true</uninitialized>
         <run_address>0x78000</run_address>
         <size>0x20</size>
         <input_file_ref idref="fl-7"/>
      </object_component>
      <object_component id="oc-a5">
         <name>DcsmZ2OtpFile</name>
         <uninitialized>true</uninitialized>
         <run_address>0x78200</run_address>
         <size>0x20</size>
         <input_file_ref idref="fl-7"/>
      </object_component>
      <object_component id="oc-cf">
         <name>DmaRegsFile</name>
         <uninitialized>true</uninitialized>
         <run_address>0x1000</run_address>
         <size>0xe0</size>
         <input_file_ref idref="fl-7"/>
      </object_component>
      <object_component id="oc-9a">
         <name>DmaClaSrcSelRegsFile</name>
         <uninitialized>true</uninitialized>
         <run_address>0x7980</run_address>
         <size>0x1a</size>
         <input_file_ref idref="fl-7"/>
      </object_component>
      <object_component id="oc-a6">
         <name>ECap1RegsFile</name>
         <uninitialized>true</uninitialized>
         <run_address>0x5000</run_address>
         <size>0x20</size>
         <input_file_ref idref="fl-7"/>
      </object_component>
      <object_component id="oc-a7">
         <name>ECap2RegsFile</name>
         <uninitialized>true</uninitialized>
         <run_address>0x5020</run_address>
         <size>0x20</size>
         <input_file_ref idref="fl-7"/>
      </object_component>
      <object_component id="oc-a8">
         <name>ECap3RegsFile</name>
         <uninitialized>true</uninitialized>
         <run_address>0x5040</run_address>
         <size>0x20</size>
         <input_file_ref idref="fl-7"/>
      </object_component>
      <object_component id="oc-a9">
         <name>ECap4RegsFile</name>
         <uninitialized>true</uninitialized>
         <run_address>0x5060</run_address>
         <size>0x20</size>
         <input_file_ref idref="fl-7"/>
      </object_component>
      <object_component id="oc-aa">
         <name>ECap5RegsFile</name>
         <uninitialized>true</uninitialized>
         <run_address>0x5080</run_address>
         <size>0x20</size>
         <input_file_ref idref="fl-7"/>
      </object_component>
      <object_component id="oc-ab">
         <name>ECap6RegsFile</name>
         <uninitialized>true</uninitialized>
         <run_address>0x50a0</run_address>
         <size>0x20</size>
         <input_file_ref idref="fl-7"/>
      </object_component>
      <object_component id="oc-c5">
         <name>Emif1RegsFile</name>
         <uninitialized>true</uninitialized>
         <run_address>0x47000</run_address>
         <size>0x70</size>
         <input_file_ref idref="fl-7"/>
      </object_component>
      <object_component id="oc-c6">
         <name>Emif2RegsFile</name>
         <uninitialized>true</uninitialized>
         <run_address>0x47800</run_address>
         <size>0x70</size>
         <input_file_ref idref="fl-7"/>
      </object_component>
      <object_component id="oc-d0">
         <name>EPwm1RegsFile</name>
         <uninitialized>true</uninitialized>
         <run_address>0x4000</run_address>
         <size>0x100</size>
         <input_file_ref idref="fl-7"/>
      </object_component>
      <object_component id="oc-d1">
         <name>EPwm2RegsFile</name>
         <uninitialized>true</uninitialized>
         <run_address>0x4100</run_address>
         <size>0x100</size>
         <input_file_ref idref="fl-7"/>
      </object_component>
      <object_component id="oc-d2">
         <name>EPwm3RegsFile</name>
         <uninitialized>true</uninitialized>
         <run_address>0x4200</run_address>
         <size>0x100</size>
         <input_file_ref idref="fl-7"/>
      </object_component>
      <object_component id="oc-d3">
         <name>EPwm4RegsFile</name>
         <uninitialized>true</uninitialized>
         <run_address>0x4300</run_address>
         <size>0x100</size>
         <input_file_ref idref="fl-7"/>
      </object_component>
      <object_component id="oc-d4">
         <name>EPwm5RegsFile</name>
         <uninitialized>true</uninitialized>
         <run_address>0x4400</run_address>
         <size>0x100</size>
         <input_file_ref idref="fl-7"/>
      </object_component>
      <object_component id="oc-d5">
         <name>EPwm6RegsFile</name>
         <uninitialized>true</uninitialized>
         <run_address>0x4500</run_address>
         <size>0x100</size>
         <input_file_ref idref="fl-7"/>
      </object_component>
      <object_component id="oc-d6">
         <name>EPwm7RegsFile</name>
         <uninitialized>true</uninitialized>
         <run_address>0x4600</run_address>
         <size>0x100</size>
         <input_file_ref idref="fl-7"/>
      </object_component>
      <object_component id="oc-d7">
         <name>EPwm8RegsFile</name>
         <uninitialized>true</uninitialized>
         <run_address>0x4700</run_address>
         <size>0x100</size>
         <input_file_ref idref="fl-7"/>
      </object_component>
      <object_component id="oc-d8">
         <name>EPwm9RegsFile</name>
         <uninitialized>true</uninitialized>
         <run_address>0x4800</run_address>
         <size>0x100</size>
         <input_file_ref idref="fl-7"/>
      </object_component>
      <object_component id="oc-d9">
         <name>EPwm10RegsFile</name>
         <uninitialized>true</uninitialized>
         <run_address>0x4900</run_address>
         <size>0x100</size>
         <input_file_ref idref="fl-7"/>
      </object_component>
      <object_component id="oc-da">
         <name>EPwm11RegsFile</name>
         <uninitialized>true</uninitialized>
         <run_address>0x4a00</run_address>
         <size>0x100</size>
         <input_file_ref idref="fl-7"/>
      </object_component>
      <object_component id="oc-db">
         <name>EPwm12RegsFile</name>
         <uninitialized>true</uninitialized>
         <run_address>0x4b00</run_address>
         <size>0x100</size>
         <input_file_ref idref="fl-7"/>
      </object_component>
      <object_component id="oc-bf">
         <name>EPwmXbarRegsFile</name>
         <uninitialized>true</uninitialized>
         <run_address>0x7a00</run_address>
         <size>0x40</size>
         <input_file_ref idref="fl-7"/>
      </object_component>
      <object_component id="oc-b0">
         <name>EQep1RegsFile</name>
         <uninitialized>true</uninitialized>
         <run_address>0x5100</run_address>
         <size>0x22</size>
         <input_file_ref idref="fl-7"/>
      </object_component>
      <object_component id="oc-b1">
         <name>EQep2RegsFile</name>
         <uninitialized>true</uninitialized>
         <run_address>0x5140</run_address>
         <size>0x22</size>
         <input_file_ref idref="fl-7"/>
      </object_component>
      <object_component id="oc-b2">
         <name>EQep3RegsFile</name>
         <uninitialized>true</uninitialized>
         <run_address>0x5180</run_address>
         <size>0x22</size>
         <input_file_ref idref="fl-7"/>
      </object_component>
      <object_component id="oc-de">
         <name>Flash0CtrlRegsFile</name>
         <uninitialized>true</uninitialized>
         <run_address>0x5f800</run_address>
         <size>0x182</size>
         <input_file_ref idref="fl-7"/>
      </object_component>
      <object_component id="oc-b9">
         <name>Flash0EccRegsFile</name>
         <uninitialized>true</uninitialized>
         <run_address>0x5fb00</run_address>
         <size>0x28</size>
         <input_file_ref idref="fl-7"/>
      </object_component>
      <object_component id="oc-df">
         <name>Flash1CtrlRegsFile</name>
         <uninitialized>true</uninitialized>
         <run_address>0x5fc00</run_address>
         <size>0x182</size>
         <input_file_ref idref="fl-7"/>
      </object_component>
      <object_component id="oc-ba">
         <name>Flash1EccRegsFile</name>
         <uninitialized>true</uninitialized>
         <run_address>0x5ff00</run_address>
         <size>0x28</size>
         <input_file_ref idref="fl-7"/>
      </object_component>
      <object_component id="oc-dd">
         <name>GpioCtrlRegsFile</name>
         <uninitialized>true</uninitialized>
         <run_address>0x7c00</run_address>
         <size>0x180</size>
         <input_file_ref idref="fl-7"/>
      </object_component>
      <object_component id="oc-bc">
         <name>GpioDataRegsFile</name>
         <uninitialized>true</uninitialized>
         <run_address>0x7f00</run_address>
         <size>0x30</size>
         <input_file_ref idref="fl-7"/>
      </object_component>
      <object_component id="oc-c0">
         <name>OutputXbarRegsFile</name>
         <uninitialized>true</uninitialized>
         <run_address>0x7a80</run_address>
         <size>0x40</size>
         <input_file_ref idref="fl-7"/>
      </object_component>
      <object_component id="oc-b3">
         <name>I2caRegsFile</name>
         <uninitialized>true</uninitialized>
         <run_address>0x7300</run_address>
         <size>0x22</size>
         <input_file_ref idref="fl-7"/>
      </object_component>
      <object_component id="oc-b4">
         <name>I2cbRegsFile</name>
         <uninitialized>true</uninitialized>
         <run_address>0x7340</run_address>
         <size>0x22</size>
         <input_file_ref idref="fl-7"/>
      </object_component>
      <object_component id="oc-ac">
         <name>InputXbarRegsFile</name>
         <uninitialized>true</uninitialized>
         <run_address>0x7900</run_address>
         <size>0x20</size>
         <input_file_ref idref="fl-7"/>
      </object_component>
      <object_component id="oc-ad">
         <name>XbarRegsFile</name>
         <uninitialized>true</uninitialized>
         <run_address>0x7920</run_address>
         <size>0x20</size>
         <input_file_ref idref="fl-7"/>
      </object_component>
      <object_component id="oc-80">
         <name>FlashPumpSemaphoreRegsFile</name>
         <uninitialized>true</uninitialized>
         <run_address>0x50024</run_address>
         <size>0x2</size>
         <input_file_ref idref="fl-7"/>
      </object_component>
      <object_component id="oc-81">
         <name>RomPrefetchRegsFile</name>
         <uninitialized>true</uninitialized>
         <run_address>0x5e608</run_address>
         <size>0x2</size>
         <input_file_ref idref="fl-7"/>
      </object_component>
      <object_component id="oc-cb">
         <name>MemCfgRegsFile</name>
         <uninitialized>true</uninitialized>
         <run_address>0x5f400</run_address>
         <size>0x80</size>
         <input_file_ref idref="fl-7"/>
      </object_component>
      <object_component id="oc-ae">
         <name>Emif1ConfigRegsFile</name>
         <uninitialized>true</uninitialized>
         <run_address>0x5f480</run_address>
         <size>0x20</size>
         <input_file_ref idref="fl-7"/>
      </object_component>
      <object_component id="oc-af">
         <name>Emif2ConfigRegsFile</name>
         <uninitialized>true</uninitialized>
         <run_address>0x5f4a0</run_address>
         <size>0x20</size>
         <input_file_ref idref="fl-7"/>
      </object_component>
      <object_component id="oc-c1">
         <name>AccessProtectionRegsFile</name>
         <uninitialized>true</uninitialized>
         <run_address>0x5f4c0</run_address>
         <size>0x40</size>
         <input_file_ref idref="fl-7"/>
      </object_component>
      <object_component id="oc-c2">
         <name>MemoryErrorRegsFile</name>
         <uninitialized>true</uninitialized>
         <run_address>0x5f500</run_address>
         <size>0x40</size>
         <input_file_ref idref="fl-7"/>
      </object_component>
      <object_component id="oc-82">
         <name>RomWaitStateRegsFile</name>
         <uninitialized>true</uninitialized>
         <run_address>0x5f540</run_address>
         <size>0x2</size>
         <input_file_ref idref="fl-7"/>
      </object_component>
      <object_component id="oc-b7">
         <name>McbspaRegsFile</name>
         <uninitialized>true</uninitialized>
         <run_address>0x6000</run_address>
         <size>0x24</size>
         <input_file_ref idref="fl-7"/>
      </object_component>
      <object_component id="oc-b8">
         <name>McbspbRegsFile</name>
         <uninitialized>true</uninitialized>
         <run_address>0x6040</run_address>
         <size>0x24</size>
         <input_file_ref idref="fl-7"/>
      </object_component>
      <object_component id="oc-c4">
         <name>UppRegsFile</name>
         <uninitialized>true</uninitialized>
         <run_address>0x6200</run_address>
         <size>0x48</size>
         <input_file_ref idref="fl-7"/>
      </object_component>
      <object_component id="oc-85">
         <name>NmiIntruptRegsFile</name>
         <uninitialized>true</uninitialized>
         <run_address>0x7060</run_address>
         <size>0x7</size>
         <input_file_ref idref="fl-7"/>
      </object_component>
      <object_component id="oc-9b">
         <name>PieCtrlRegsFile</name>
         <uninitialized>true</uninitialized>
         <run_address>0xce0</run_address>
         <size>0x1a</size>
         <input_file_ref idref="fl-7"/>
      </object_component>
      <object_component id="oc-8f">
         <name>SciaRegsFile</name>
         <uninitialized>true</uninitialized>
         <run_address>0x7200</run_address>
         <size>0x10</size>
         <input_file_ref idref="fl-7"/>
      </object_component>
      <object_component id="oc-90">
         <name>ScibRegsFile</name>
         <uninitialized>true</uninitialized>
         <run_address>0x7210</run_address>
         <size>0x10</size>
         <input_file_ref idref="fl-7"/>
      </object_component>
      <object_component id="oc-91">
         <name>ScicRegsFile</name>
         <uninitialized>true</uninitialized>
         <run_address>0x7220</run_address>
         <size>0x10</size>
         <input_file_ref idref="fl-7"/>
      </object_component>
      <object_component id="oc-92">
         <name>ScidRegsFile</name>
         <uninitialized>true</uninitialized>
         <run_address>0x7230</run_address>
         <size>0x10</size>
         <input_file_ref idref="fl-7"/>
      </object_component>
      <object_component id="oc-cc">
         <name>Sdfm1RegsFile</name>
         <uninitialized>true</uninitialized>
         <run_address>0x5e00</run_address>
         <size>0x80</size>
         <input_file_ref idref="fl-7"/>
      </object_component>
      <object_component id="oc-cd">
         <name>Sdfm2RegsFile</name>
         <uninitialized>true</uninitialized>
         <run_address>0x5e80</run_address>
         <size>0x80</size>
         <input_file_ref idref="fl-7"/>
      </object_component>
      <object_component id="oc-93">
         <name>SpiaRegsFile</name>
         <uninitialized>true</uninitialized>
         <run_address>0x6100</run_address>
         <size>0x10</size>
         <input_file_ref idref="fl-7"/>
      </object_component>
      <object_component id="oc-94">
         <name>SpibRegsFile</name>
         <uninitialized>true</uninitialized>
         <run_address>0x6110</run_address>
         <size>0x10</size>
         <input_file_ref idref="fl-7"/>
      </object_component>
      <object_component id="oc-95">
         <name>SpicRegsFile</name>
         <uninitialized>true</uninitialized>
         <run_address>0x6120</run_address>
         <size>0x10</size>
         <input_file_ref idref="fl-7"/>
      </object_component>
      <object_component id="oc-dc">
         <name>DevCfgRegsFile</name>
         <uninitialized>true</uninitialized>
         <run_address>0x5d000</run_address>
         <size>0x12e</size>
         <input_file_ref idref="fl-7"/>
      </object_component>
      <object_component id="oc-bd">
         <name>ClkCfgRegsFile</name>
         <uninitialized>true</uninitialized>
         <run_address>0x5d200</run_address>
         <size>0x32</size>
         <input_file_ref idref="fl-7"/>
      </object_component>
      <object_component id="oc-ce">
         <name>CpuSysRegsFile</name>
         <uninitialized>true</uninitialized>
         <run_address>0x5d300</run_address>
         <size>0x82</size>
         <input_file_ref idref="fl-7"/>
      </object_component>
      <object_component id="oc-84">
         <name>SyncSocRegsFile</name>
         <uninitialized>true</uninitialized>
         <run_address>0x7940</run_address>
         <size>0x6</size>
         <input_file_ref idref="fl-7"/>
      </object_component>
      <object_component id="oc-bb">
         <name>WdRegsFile</name>
         <uninitialized>true</uninitialized>
         <run_address>0x7000</run_address>
         <size>0x2b</size>
         <input_file_ref idref="fl-7"/>
      </object_component>
      <object_component id="oc-8e">
         <name>XintRegsFile</name>
         <uninitialized>true</uninitialized>
         <run_address>0x7070</run_address>
         <size>0xb</size>
         <input_file_ref idref="fl-7"/>
      </object_component>
      <object_component id="oc-e7">
         <name>.debug_line</name>
         <load_address>0x0</load_address>
         <run_address>0x0</run_address>
         <size>0x60</size>
         <input_file_ref idref="fl-4"/>
      </object_component>
      <object_component id="oc-ef">
         <name>.debug_line</name>
         <load_address>0x60</load_address>
         <run_address>0x60</run_address>
         <size>0x39</size>
         <input_file_ref idref="fl-5"/>
      </object_component>
      <object_component id="oc-f5">
         <name>.debug_line</name>
         <load_address>0x99</load_address>
         <run_address>0x99</run_address>
         <size>0xc4e</size>
         <input_file_ref idref="fl-6"/>
      </object_component>
      <object_component id="oc-fa">
         <name>.debug_line</name>
         <load_address>0xce7</load_address>
         <run_address>0xce7</run_address>
         <size>0x248</size>
         <input_file_ref idref="fl-8"/>
      </object_component>
      <object_component id="oc-ff">
         <name>.debug_line</name>
         <load_address>0xf2f</load_address>
         <run_address>0xf2f</run_address>
         <size>0x7b</size>
         <input_file_ref idref="fl-9"/>
      </object_component>
      <object_component id="oc-104">
         <name>.debug_line</name>
         <load_address>0xfaa</load_address>
         <run_address>0xfaa</run_address>
         <size>0x53</size>
         <input_file_ref idref="fl-a"/>
      </object_component>
      <object_component id="oc-109">
         <name>.debug_line</name>
         <load_address>0xffd</load_address>
         <run_address>0xffd</run_address>
         <size>0x357</size>
         <input_file_ref idref="fl-b"/>
      </object_component>
      <object_component id="oc-10e">
         <name>.debug_line</name>
         <load_address>0x1354</load_address>
         <run_address>0x1354</run_address>
         <size>0x3a</size>
         <input_file_ref idref="fl-c"/>
      </object_component>
      <object_component id="oc-112">
         <name>.debug_line</name>
         <load_address>0x138e</load_address>
         <run_address>0x138e</run_address>
         <size>0x47</size>
         <input_file_ref idref="fl-d"/>
      </object_component>
      <object_component id="oc-11b">
         <name>.debug_line</name>
         <load_address>0x13d5</load_address>
         <run_address>0x13d5</run_address>
         <size>0xaae</size>
         <input_file_ref idref="fl-e"/>
      </object_component>
      <object_component id="oc-123">
         <name>.debug_line</name>
         <load_address>0x1e83</load_address>
         <run_address>0x1e83</run_address>
         <size>0x2d4</size>
         <input_file_ref idref="fl-f"/>
      </object_component>
      <object_component id="oc-128">
         <name>.debug_line</name>
         <load_address>0x2157</load_address>
         <run_address>0x2157</run_address>
         <size>0x21c</size>
         <input_file_ref idref="fl-10"/>
      </object_component>
      <object_component id="oc-12d">
         <name>.debug_line</name>
         <load_address>0x2373</load_address>
         <run_address>0x2373</run_address>
         <size>0x548</size>
         <input_file_ref idref="fl-14"/>
      </object_component>
      <object_component id="oc-133">
         <name>.debug_line</name>
         <load_address>0x28bb</load_address>
         <run_address>0x28bb</run_address>
         <size>0x1b2</size>
         <input_file_ref idref="fl-15"/>
      </object_component>
      <object_component id="oc-139">
         <name>.debug_line</name>
         <load_address>0x2a6d</load_address>
         <run_address>0x2a6d</run_address>
         <size>0x7e</size>
         <input_file_ref idref="fl-29"/>
      </object_component>
      <object_component id="oc-13e">
         <name>.debug_line</name>
         <load_address>0x2aeb</load_address>
         <run_address>0x2aeb</run_address>
         <size>0xad</size>
         <input_file_ref idref="fl-2a"/>
      </object_component>
      <object_component id="oc-143">
         <name>.debug_line</name>
         <load_address>0x2b98</load_address>
         <run_address>0x2b98</run_address>
         <size>0x3a</size>
         <input_file_ref idref="fl-2e"/>
      </object_component>
      <object_component id="oc-14a">
         <name>.debug_line</name>
         <load_address>0x2bd2</load_address>
         <run_address>0x2bd2</run_address>
         <size>0x65</size>
         <input_file_ref idref="fl-2f"/>
      </object_component>
      <object_component id="oc-14f">
         <name>.debug_line</name>
         <load_address>0x2c37</load_address>
         <run_address>0x2c37</run_address>
         <size>0x4f</size>
         <input_file_ref idref="fl-31"/>
      </object_component>
      <object_component id="oc-e2">
         <name>.debug_line</name>
         <load_address>0x2c86</load_address>
         <run_address>0x2c86</run_address>
         <size>0x405</size>
         <input_file_ref idref="fl-32"/>
      </object_component>
      <object_component id="oc-e8">
         <name>.debug_info</name>
         <load_address>0x0</load_address>
         <run_address>0x0</run_address>
         <size>0x130</size>
         <input_file_ref idref="fl-4"/>
      </object_component>
      <object_component id="oc-eb">
         <name>.debug_info</name>
         <load_address>0x130</load_address>
         <run_address>0x130</run_address>
         <size>0x96c</size>
         <input_file_ref idref="fl-5"/>
      </object_component>
      <object_component id="oc-f2">
         <name>.debug_info</name>
         <load_address>0xa9c</load_address>
         <run_address>0xa9c</run_address>
         <size>0x34d1</size>
         <input_file_ref idref="fl-6"/>
      </object_component>
      <object_component id="oc-f8">
         <name>.debug_info</name>
         <load_address>0x3f6d</load_address>
         <run_address>0x3f6d</run_address>
         <size>0x18713</size>
         <input_file_ref idref="fl-8"/>
      </object_component>
      <object_component id="oc-fd">
         <name>.debug_info</name>
         <load_address>0x1c680</load_address>
         <run_address>0x1c680</run_address>
         <size>0x3554</size>
         <input_file_ref idref="fl-9"/>
      </object_component>
      <object_component id="oc-102">
         <name>.debug_info</name>
         <load_address>0x1fbd4</load_address>
         <run_address>0x1fbd4</run_address>
         <size>0x670a</size>
         <input_file_ref idref="fl-a"/>
      </object_component>
      <object_component id="oc-107">
         <name>.debug_info</name>
         <load_address>0x262de</load_address>
         <run_address>0x262de</run_address>
         <size>0x8243</size>
         <input_file_ref idref="fl-b"/>
      </object_component>
      <object_component id="oc-10c">
         <name>.debug_info</name>
         <load_address>0x2e521</load_address>
         <run_address>0x2e521</run_address>
         <size>0x1fd4</size>
         <input_file_ref idref="fl-c"/>
      </object_component>
      <object_component id="oc-113">
         <name>.debug_info</name>
         <load_address>0x304f5</load_address>
         <run_address>0x304f5</run_address>
         <size>0xfa</size>
         <input_file_ref idref="fl-d"/>
      </object_component>
      <object_component id="oc-116">
         <name>.debug_info</name>
         <load_address>0x305ef</load_address>
         <run_address>0x305ef</run_address>
         <size>0x2cb62</size>
         <input_file_ref idref="fl-e"/>
      </object_component>
      <object_component id="oc-11e">
         <name>.debug_info</name>
         <load_address>0x5d151</load_address>
         <run_address>0x5d151</run_address>
         <size>0x678d</size>
         <input_file_ref idref="fl-f"/>
      </object_component>
      <object_component id="oc-126">
         <name>.debug_info</name>
         <load_address>0x638de</load_address>
         <run_address>0x638de</run_address>
         <size>0xd7f8</size>
         <input_file_ref idref="fl-10"/>
      </object_component>
      <object_component id="oc-12b">
         <name>.debug_info</name>
         <load_address>0x710d6</load_address>
         <run_address>0x710d6</run_address>
         <size>0x361f</size>
         <input_file_ref idref="fl-14"/>
      </object_component>
      <object_component id="oc-130">
         <name>.debug_info</name>
         <load_address>0x746f5</load_address>
         <run_address>0x746f5</run_address>
         <size>0x5efa</size>
         <input_file_ref idref="fl-15"/>
      </object_component>
      <object_component id="oc-138">
         <name>.debug_info</name>
         <load_address>0x7a5ef</load_address>
         <run_address>0x7a5ef</run_address>
         <size>0x173</size>
         <input_file_ref idref="fl-29"/>
      </object_component>
      <object_component id="oc-13d">
         <name>.debug_info</name>
         <load_address>0x7a762</load_address>
         <run_address>0x7a762</run_address>
         <size>0x114</size>
         <input_file_ref idref="fl-2a"/>
      </object_component>
      <object_component id="oc-141">
         <name>.debug_info</name>
         <load_address>0x7a876</load_address>
         <run_address>0x7a876</run_address>
         <size>0x3aa</size>
         <input_file_ref idref="fl-2e"/>
      </object_component>
      <object_component id="oc-146">
         <name>.debug_info</name>
         <load_address>0x7ac20</load_address>
         <run_address>0x7ac20</run_address>
         <size>0x544</size>
         <input_file_ref idref="fl-2f"/>
      </object_component>
      <object_component id="oc-14d">
         <name>.debug_info</name>
         <load_address>0x7b164</load_address>
         <run_address>0x7b164</run_address>
         <size>0x467</size>
         <input_file_ref idref="fl-31"/>
      </object_component>
      <object_component id="oc-7b">
         <name>.debug_info</name>
         <load_address>0x7b5cb</load_address>
         <run_address>0x7b5cb</run_address>
         <size>0x4e9a0</size>
         <input_file_ref idref="fl-32"/>
      </object_component>
      <object_component id="oc-200">
         <name>.debug_info</name>
         <load_address>0xc9f6b</load_address>
         <run_address>0xc9f6b</run_address>
         <size>0xb5</size>
      </object_component>
      <object_component id="oc-e9">
         <name>.debug_abbrev</name>
         <load_address>0x0</load_address>
         <run_address>0x0</run_address>
         <size>0x21</size>
         <input_file_ref idref="fl-4"/>
      </object_component>
      <object_component id="oc-f0">
         <name>.debug_abbrev</name>
         <load_address>0x21</load_address>
         <run_address>0x21</run_address>
         <size>0x128</size>
         <input_file_ref idref="fl-5"/>
      </object_component>
      <object_component id="oc-f6">
         <name>.debug_abbrev</name>
         <load_address>0x149</load_address>
         <run_address>0x149</run_address>
         <size>0xb6</size>
         <input_file_ref idref="fl-6"/>
      </object_component>
      <object_component id="oc-fb">
         <name>.debug_abbrev</name>
         <load_address>0x1ff</load_address>
         <run_address>0x1ff</run_address>
         <size>0x198</size>
         <input_file_ref idref="fl-8"/>
      </object_component>
      <object_component id="oc-100">
         <name>.debug_abbrev</name>
         <load_address>0x397</load_address>
         <run_address>0x397</run_address>
         <size>0xc8</size>
         <input_file_ref idref="fl-9"/>
      </object_component>
      <object_component id="oc-105">
         <name>.debug_abbrev</name>
         <load_address>0x45f</load_address>
         <run_address>0x45f</run_address>
         <size>0x116</size>
         <input_file_ref idref="fl-a"/>
      </object_component>
      <object_component id="oc-10a">
         <name>.debug_abbrev</name>
         <load_address>0x575</load_address>
         <run_address>0x575</run_address>
         <size>0x1c8</size>
         <input_file_ref idref="fl-b"/>
      </object_component>
      <object_component id="oc-10f">
         <name>.debug_abbrev</name>
         <load_address>0x73d</load_address>
         <run_address>0x73d</run_address>
         <size>0x17f</size>
         <input_file_ref idref="fl-c"/>
      </object_component>
      <object_component id="oc-114">
         <name>.debug_abbrev</name>
         <load_address>0x8bc</load_address>
         <run_address>0x8bc</run_address>
         <size>0x2f</size>
         <input_file_ref idref="fl-d"/>
      </object_component>
      <object_component id="oc-11c">
         <name>.debug_abbrev</name>
         <load_address>0x8eb</load_address>
         <run_address>0x8eb</run_address>
         <size>0x209</size>
         <input_file_ref idref="fl-e"/>
      </object_component>
      <object_component id="oc-124">
         <name>.debug_abbrev</name>
         <load_address>0xaf4</load_address>
         <run_address>0xaf4</run_address>
         <size>0x202</size>
         <input_file_ref idref="fl-f"/>
      </object_component>
      <object_component id="oc-129">
         <name>.debug_abbrev</name>
         <load_address>0xcf6</load_address>
         <run_address>0xcf6</run_address>
         <size>0x16d</size>
         <input_file_ref idref="fl-10"/>
      </object_component>
      <object_component id="oc-12e">
         <name>.debug_abbrev</name>
         <load_address>0xe63</load_address>
         <run_address>0xe63</run_address>
         <size>0x19f</size>
         <input_file_ref idref="fl-14"/>
      </object_component>
      <object_component id="oc-134">
         <name>.debug_abbrev</name>
         <load_address>0x1002</load_address>
         <run_address>0x1002</run_address>
         <size>0x197</size>
         <input_file_ref idref="fl-15"/>
      </object_component>
      <object_component id="oc-13a">
         <name>.debug_abbrev</name>
         <load_address>0x1199</load_address>
         <run_address>0x1199</run_address>
         <size>0x46</size>
         <input_file_ref idref="fl-29"/>
      </object_component>
      <object_component id="oc-13f">
         <name>.debug_abbrev</name>
         <load_address>0x11df</load_address>
         <run_address>0x11df</run_address>
         <size>0x38</size>
         <input_file_ref idref="fl-2a"/>
      </object_component>
      <object_component id="oc-144">
         <name>.debug_abbrev</name>
         <load_address>0x1217</load_address>
         <run_address>0x1217</run_address>
         <size>0x66</size>
         <input_file_ref idref="fl-2e"/>
      </object_component>
      <object_component id="oc-14b">
         <name>.debug_abbrev</name>
         <load_address>0x127d</load_address>
         <run_address>0x127d</run_address>
         <size>0x130</size>
         <input_file_ref idref="fl-2f"/>
      </object_component>
      <object_component id="oc-150">
         <name>.debug_abbrev</name>
         <load_address>0x13ad</load_address>
         <run_address>0x13ad</run_address>
         <size>0xee</size>
         <input_file_ref idref="fl-31"/>
      </object_component>
      <object_component id="oc-e3">
         <name>.debug_abbrev</name>
         <load_address>0x149b</load_address>
         <run_address>0x149b</run_address>
         <size>0x1f1</size>
         <input_file_ref idref="fl-32"/>
      </object_component>
      <object_component id="oc-201">
         <name>.debug_abbrev</name>
         <load_address>0x168c</load_address>
         <run_address>0x168c</run_address>
         <size>0xf</size>
      </object_component>
      <object_component id="oc-ea">
         <name>.debug_aranges</name>
         <load_address>0x0</load_address>
         <run_address>0x0</run_address>
         <size>0x28</size>
         <input_file_ref idref="fl-4"/>
      </object_component>
      <object_component id="oc-f1">
         <name>.debug_aranges</name>
         <load_address>0x28</load_address>
         <run_address>0x28</run_address>
         <size>0x18</size>
         <input_file_ref idref="fl-5"/>
      </object_component>
      <object_component id="oc-f7">
         <name>.debug_aranges</name>
         <load_address>0x40</load_address>
         <run_address>0x40</run_address>
         <size>0x480</size>
         <input_file_ref idref="fl-6"/>
      </object_component>
      <object_component id="oc-fc">
         <name>.debug_aranges</name>
         <load_address>0x4c0</load_address>
         <run_address>0x4c0</run_address>
         <size>0x88</size>
         <input_file_ref idref="fl-8"/>
      </object_component>
      <object_component id="oc-101">
         <name>.debug_aranges</name>
         <load_address>0x548</load_address>
         <run_address>0x548</run_address>
         <size>0x28</size>
         <input_file_ref idref="fl-9"/>
      </object_component>
      <object_component id="oc-106">
         <name>.debug_aranges</name>
         <load_address>0x570</load_address>
         <run_address>0x570</run_address>
         <size>0x20</size>
         <input_file_ref idref="fl-a"/>
      </object_component>
      <object_component id="oc-10b">
         <name>.debug_aranges</name>
         <load_address>0x590</load_address>
         <run_address>0x590</run_address>
         <size>0xa8</size>
         <input_file_ref idref="fl-b"/>
      </object_component>
      <object_component id="oc-110">
         <name>.debug_aranges</name>
         <load_address>0x638</load_address>
         <run_address>0x638</run_address>
         <size>0x18</size>
         <input_file_ref idref="fl-c"/>
      </object_component>
      <object_component id="oc-115">
         <name>.debug_aranges</name>
         <load_address>0x650</load_address>
         <run_address>0x650</run_address>
         <size>0x20</size>
         <input_file_ref idref="fl-d"/>
      </object_component>
      <object_component id="oc-11d">
         <name>.debug_aranges</name>
         <load_address>0x670</load_address>
         <run_address>0x670</run_address>
         <size>0xb0</size>
         <input_file_ref idref="fl-e"/>
      </object_component>
      <object_component id="oc-125">
         <name>.debug_aranges</name>
         <load_address>0x720</load_address>
         <run_address>0x720</run_address>
         <size>0x70</size>
         <input_file_ref idref="fl-f"/>
      </object_component>
      <object_component id="oc-12a">
         <name>.debug_aranges</name>
         <load_address>0x790</load_address>
         <run_address>0x790</run_address>
         <size>0x70</size>
         <input_file_ref idref="fl-10"/>
      </object_component>
      <object_component id="oc-12f">
         <name>.debug_aranges</name>
         <load_address>0x800</load_address>
         <run_address>0x800</run_address>
         <size>0xe0</size>
         <input_file_ref idref="fl-14"/>
      </object_component>
      <object_component id="oc-135">
         <name>.debug_aranges</name>
         <load_address>0x8e0</load_address>
         <run_address>0x8e0</run_address>
         <size>0x58</size>
         <input_file_ref idref="fl-15"/>
      </object_component>
      <object_component id="oc-13b">
         <name>.debug_aranges</name>
         <load_address>0x938</load_address>
         <run_address>0x938</run_address>
         <size>0x20</size>
         <input_file_ref idref="fl-29"/>
      </object_component>
      <object_component id="oc-140">
         <name>.debug_aranges</name>
         <load_address>0x958</load_address>
         <run_address>0x958</run_address>
         <size>0x20</size>
         <input_file_ref idref="fl-2a"/>
      </object_component>
      <object_component id="oc-145">
         <name>.debug_aranges</name>
         <load_address>0x978</load_address>
         <run_address>0x978</run_address>
         <size>0x20</size>
         <input_file_ref idref="fl-2e"/>
      </object_component>
      <object_component id="oc-14c">
         <name>.debug_aranges</name>
         <load_address>0x998</load_address>
         <run_address>0x998</run_address>
         <size>0x28</size>
         <input_file_ref idref="fl-2f"/>
      </object_component>
      <object_component id="oc-151">
         <name>.debug_aranges</name>
         <load_address>0x9c0</load_address>
         <run_address>0x9c0</run_address>
         <size>0x20</size>
         <input_file_ref idref="fl-31"/>
      </object_component>
      <object_component id="oc-e4">
         <name>.debug_aranges</name>
         <load_address>0x9e0</load_address>
         <run_address>0x9e0</run_address>
         <size>0x78</size>
         <input_file_ref idref="fl-32"/>
      </object_component>
      <object_component id="oc-ee">
         <name>.debug_frame</name>
         <load_address>0x0</load_address>
         <run_address>0x0</run_address>
         <size>0x28</size>
         <input_file_ref idref="fl-5"/>
      </object_component>
      <object_component id="oc-f4">
         <name>.debug_frame</name>
         <load_address>0x28</load_address>
         <run_address>0x28</run_address>
         <size>0x11d0</size>
         <input_file_ref idref="fl-6"/>
      </object_component>
      <object_component id="oc-f9">
         <name>.debug_frame</name>
         <load_address>0x11f8</load_address>
         <run_address>0x11f8</run_address>
         <size>0x1b0</size>
         <input_file_ref idref="fl-8"/>
      </object_component>
      <object_component id="oc-fe">
         <name>.debug_frame</name>
         <load_address>0x13a8</load_address>
         <run_address>0x13a8</run_address>
         <size>0x58</size>
         <input_file_ref idref="fl-9"/>
      </object_component>
      <object_component id="oc-103">
         <name>.debug_frame</name>
         <load_address>0x1400</load_address>
         <run_address>0x1400</run_address>
         <size>0x40</size>
         <input_file_ref idref="fl-a"/>
      </object_component>
      <object_component id="oc-108">
         <name>.debug_frame</name>
         <load_address>0x1440</load_address>
         <run_address>0x1440</run_address>
         <size>0x1f4</size>
         <input_file_ref idref="fl-b"/>
      </object_component>
      <object_component id="oc-10d">
         <name>.debug_frame</name>
         <load_address>0x1634</load_address>
         <run_address>0x1634</run_address>
         <size>0x28</size>
         <input_file_ref idref="fl-c"/>
      </object_component>
      <object_component id="oc-11a">
         <name>.debug_frame</name>
         <load_address>0x165c</load_address>
         <run_address>0x165c</run_address>
         <size>0x28c</size>
         <input_file_ref idref="fl-e"/>
      </object_component>
      <object_component id="oc-122">
         <name>.debug_frame</name>
         <load_address>0x18e8</load_address>
         <run_address>0x18e8</run_address>
         <size>0x238</size>
         <input_file_ref idref="fl-f"/>
      </object_component>
      <object_component id="oc-127">
         <name>.debug_frame</name>
         <load_address>0x1b20</load_address>
         <run_address>0x1b20</run_address>
         <size>0x140</size>
         <input_file_ref idref="fl-10"/>
      </object_component>
      <object_component id="oc-12c">
         <name>.debug_frame</name>
         <load_address>0x1c60</load_address>
         <run_address>0x1c60</run_address>
         <size>0x314</size>
         <input_file_ref idref="fl-14"/>
      </object_component>
      <object_component id="oc-132">
         <name>.debug_frame</name>
         <load_address>0x1f74</load_address>
         <run_address>0x1f74</run_address>
         <size>0x12c</size>
         <input_file_ref idref="fl-15"/>
      </object_component>
      <object_component id="oc-142">
         <name>.debug_frame</name>
         <load_address>0x20a0</load_address>
         <run_address>0x20a0</run_address>
         <size>0x40</size>
         <input_file_ref idref="fl-2e"/>
      </object_component>
      <object_component id="oc-149">
         <name>.debug_frame</name>
         <load_address>0x20e0</load_address>
         <run_address>0x20e0</run_address>
         <size>0x60</size>
         <input_file_ref idref="fl-2f"/>
      </object_component>
      <object_component id="oc-14e">
         <name>.debug_frame</name>
         <load_address>0x2140</load_address>
         <run_address>0x2140</run_address>
         <size>0x40</size>
         <input_file_ref idref="fl-31"/>
      </object_component>
      <object_component id="oc-e1">
         <name>.debug_frame</name>
         <load_address>0x2180</load_address>
         <run_address>0x2180</run_address>
         <size>0x1b8</size>
         <input_file_ref idref="fl-32"/>
      </object_component>
   </object_component_list>
   <logical_group_list>
      <logical_group id="lg-2" display="no" color="cyan">
         <name>.cinit</name>
         <load_address>0x84000</load_address>
         <run_address>0x84000</run_address>
         <size>0x37e</size>
         <contents>
            <object_component_ref idref="oc-117"/>
            <object_component_ref idref="oc-11f"/>
            <object_component_ref idref="oc-147"/>
            <object_component_ref idref="oc-ec"/>
            <object_component_ref idref="oc-87"/>
            <object_component_ref idref="oc-16a"/>
            <object_component_ref idref="oc-7c"/>
            <object_component_ref idref="oc-15f"/>
            <object_component_ref idref="oc-172"/>
            <object_component_ref idref="oc-164"/>
            <object_component_ref idref="oc-168"/>
         </contents>
      </logical_group>
      <logical_group id="lg-3" display="no" color="cyan">
         <name>.pinit</name>
         <run_address>0x0</run_address>
         <size>0x0</size>
         <contents>
         </contents>
      </logical_group>
      <logical_group id="lg-1fd" display="no" color="cyan">
         <name>.text</name>
         <load_address>0x82000</load_address>
         <run_address>0x82000</run_address>
         <size>0x1ec2</size>
         <contents>
            <object_component_ref idref="oc-15d"/>
            <object_component_ref idref="oc-f3"/>
            <object_component_ref idref="oc-15a"/>
            <object_component_ref idref="oc-176"/>
            <object_component_ref idref="oc-15b"/>
            <object_component_ref idref="oc-16e"/>
            <object_component_ref idref="oc-158"/>
            <object_component_ref idref="oc-161"/>
            <object_component_ref idref="oc-177"/>
            <object_component_ref idref="oc-159"/>
            <object_component_ref idref="oc-160"/>
            <object_component_ref idref="oc-13c"/>
            <object_component_ref idref="oc-7a"/>
            <object_component_ref idref="oc-121"/>
            <object_component_ref idref="oc-165"/>
            <object_component_ref idref="oc-156"/>
            <object_component_ref idref="oc-16f"/>
            <object_component_ref idref="oc-153"/>
            <object_component_ref idref="oc-15c"/>
            <object_component_ref idref="oc-166"/>
            <object_component_ref idref="oc-155"/>
            <object_component_ref idref="oc-170"/>
            <object_component_ref idref="oc-131"/>
            <object_component_ref idref="oc-e5"/>
            <object_component_ref idref="oc-152"/>
            <object_component_ref idref="oc-171"/>
            <object_component_ref idref="oc-154"/>
         </contents>
      </logical_group>
      <split_section id="lg-4" display="no" color="cyan">
         <name>.text</name>
         <contents>
            <logical_group_ref idref="lg-1fd"/>
         </contents>
      </split_section>
      <logical_group id="lg-5" display="no" color="cyan">
         <name>codestart</name>
         <load_address>0x80000</load_address>
         <run_address>0x80000</run_address>
         <size>0x2</size>
         <contents>
            <object_component_ref idref="oc-e6"/>
         </contents>
      </logical_group>
      <logical_group id="lg-6" display="no" color="cyan">
         <name>ramfuncs</name>
         <load_address>0x86000</load_address>
         <run_address>0x8000</run_address>
         <size>0x487</size>
         <contents>
            <object_component_ref idref="oc-119"/>
            <object_component_ref idref="oc-111"/>
         </contents>
      </logical_group>
      <logical_group id="lg-7" display="no" color="cyan">
         <name>.stack</name>
         <run_address>0x400</run_address>
         <size>0x200</size>
         <contents>
            <object_component_ref idref="oc-136"/>
            <object_component_ref idref="oc-1fc"/>
         </contents>
      </logical_group>
      <logical_group id="lg-1fe" display="no" color="cyan">
         <name>.ebss</name>
         <run_address>0xa800</run_address>
         <size>0x318</size>
         <contents>
            <object_component_ref idref="oc-118"/>
            <object_component_ref idref="oc-169"/>
            <object_component_ref idref="oc-16b"/>
            <object_component_ref idref="oc-120"/>
            <object_component_ref idref="oc-157"/>
            <object_component_ref idref="oc-163"/>
            <object_component_ref idref="oc-167"/>
            <object_component_ref idref="oc-148"/>
            <object_component_ref idref="oc-16c"/>
            <object_component_ref idref="oc-16d"/>
            <object_component_ref idref="oc-ed"/>
            <object_component_ref idref="oc-15e"/>
            <object_component_ref idref="oc-179"/>
            <object_component_ref idref="oc-7f"/>
         </contents>
      </logical_group>
      <split_section id="lg-8" display="no" color="cyan">
         <name>.ebss</name>
         <contents>
            <logical_group_ref idref="lg-1fe"/>
         </contents>
      </split_section>
      <logical_group id="lg-9" display="no" color="cyan">
         <name>.esysmem</name>
         <run_address>0x0</run_address>
         <size>0x0</size>
         <contents>
         </contents>
      </logical_group>
      <logical_group id="lg-1ff" display="no" color="cyan">
         <name>.econst</name>
         <load_address>0x90000</load_address>
         <run_address>0x90000</run_address>
         <size>0x1e4</size>
         <contents>
            <object_component_ref idref="oc-178"/>
            <object_component_ref idref="oc-175"/>
            <object_component_ref idref="oc-162"/>
            <object_component_ref idref="oc-173"/>
            <object_component_ref idref="oc-174"/>
         </contents>
      </logical_group>
      <split_section id="lg-a" display="no" color="cyan">
         <name>.econst</name>
         <contents>
            <logical_group_ref idref="lg-1ff"/>
         </contents>
      </split_section>
      <logical_group id="lg-b" display="no" color="cyan">
         <name>.switch</name>
         <run_address>0x0</run_address>
         <size>0x0</size>
         <contents>
         </contents>
      </logical_group>
      <logical_group id="lg-c" display="no" color="cyan">
         <name>.reset</name>
         <load_address>0x3fffc0</load_address>
         <run_address>0x3fffc0</run_address>
         <size>0x2</size>
         <contents>
            <object_component_ref idref="oc-137"/>
         </contents>
      </logical_group>
      <logical_group id="lg-d" display="no" color="cyan">
         <name>.TI.memcrc</name>
         <load_address>0x0</load_address>
         <run_address>0x0</run_address>
         <size>0xba</size>
[...]
      </symbol>
      <symbol id="sm-5e5">
         <name>_hall1</name>
         <value>0xa8c0</value>
         <object_component_ref idref="oc-118"/>
      </symbol>
      <symbol id="sm-5e6">
         <name>_DRV_RESET</name>
         <value>0xa821</value>
         <object_component_ref idref="oc-118"/>
      </symbol>
      <symbol id="sm-5e7">
         <name>_Hall_Sector</name>
         <value>0xa810</value>
         <object_component_ref idref="oc-118"/>
      </symbol>
      <symbol id="sm-5e8">
         <name>_pwmdac1</name>
         <value>0xa86c</value>
         <object_component_ref idref="oc-118"/>
      </symbol>
      <symbol id="sm-5e9">
         <name>_C3</name>
         <value>0x8207b</value>
         <object_component_ref idref="oc-15d"/>
      </symbol>
      <symbol id="sm-5eb">
         <name>_C2</name>
         <value>0x82081</value>
         <object_component_ref idref="oc-15d"/>
      </symbol>
      <symbol id="sm-5ed">
         <name>_C1</name>
         <value>0x8209f</value>
         <object_component_ref idref="oc-15d"/>
      </symbol>
      <symbol id="sm-5ef">
         <name>_C0</name>
         <value>0x820de</value>
         <object_component_ref idref="oc-15d"/>
      </symbol>
      <symbol id="sm-5f1">
         <name>_Hall_Sector_last</name>
         <value>0xa811</value>
         <object_component_ref idref="oc-118"/>
      </symbol>
      <symbol id="sm-5f2">
         <name>_speedRef_ramp</name>
         <value>0xa84c</value>
         <object_component_ref idref="oc-118"/>
      </symbol>
      <symbol id="sm-5f3">
         <name>_pid1_Hall_pll</name>
         <value>0xa8d6</value>
         <object_component_ref idref="oc-118"/>
      </symbol>
      <symbol id="sm-5f4">
         <name>_B3</name>
         <value>0x82087</value>
         <object_component_ref idref="oc-15d"/>
      </symbol>
      <symbol id="sm-5f6">
         <name>_B2</name>
         <value>0x8208d</value>
         <object_component_ref idref="oc-15d"/>
      </symbol>
      <symbol id="sm-5f8">
         <name>_B1</name>
         <value>0x820a5</value>
         <object_component_ref idref="oc-15d"/>
      </symbol>
      <symbol id="sm-5fa">
         <name>_B0</name>
         <value>0x820c9</value>
         <object_component_ref idref="oc-15d"/>
      </symbol>
      <symbol id="sm-5fc">
         <name>_HallSum</name>
         <value>0xa805</value>
         <object_component_ref idref="oc-118"/>
      </symbol>
      <symbol id="sm-5fd">
         <name>_temp</name>
         <value>0xa828</value>
         <object_component_ref idref="oc-118"/>
      </symbol>
      <symbol id="sm-5fe">
         <name>_PwmTripConfig</name>
         <value>0x825b8</value>
         <object_component_ref idref="oc-15d"/>
      </symbol>
      <symbol id="sm-600">
         <name>_A3</name>
         <value>0x82093</value>
         <object_component_ref idref="oc-15d"/>
      </symbol>
      <symbol id="sm-602">
         <name>_A2</name>
         <value>0x82099</value>
         <object_component_ref idref="oc-15d"/>
      </symbol>
      <symbol id="sm-604">
         <name>_A1</name>
         <value>0x820ab</value>
         <object_component_ref idref="oc-15d"/>
      </symbol>
      <symbol id="sm-606">
         <name>_A0</name>
         <value>0x820b1</value>
         <object_component_ref idref="oc-15d"/>
      </symbol>
      <symbol id="sm-608">
         <name>_torqueCMD</name>
         <value>0xa834</value>
         <object_component_ref idref="oc-118"/>
      </symbol>
      <symbol id="sm-609">
         <name>_OffsetCalCounter</name>
         <value>0xa81e</value>
         <object_component_ref idref="oc-118"/>
      </symbol>
      <symbol id="sm-60a">
         <name>_speed_cnt</name>
         <value>0xa80f</value>
         <object_component_ref idref="oc-118"/>
      </symbol>
      <symbol id="sm-60b">
         <name>_BackTicker</name>
         <value>0xa81c</value>
         <object_component_ref idref="oc-118"/>
      </symbol>
      <symbol id="sm-60c">
         <name>_EnaDRV_FBK</name>
         <value>0xa80d</value>
         <object_component_ref idref="oc-118"/>
      </symbol>
      <symbol id="sm-60d">
         <name>_Mech_Speed</name>
         <value>0xa84e</value>
         <object_component_ref idref="oc-118"/>
      </symbol>
      <symbol id="sm-60e">
         <name>_sin_pos</name>
         <value>0xa809</value>
         <object_component_ref idref="oc-118"/>
      </symbol>
      <symbol id="sm-60f">
         <name>_motor1</name>
         <value>0xa940</value>
         <object_component_ref idref="oc-118"/>
      </symbol>
      <symbol id="sm-610">
         <name>_EnableFlag</name>
         <value>0xa81b</value>
         <object_component_ref idref="oc-118"/>
      </symbol>
      <symbol id="sm-611">
         <name>_pid1_speed</name>
         <value>0xa900</value>
         <object_component_ref idref="oc-118"/>
      </symbol>
      <symbol id="sm-612">
         <name>_speed_rpm</name>
         <value>0xa83c</value>
         <object_component_ref idref="oc-118"/>
      </symbol>
      <symbol id="sm-613">
         <name>_adc_cal</name>
         <value>0xa852</value>
         <object_component_ref idref="oc-118"/>
      </symbol>
      <symbol id="sm-614">
         <name>_posArray</name>
         <value>0xaaac</value>
         <object_component_ref idref="oc-169"/>
      </symbol>
      <symbol id="sm-615">
         <name>_ptrMax</name>
         <value>0xa81f</value>
         <object_component_ref idref="oc-118"/>
      </symbol>
      <symbol id="sm-616">
         <name>_DIR</name>
         <value>0xa818</value>
         <object_component_ref idref="oc-118"/>
      </symbol>
      <symbol id="sm-617">
         <name>_speedRef</name>
         <value>0xa84a</value>
         <object_component_ref idref="oc-118"/>
      </symbol>
      <symbol id="sm-618">
         <name>_cos_pos</name>
         <value>0xa808</value>
         <object_component_ref idref="oc-118"/>
      </symbol>
      <symbol id="sm-619">
         <name>_EnableDRV</name>
         <value>0xa80b</value>
         <object_component_ref idref="oc-118"/>
      </symbol>
      <symbol id="sm-61a">
         <name>_tempHall</name>
         <value>0xa854</value>
         <object_component_ref idref="oc-118"/>
      </symbol>
      <symbol id="sm-61b">
         <name>_GPIO_TogglePin</name>
         <value>0x825f5</value>
         <object_component_ref idref="oc-15d"/>
      </symbol>
      <symbol id="sm-61d">
         <name>_hall</name>
         <value>0xa8a4</value>
         <object_component_ref idref="oc-118"/>
      </symbol>
      <symbol id="sm-61e">
         <name>_sin_neg</name>
         <value>0xa80a</value>
         <object_component_ref idref="oc-118"/>
      </symbol>
      <symbol id="sm-61f">
         <name>_ocp_cnt</name>
         <value>0xa80c</value>
         <object_component_ref idref="oc-118"/>
      </symbol>
      <symbol id="sm-620">
         <name>_SerialCommsTimer</name>
         <value>0xa81a</value>
         <object_component_ref idref="oc-118"/>
      </symbol>
      <symbol id="sm-621">
         <name>_IdRef_run</name>
         <value>0xa85e</value>
         <object_component_ref idref="oc-118"/>
      </symbol>
      <symbol id="sm-622">
         <name>_FaultEmulationSignal_Accepted_transformation2</name>
         <value>0xa806</value>
         <object_component_ref idref="oc-118"/>
      </symbol>
      <symbol id="sm-623">
         <name>_i</name>
         <value>0xa803</value>
         <object_component_ref idref="oc-118"/>
      </symbol>
      <symbol id="sm-624">
         <name>_overflow_flag5</name>
         <value>0xa816</value>
         <object_component_ref idref="oc-118"/>
      </symbol>
      <symbol id="sm-625">
         <name>_overflow_flag4</name>
         <value>0xa815</value>
         <object_component_ref idref="oc-118"/>
      </symbol>
      <symbol id="sm-626">
         <name>_overflow_flag6</name>
         <value>0xa817</value>
         <object_component_ref idref="oc-118"/>
      </symbol>
      <symbol id="sm-627">
         <name>_overflow_flag1</name>
         <value>0xa812</value>
         <object_component_ref idref="oc-118"/>
      </symbol>
      <symbol id="sm-628">
         <name>_overflow_flag3</name>
         <value>0xa814</value>
         <object_component_ref idref="oc-118"/>
      </symbol>
      <symbol id="sm-629">
         <name>_overflow_flag2</name>
         <value>0xa813</value>
         <object_component_ref idref="oc-118"/>
      </symbol>
      <symbol id="sm-62a">
         <name>_Electheta_last</name>
         <value>0xa838</value>
         <object_component_ref idref="oc-118"/>
      </symbol>
      <symbol id="sm-62b">
         <name>_DIR_last</name>
         <value>0xa819</value>
         <object_component_ref idref="oc-118"/>
      </symbol>
      <symbol id="sm-62c">
         <name>_ramper_speed</name>
         <value>0x8205a</value>
         <object_component_ref idref="oc-15d"/>
      </symbol>
      <symbol id="sm-65c">
         <name>_CanTestSend</name>
         <value>0x83463</value>
         <object_component_ref idref="oc-15b"/>
      </symbol>
      <symbol id="sm-65e">
         <name>_ReceiveCanControl</name>
         <value>0x83232</value>
         <object_component_ref idref="oc-15b"/>
      </symbol>
      <symbol id="sm-660">
         <name>_canBitClk</name>
         <value>0xaad0</value>
         <object_component_ref idref="oc-120"/>
      </symbol>
      <symbol id="sm-661">
         <name>_InvInitCanInterrupts</name>
         <value>0x833dd</value>
         <object_component_ref idref="oc-15b"/>
      </symbol>
      <symbol id="sm-663">
         <name>_can_debug_var</name>
         <value>0xaac6</value>
         <object_component_ref idref="oc-120"/>
      </symbol>
      <symbol id="sm-664">
         <name>_can_it_status</name>
         <value>0xaac1</value>
         <object_component_ref idref="oc-120"/>
      </symbol>
      <symbol id="sm-665">
         <name>_SendCanStatus</name>
         <value>0x832f2</value>
         <object_component_ref idref="oc-15b"/>
      </symbol>
      <symbol id="sm-667">
         <name>_canISR</name>
         <value>0x83d53</value>
         <object_component_ref idref="oc-121"/>
      </symbol>
      <symbol id="sm-669">
         <name>_SendCanTemperature</name>
         <value>0x83267</value>
         <object_component_ref idref="oc-15b"/>
      </symbol>
      <symbol id="sm-66b">
         <name>_can_new_data</name>
         <value>0xaac4</value>
         <object_component_ref idref="oc-120"/>
      </symbol>
      <symbol id="sm-66c">
         <name>_InvInitCan</name>
         <value>0x83424</value>
         <object_component_ref idref="oc-15b"/>
      </symbol>
      <symbol id="sm-66e">
         <name>_CanTestReceive</name>
         <value>0x83486</value>
         <object_component_ref idref="oc-15b"/>
      </symbol>
      <symbol id="sm-670">
         <name>_SendCanState</name>
         <value>0x83351</value>
         <object_component_ref idref="oc-15b"/>
      </symbol>
      <symbol id="sm-672">
         <name>_SendCanHeartbeat</name>
         <value>0x833a1</value>
         <object_component_ref idref="oc-15b"/>
      </symbol>
      <symbol id="sm-680">
         <name>_PWM_1ch_UpDwnCnt_CNF</name>
         <value>0x834f4</value>
         <object_component_ref idref="oc-16e"/>
      </symbol>
      <symbol id="sm-682">
         <name>_InitMotor1HALL2Gpio</name>
         <value>0x835ca</value>
         <object_component_ref idref="oc-16e"/>
      </symbol>
      <symbol id="sm-684">
         <name>_ConfigureADC</name>
         <value>0x8367d</value>
         <object_component_ref idref="oc-16e"/>
      </symbol>
      <symbol id="sm-686">
         <name>_InitMotor1EPwmGpio</name>
         <value>0x83608</value>
         <object_component_ref idref="oc-16e"/>
      </symbol>
      <symbol id="sm-688">
         <name>_InitMotor1_AFMDRV_Gpio</name>
         <value>0x83597</value>
         <object_component_ref idref="oc-16e"/>
      </symbol>
      <symbol id="sm-68a">
         <name>_InitSysCtrl1</name>
         <value>0x8353c</value>
         <object_component_ref idref="oc-16e"/>
      </symbol>
      <symbol id="sm-68c">
         <name>_InitMotor1EPwmDACGpio</name>
         <value>0x83645</value>
         <object_component_ref idref="oc-16e"/>
      </symbol>
      <symbol id="sm-68e">
         <name>_InitSpiRegs_DRV830x</name>
         <value>0x8357e</value>
         <object_component_ref idref="oc-16e"/>
      </symbol>
      <symbol id="sm-690">
         <name>_InitGateGpio</name>
         <value>0x8366e</value>
         <object_component_ref idref="oc-16e"/>
      </symbol>
      <symbol id="sm-692">
         <name>_InitMotor1HALL1Gpio</name>
         <value>0x835e9</value>
         <object_component_ref idref="oc-16e"/>
      </symbol>
      <symbol id="sm-694">
         <name>_PWM_1ch_UpDwnCnt_CNF_noDB</name>
         <value>0x834ba</value>
         <object_component_ref idref="oc-16e"/>
      </symbol>
      <symbol id="sm-6f4">
         <name>_CANGlobalIntEnable</name>
         <value>0x82e59</value>
         <object_component_ref idref="oc-15a"/>
      </symbol>
      <symbol id="sm-6f6">
         <name>_CANIntRegister</name>
         <value>0x82dc4</value>
         <object_component_ref idref="oc-15a"/>
      </symbol>
      <symbol id="sm-6f8">
         <name>_CANStatusGet</name>
         <value>0x82b8e</value>
         <object_component_ref idref="oc-15a"/>
      </symbol>
      <symbol id="sm-6fa">
         <name>_CANGlobalIntClear</name>
         <value>0x82e65</value>
         <object_component_ref idref="oc-15a"/>
      </symbol>
      <symbol id="sm-6fc">
         <name>_CANMessageGet</name>
         <value>0x82c9f</value>
         <object_component_ref idref="oc-15a"/>
      </symbol>
      <symbol id="sm-6fe">
         <name>_CANGlobalIntDisable</name>
         <value>0x82e5e</value>
         <object_component_ref idref="oc-15a"/>
      </symbol>
      <symbol id="sm-700">
         <name>_CANGlobalIntstatusGet</name>
         <value>0x82e50</value>
         <object_component_ref idref="oc-15a"/>
      </symbol>
      <symbol id="sm-702">
         <name>_CANIntStatus</name>
         <value>0x82db7</value>
         <object_component_ref idref="oc-15a"/>
      </symbol>
      <symbol id="sm-704">
         <name>_CANInit</name>
         <value>0x82df9</value>
         <object_component_ref idref="oc-15a"/>
      </symbol>
      <symbol id="sm-706">
         <name>_CANErrCntrGet</name>
         <value>0x82e6c</value>
         <object_component_ref idref="oc-15a"/>
      </symbol>
      <symbol id="sm-708">
         <name>_CANEnable</name>
         <value>0x82e7a</value>
         <object_component_ref idref="oc-15a"/>
      </symbol>
      <symbol id="sm-70a">
         <name>_CANClkSourceSelect</name>
         <value>0x82e82</value>
         <object_component_ref idref="oc-15a"/>
      </symbol>
      <symbol id="sm-70c">
         <name>_CANRetrySet</name>
         <value>0x82ba3</value>
         <object_component_ref idref="oc-15a"/>
      </symbol>
      <symbol id="sm-70e">
         <name>_CANIntClear</name>
         <value>0x82de0</value>
         <object_component_ref idref="oc-15a"/>
      </symbol>
      <symbol id="sm-710">
         <name>_CANMessageSet</name>
         <value>0x82bb4</value>
         <object_component_ref idref="oc-15a"/>
      </symbol>
      <symbol id="sm-712">
         <name>_CANBitTimingGet</name>
         <value>0x82ed4</value>
         <object_component_ref idref="oc-15a"/>
      </symbol>
      <symbol id="sm-714">
         <name>_CANIntEnable</name>
         <value>0x82dd2</value>
         <object_component_ref idref="oc-15a"/>
      </symbol>
      <symbol id="sm-716">
         <name>_CANIntUnregister</name>
         <value>0x82dac</value>
         <object_component_ref idref="oc-15a"/>
      </symbol>
      <symbol id="sm-718">
         <name>_CANIntDisable</name>
         <value>0x82dd7</value>
         <object_component_ref idref="oc-15a"/>
      </symbol>
      <symbol id="sm-71a">
         <name>_CANBitRateSet</name>
         <value>0x82ef2</value>
         <object_component_ref idref="oc-15a"/>
      </symbol>
      <symbol id="sm-71c">
         <name>_CANDisable</name>
         <value>0x82e7e</value>
         <object_component_ref idref="oc-15a"/>
      </symbol>
      <symbol id="sm-71e">
         <name>_CANRetryGet</name>
         <value>0x82bae</value>
         <object_component_ref idref="oc-15a"/>
      </symbol>
      <symbol id="sm-720">
         <name>_CANBitTimingSet</name>
         <value>0x82ea5</value>
         <object_component_ref idref="oc-15a"/>
      </symbol>
      <symbol id="sm-722">
         <name>_CANMessageClear</name>
         <value>0x82d6e</value>
         <object_component_ref idref="oc-15a"/>
      </symbol>
      <symbol id="sm-74f">
         <name>_IntIFRClear</name>
         <value>0x838d1</value>
         <object_component_ref idref="oc-161"/>
      </symbol>
      <symbol id="sm-751">
         <name>_IntRegister</name>
         <value>0x838b3</value>
         <object_component_ref idref="oc-161"/>
      </symbol>
      <symbol id="sm-753">
         <name>_IntUnregister</name>
         <value>0x8389d</value>
         <object_component_ref idref="oc-161"/>
      </symbol>
      <symbol id="sm-755">
         <name>_IntMasterDisable</name>
         <value>0x838cc</value>
         <object_component_ref idref="oc-161"/>
      </symbol>
      <symbol id="sm-757">
         <name>_IntDefaultHandler</name>
         <value>0x83ea7</value>
         <object_component_ref idref="oc-131"/>
      </symbol>
      <symbol id="sm-759">
         <name>_IntEnable</name>
         <value>0x83945</value>
         <object_component_ref idref="oc-161"/>
      </symbol>
      <symbol id="sm-75b">
         <name>_IntMasterEnable</name>
         <value>0x838c7</value>
         <object_component_ref idref="oc-161"/>
      </symbol>
      <symbol id="sm-75d">
         <name>_IntDisable</name>
         <value>0x8399e</value>
         <object_component_ref idref="oc-161"/>
      </symbol>
      <symbol id="sm-779">
         <name>_c_int00</name>
         <value>0x83cfd</value>
         <object_component_ref idref="oc-7a"/>
      </symbol>
      <symbol id="sm-77a">
         <name>__stack</name>
         <value>0x400</value>
         <object_component_ref idref="oc-136"/>
      </symbol>
      <symbol id="sm-78b">
         <name>FS$$DIV</name>
         <value>0x83c75</value>
         <object_component_ref idref="oc-13c"/>
      </symbol>
      <symbol id="sm-798">
         <name>__system_post_cinit</name>
         <value>0x83ec1</value>
         <object_component_ref idref="oc-154"/>
      </symbol>
      <symbol id="sm-7ad">
         <name>C$$EXIT</name>
         <value>0x83ddb</value>
         <object_component_ref idref="oc-156"/>
      </symbol>
      <symbol id="sm-7ae">
         <name>_exit</name>
         <value>0x83ddd</value>
         <object_component_ref idref="oc-156"/>
      </symbol>
      <symbol id="sm-7b0">
         <name>___TI_cleanup_ptr</name>
         <value>0xab02</value>
         <object_component_ref idref="oc-148"/>
      </symbol>
      <symbol id="sm-7b1">
         <name>___TI_enable_exit_profile_output</name>
         <value>0xab00</value>
         <object_component_ref idref="oc-148"/>
      </symbol>
      <symbol id="sm-7b2">
         <name>_abort</name>
         <value>0x83ddb</value>
         <object_component_ref idref="oc-156"/>
      </symbol>
      <symbol id="sm-7b4">
         <name>___TI_dtors_ptr</name>
         <value>0xab04</value>
         <object_component_ref idref="oc-148"/>
      </symbol>
      <symbol id="sm-7c3">
         <name>__args_main</name>
         <value>0x83e84</value>
         <object_component_ref idref="oc-155"/>
      </symbol>
   </symbol_table>
   <title>Link successful</title>
</link_info>
