******************************************************************************
             TMS320C2000 Linker PC v22.6.1                     
******************************************************************************
>> Linked Fri Mar 21 23:34:54 2025

OUTPUT FILE NAME:   <NMS1_20240826-13L.out>
ENTRY POINT SYMBOL: "_c_int00"  address: 00083af8


MEMORY CONFIGURATION

         name            origin    length      used     unused   attr    fill
----------------------  --------  ---------  --------  --------  ----  --------
PAGE 0:
  RAMM0                 00000122   000002de  00000000  000002de  RWIX
  RAMLS0                00008000   00000800  00000568  00000298  RWIX
  RAMLS1                00008800   00000800  00000000  00000800  RWIX
  RAMLS2                00009000   00000800  00000000  00000800  RWIX
  RAMLS3                00009800   00000800  00000000  00000800  RWIX
  RAMLS4                0000a000   00000800  00000000  00000800  RWIX
  RAMD0                 0000b000   00000800  00000000  00000800  RWIX
  RAMGS14               0001a000   00001000  00000000  00001000  RWIX
  RAMGS15               0001b000   00001000  00000000  00001000  RWIX
  BEGIN                 00080000   00000002  00000002  00000000  RWIX
  FLASHA                00080002   00001ffe  00000000  00001ffe  RWIX
  FLASHB                00082000   00002000  00001f5c  000000a4  RWIX
  FLASHC                00084000   00002000  00000000  00002000  RWIX
  FLASHD                00086000   00002000  00000568  00001a98  RWIX
  FLASHE                00088000   00008000  00000000  00008000  RWIX
  FLASHF                00090000   00008000  000001c9  00007e37  RWIX
  FLASHG                00098000   00008000  00000000  00008000  RWIX
  FLASHH                000a0000   00008000  00000000  00008000  RWIX
  FLASHI                000a8000   00008000  00000000  00008000  RWIX
  FLASHJ                000b0000   00008000  00000000  00008000  RWIX
  FLASHK                000b8000   00002000  00000000  00002000  RWIX
  FLASHL                000ba000   00002000  00000000  00002000  RWIX
  FLASHM                000bc000   00002000  00000000  00002000  RWIX
  FLASHN                000be000   00002000  00000000  00002000  RWIX
  FLASHO                000c0000   00002000  00000000  00002000  RWIX
  FLASHP                000c2000   00002000  00000000  00002000  RWIX
  FLASHQ                000c4000   00002000  00000000  00002000  RWIX
  FLASHR                000c6000   00002000  00000000  00002000  RWIX
  FLASHS                000c8000   00008000  00000000  00008000  RWIX
  FLASHT                000d0000   00008000  00000000  00008000  RWIX
  FLASHU                000d8000   00008000  00000000  00008000  RWIX
  FLASHV                000e0000   00008000  00000000  00008000  RWIX
  FLASHW                000e8000   00008000  00000000  00008000  RWIX
  FLASHX                000f0000   00008000  00000000  00008000  RWIX
  FLASHY                000f8000   00002000  00000000  00002000  RWIX
  FLASHZ                000fa000   00002000  00000000  00002000  RWIX
  FLASHAA               000fc000   00002000  00000000  00002000  RWIX
  FLASHBB               000fe000   00001ff0  00000000  00001ff0  RWIX
  FLASHBB_DO_NOT_USE    000ffff0   00000010  00000000  00000010  RWIX
  RESET                 003fffc0   00000002  00000000  00000002  RWIX

PAGE 1:
  BOOT_RSVD             00000002   00000120  00000000  00000120  RWIX
  RAMM1                 00000400   00000400  00000200  00000200  RWIX
  ADCA_RESULT           00000b00   00000020  00000018  00000008  RWIX
  ADCB_RESULT           00000b20   00000020  00000018  00000008  RWIX
  ADCC_RESULT           00000b40   00000020  00000018  00000008  RWIX
  ADCD_RESULT           00000b60   00000020  00000018  00000008  RWIX
  CPU_TIMER0            00000c00   00000008  00000008  00000000  RWIX
  CPU_TIMER1            00000c08   00000008  00000008  00000000  RWIX
  CPU_TIMER2            00000c10   00000008  00000008  00000000  RWIX
  PIE_CTRL              00000ce0   00000020  0000001a  00000006  RWIX
  PIE_VECT              00000d00   00000200  000001c0  00000040  RWIX
  DMA                   00001000   00000200  000000e0  00000120  RWIX
  CLA1                  00001400   00000040  0000003e  00000002  RWIX
  EPWM1                 00004000   00000100  00000100  00000000  RWIX
  EPWM2                 00004100   00000100  00000100  00000000  RWIX
  EPWM3                 00004200   00000100  00000100  00000000  RWIX
  EPWM4                 00004300   00000100  00000100  00000000  RWIX
  EPWM5                 00004400   00000100  00000100  00000000  RWIX
  EPWM6                 00004500   00000100  00000100  00000000  RWIX
  EPWM7                 00004600   00000100  00000100  00000000  RWIX
  EPWM8                 00004700   00000100  00000100  00000000  RWIX
  EPWM9                 00004800   00000100  00000100  00000000  RWIX
  EPWM10                00004900   00000100  00000100  00000000  RWIX
  EPWM11                00004a00   00000100  00000100  00000000  RWIX
  EPWM12                00004b00   00000100  00000100  00000000  RWIX
  ECAP1                 00005000   00000020  00000020  00000000  RWIX
  ECAP2                 00005020   00000020  00000020  00000000  RWIX
  ECAP3                 00005040   00000020  00000020  00000000  RWIX
  ECAP4                 00005060   00000020  00000020  00000000  RWIX
  ECAP5                 00005080   00000020  00000020  00000000  RWIX
  ECAP6                 000050a0   00000020  00000020  00000000  RWIX
  EQEP1                 00005100   00000040  00000022  0000001e  RWIX
  EQEP2                 00005140   00000040  00000022  0000001e  RWIX
  EQEP3                 00005180   00000040  00000022  0000001e  RWIX
  DACA                  00005c00   00000010  00000008  00000008  RWIX
  DACB                  00005c10   00000010  00000008  00000008  RWIX
  DACC                  00005c20   00000010  00000008  00000008  RWIX
  CMPSS1                00005c80   00000020  00000020  00000000  RWIX
  CMPSS2                00005ca0   00000020  00000020  00000000  RWIX
  CMPSS3                00005cc0   00000020  00000020  00000000  RWIX
  CMPSS4                00005ce0   00000020  00000020  00000000  RWIX
  CMPSS5                00005d00   00000020  00000020  00000000  RWIX
  CMPSS6                00005d20   00000020  00000020  00000000  RWIX
  CMPSS7                00005d40   00000020  00000020  00000000  RWIX
  CMPSS8                00005d60   00000020  00000020  00000000  RWIX
  SDFM1                 00005e00   00000080  00000080  00000000  RWIX
  SDFM2                 00005e80   00000080  00000080  00000000  RWIX
  MCBSPA                00006000   00000040  00000024  0000001c  RWIX
  MCBSPB                00006040   00000040  00000024  0000001c  RWIX
  SPIA                  00006100   00000010  00000010  00000000  RWIX
  SPIB                  00006110   00000010  00000010  00000000  RWIX
  SPIC                  00006120   00000010  00000010  00000000  RWIX
  SPID                  00006130   00000010  00000000  00000010  RWIX
  UPP                   00006200   00000100  00000048  000000b8  RWIX
  WD                    00007000   00000040  0000002b  00000015  RWIX
  NMIINTRUPT            00007060   00000010  00000007  00000009  RWIX
  XINT                  00007070   00000010  0000000b  00000005  RWIX
  SCIA                  00007200   00000010  00000010  00000000  RWIX
  SCIB                  00007210   00000010  00000010  00000000  RWIX
  SCIC                  00007220   00000010  00000010  00000000  RWIX
  SCID                  00007230   00000010  00000010  00000000  RWIX
  I2CA                  00007300   00000040  00000022  0000001e  RWIX
  I2CB                  00007340   00000040  00000022  0000001e  RWIX
  ADCA                  00007400   00000080  00000080  00000000  RWIX
  ADCB                  00007480   00000080  00000080  00000000  RWIX
  ADCC                  00007500   00000080  00000080  00000000  RWIX
  ADCD                  00007580   00000080  00000080  00000000  RWIX
  INPUT_XBAR            00007900   00000020  00000020  00000000  RWIX
  XBAR                  00007920   00000020  00000020  00000000  RWIX
  SYNC_SOC              00007940   00000010  00000006  0000000a  RWIX
  DMACLASRCSEL          00007980   00000040  0000001a  00000026  RWIX
  EPWM_XBAR             00007a00   00000040  00000040  00000000  RWIX
  CLB_XBAR              00007a40   00000040  00000000  00000040  RWIX
  OUTPUT_XBAR           00007a80   00000040  00000040  00000000  RWIX
  GPIOCTRL              00007c00   00000180  00000180  00000000  RWIX
  GPIODAT               00007f00   00000030  00000030  00000000  RWIX
  RAMLS5                0000a800   00000800  0000027e  00000582  RWIX
  RAMD1                 0000b800   00000800  00000000  00000800  RWIX
  RAMGS0                0000c000   00001000  00000bb8  00000448  RWIX
  RAMGS1                0000d000   00001000  00000bb8  00000448  RWIX
  RAMGS2                0000e000   00001000  00000bb8  00000448  RWIX
  RAMGS3                0000f000   00001000  00000bb8  00000448  RWIX
  RAMGS4                00010000   00001000  00000bb8  00000448  RWIX
  RAMGS5                00011000   00001000  00000bb8  00000448  RWIX
  RAMGS6                00012000   00001000  00000bb8  00000448  RWIX
  RAMGS7                00013000   00001000  00000bb8  00000448  RWIX
  RAMGS8                00014000   00001000  00000000  00001000  RWIX
  RAMGS9                00015000   00001000  00000000  00001000  RWIX
  RAMGS10               00016000   00001000  00000000  00001000  RWIX
  RAMGS11               00017000   00001000  00000000  00001000  RWIX
  RAMGS12               00018000   00001000  00000000  00001000  RWIX
  RAMGS13               00019000   00001000  00000000  00001000  RWIX
  EMIF1                 00047000   00000800  00000070  00000790  RWIX
  EMIF2                 00047800   00000800  00000070  00000790  RWIX
  FLASHPUMPSEMAPHORE    00050024   00000002  00000002  00000000  RWIX
  DEV_CFG               0005d000   00000180  0000012e  00000052  RWIX
  ANALOG_SUBSYS         0005d180   00000080  00000048  00000038  RWIX
  CLK_CFG               0005d200   00000100  00000032  000000ce  RWIX
  CPU_SYS               0005d300   00000100  00000082  0000007e  RWIX
  ROMPREFETCH           0005e608   00000002  00000002  00000000  RWIX
  DCSM_Z1               0005f000   00000030  00000024  0000000c  RWIX
  DCSM_Z2               0005f040   00000030  00000024  0000000c  RWIX
  DCSM_COMMON           0005f070   00000010  00000008  00000008  RWIX
  MEMCFG                0005f400   00000080  00000080  00000000  RWIX
  EMIF1CONFIG           0005f480   00000020  00000020  00000000  RWIX
  EMIF2CONFIG           0005f4a0   00000020  00000020  00000000  RWIX
  ACCESSPROTECTION      0005f4c0   00000040  00000040  00000000  RWIX
  MEMORYERROR           0005f500   00000040  00000040  00000000  RWIX
  ROMWAITSTATE          0005f540   00000002  00000002  00000000  RWIX
  FLASH0_CTRL           0005f800   00000300  00000182  0000017e  RWIX
  FLASH0_ECC            0005fb00   00000040  00000028  00000018  RWIX
  FLASH1_CTRL           0005fc00   00000300  00000182  0000017e  RWIX
  FLASH1_ECC            0005ff00   00000040  00000028  00000018  RWIX
  DCSM_Z1_OTP           00078000   00000020  00000020  00000000  RWIX
  DCSM_Z2_OTP           00078200   00000020  00000020  00000000  RWIX


SECTION ALLOCATION MAP

 output                                  attributes/
section   page    origin      length       input sections
--------  ----  ----------  ----------   ----------------
.cinit     0    00083cbc    000002a1     
                  00083cbc    00000240     MonoMtrServo.obj (.cinit)
                  00083efc    00000015     can_inv.obj (.cinit)
                  00083f11    0000000e     rts2800_fpu32.lib : exit.c.obj (.cinit)
                  00083f1f    0000000c     F2837xS_Dac_setting.obj (.cinit)
                  00083f2b    0000000b     F2837xS_Dac_setting.obj (.cinit:_DAC_PTR)
                  00083f36    0000000b     MonoMtrServo.obj (.cinit:_posArray)
                  00083f41    00000008     inverter_state.obj (.cinit)
                  00083f49    00000005     rts2800_fpu32.lib : _lock.c.obj (.cinit:__lock)
                  00083f4e    00000005                       : _lock.c.obj (.cinit:__unlock)
                  00083f53    00000004     can_inv.obj (.cinit:_rxData)
                  00083f57    00000004     can_inv.obj (.cinit:_txData)
                  00083f5b    00000002     --HOLE-- [fill = 0]

.pinit     0    00082000    00000000     UNINITIALIZED

codestart 
*          0    00080000    00000002     
                  00080000    00000002     F2837xS_CodeStartBranch.obj (codestart)

ramfuncs   0    00086000    00000568     RUN ADDR = 00008000
                  00086000    0000050c     MonoMtrServo.obj (ramfuncs:retain)
                  0008650c    00000058     F2837xS_SysCtrl.obj (ramfuncs)
                  00086564    00000004     F2837xS_usDelay.obj (ramfuncs)

.stack     1    00000400    00000200     UNINITIALIZED
                  00000400    00000200     --HOLE--

.reset     0    003fffc0    00000002     DSECT
                  003fffc0    00000002     rts2800_fpu32.lib : boot28.asm.obj (.reset)

.econst    0    00090000    000001c9     
                  00090000    000001c0     F2837xS_PieVect.obj (.econst:_PieVectTableInit)
                  000901c0    00000009     can.obj (.econst:_g_ui16CANBitValues)

AdcaResultFile 
*          1    00000b00    00000018     UNINITIALIZED
                  00000b00    00000018     F2837xS_GlobalVariableDefs.obj (AdcaResultFile)

AdcbResultFile 
*          1    00000b20    00000018     UNINITIALIZED
                  00000b20    00000018     F2837xS_GlobalVariableDefs.obj (AdcbResultFile)

AdccResultFile 
*          1    00000b40    00000018     UNINITIALIZED
                  00000b40    00000018     F2837xS_GlobalVariableDefs.obj (AdccResultFile)

AdcdResultFile 
*          1    00000b60    00000018     UNINITIALIZED
                  00000b60    00000018     F2837xS_GlobalVariableDefs.obj (AdcdResultFile)

CpuTimer0RegsFile 
*          1    00000c00    00000008     UNINITIALIZED
                  00000c00    00000008     F2837xS_GlobalVariableDefs.obj (CpuTimer0RegsFile)

CpuTimer1RegsFile 
*          1    00000c08    00000008     UNINITIALIZED
                  00000c08    00000008     F2837xS_GlobalVariableDefs.obj (CpuTimer1RegsFile)

CpuTimer2RegsFile 
*          1    00000c10    00000008     UNINITIALIZED
                  00000c10    00000008     F2837xS_GlobalVariableDefs.obj (CpuTimer2RegsFile)

PieCtrlRegsFile 
*          1    00000ce0    0000001a     UNINITIALIZED
                  00000ce0    0000001a     F2837xS_GlobalVariableDefs.obj (PieCtrlRegsFile)

DmaRegsFile 
*          1    00001000    000000e0     UNINITIALIZED
                  00001000    000000e0     F2837xS_GlobalVariableDefs.obj (DmaRegsFile)

Cla1RegsFile 
*          1    00001400    0000003e     UNINITIALIZED
                  00001400    0000003e     F2837xS_GlobalVariableDefs.obj (Cla1RegsFile)

EPwm1RegsFile 
*          1    00004000    00000100     UNINITIALIZED
                  00004000    00000100     F2837xS_GlobalVariableDefs.obj (EPwm1RegsFile)

EPwm2RegsFile 
*          1    00004100    00000100     UNINITIALIZED
                  00004100    00000100     F2837xS_GlobalVariableDefs.obj (EPwm2RegsFile)

EPwm3RegsFile 
*          1    00004200    00000100     UNINITIALIZED
                  00004200    00000100     F2837xS_GlobalVariableDefs.obj (EPwm3RegsFile)

EPwm4RegsFile 
*          1    00004300    00000100     UNINITIALIZED
                  00004300    00000100     F2837xS_GlobalVariableDefs.obj (EPwm4RegsFile)

EPwm5RegsFile 
*          1    00004400    00000100     UNINITIALIZED
                  00004400    00000100     F2837xS_GlobalVariableDefs.obj (EPwm5RegsFile)

EPwm6RegsFile 
*          1    00004500    00000100     UNINITIALIZED
                  00004500    00000100     F2837xS_GlobalVariableDefs.obj (EPwm6RegsFile)

EPwm7RegsFile 
*          1    00004600    00000100     UNINITIALIZED
                  00004600    00000100     F2837xS_GlobalVariableDefs.obj (EPwm7RegsFile)

EPwm8RegsFile 
*          1    00004700    00000100     UNINITIALIZED
                  00004700    00000100     F2837xS_GlobalVariableDefs.obj (EPwm8RegsFile)

EPwm9RegsFile 
*          1    00004800    00000100     UNINITIALIZED
                  00004800    00000100     F2837xS_GlobalVariableDefs.obj (EPwm9RegsFile)

EPwm10RegsFile 
*          1    00004900    00000100     UNINITIALIZED
                  00004900    00000100     F2837xS_GlobalVariableDefs.obj (EPwm10RegsFile)

EPwm11RegsFile 
*          1    00004a00    00000100     UNINITIALIZED
                  00004a00    00000100     F2837xS_GlobalVariableDefs.obj (EPwm11RegsFile)

EPwm12RegsFile 
*          1    00004b00    00000100     UNINITIALIZED
                  00004b00    00000100     F2837xS_GlobalVariableDefs.obj (EPwm12RegsFile)

ECap1RegsFile 
*          1    00005000    00000020     UNINITIALIZED
                  00005000    00000020     F2837xS_GlobalVariableDefs.obj (ECap1RegsFile)

ECap2RegsFile 
*          1    00005020    00000020     UNINITIALIZED
                  00005020    00000020     F2837xS_GlobalVariableDefs.obj (ECap2RegsFile)

ECap3RegsFile 
*          1    00005040    00000020     UNINITIALIZED
                  00005040    00000020     F2837xS_GlobalVariableDefs.obj (ECap3RegsFile)

ECap4RegsFile 
*          1    00005060    00000020     UNINITIALIZED
                  00005060    00000020     F2837xS_GlobalVariableDefs.obj (ECap4RegsFile)

ECap5RegsFile 
*          1    00005080    00000020     UNINITIALIZED
                  00005080    00000020     F2837xS_GlobalVariableDefs.obj (ECap5RegsFile)

ECap6RegsFile 
*          1    000050a0    00000020     UNINITIALIZED
                  000050a0    00000020     F2837xS_GlobalVariableDefs.obj (ECap6RegsFile)

EQep1RegsFile 
*          1    00005100    00000022     UNINITIALIZED
                  00005100    00000022     F2837xS_GlobalVariableDefs.obj (EQep1RegsFile)

EQep2RegsFile 
*          1    00005140    00000022     UNINITIALIZED
                  00005140    00000022     F2837xS_GlobalVariableDefs.obj (EQep2RegsFile)

EQep3RegsFile 
*          1    00005180    00000022     UNINITIALIZED
                  00005180    00000022     F2837xS_GlobalVariableDefs.obj (EQep3RegsFile)

DacaRegsFile 
*          1    00005c00    00000008     UNINITIALIZED
                  00005c00    00000008     F2837xS_GlobalVariableDefs.obj (DacaRegsFile)

DacbRegsFile 
*          1    00005c10    00000008     UNINITIALIZED
                  00005c10    00000008     F2837xS_GlobalVariableDefs.obj (DacbRegsFile)

DaccRegsFile 
*          1    00005c20    00000008     UNINITIALIZED
                  00005c20    00000008     F2837xS_GlobalVariableDefs.obj (DaccRegsFile)

Sdfm1RegsFile 
*          1    00005e00    00000080     UNINITIALIZED
                  00005e00    00000080     F2837xS_GlobalVariableDefs.obj (Sdfm1RegsFile)

Sdfm2RegsFile 
*          1    00005e80    00000080     UNINITIALIZED
                  00005e80    00000080     F2837xS_GlobalVariableDefs.obj (Sdfm2RegsFile)

McbspaRegsFile 
*          1    00006000    00000024     UNINITIALIZED
                  00006000    00000024     F2837xS_GlobalVariableDefs.obj (McbspaRegsFile)

McbspbRegsFile 
*          1    00006040    00000024     UNINITIALIZED
                  00006040    00000024     F2837xS_GlobalVariableDefs.obj (McbspbRegsFile)

SpiaRegsFile 
*          1    00006100    00000010     UNINITIALIZED
                  00006100    00000010     F2837xS_GlobalVariableDefs.obj (SpiaRegsFile)

SpibRegsFile 
*          1    00006110    00000010     UNINITIALIZED
                  00006110    00000010     F2837xS_GlobalVariableDefs.obj (SpibRegsFile)

SpicRegsFile 
*          1    00006120    00000010     UNINITIALIZED
                  00006120    00000010     F2837xS_GlobalVariableDefs.obj (SpicRegsFile)

UppRegsFile 
*          1    00006200    00000048     UNINITIALIZED
                  00006200    00000048     F2837xS_GlobalVariableDefs.obj (UppRegsFile)

WdRegsFile 
*          1    00007000    0000002b     UNINITIALIZED
                  00007000    0000002b     F2837xS_GlobalVariableDefs.obj (WdRegsFile)

NmiIntruptRegsFile 
*          1    00007060    00000007     UNINITIALIZED
                  00007060    00000007     F2837xS_GlobalVariableDefs.obj (NmiIntruptRegsFile)

XintRegsFile 
*          1    00007070    0000000b     UNINITIALIZED
                  00007070    0000000b     F2837xS_GlobalVariableDefs.obj (XintRegsFile)

SciaRegsFile 
*          1    00007200    00000010     UNINITIALIZED
                  00007200    00000010     F2837xS_GlobalVariableDefs.obj (SciaRegsFile)

ScibRegsFile 
*          1    00007210    00000010     UNINITIALIZED
                  00007210    00000010     F2837xS_GlobalVariableDefs.obj (ScibRegsFile)

ScicRegsFile 
*          1    00007220    00000010     UNINITIALIZED
                  00007220    00000010     F2837xS_GlobalVariableDefs.obj (ScicRegsFile)

ScidRegsFile 
*          1    00007230    00000010     UNINITIALIZED
                  00007230    00000010     F2837xS_GlobalVariableDefs.obj (ScidRegsFile)

I2caRegsFile 
*          1    00007300    00000022     UNINITIALIZED
                  00007300    00000022     F2837xS_GlobalVariableDefs.obj (I2caRegsFile)

I2cbRegsFile 
*          1    00007340    00000022     UNINITIALIZED
                  00007340    00000022     F2837xS_GlobalVariableDefs.obj (I2cbRegsFile)

InputXbarRegsFile 
*          1    00007900    00000020     UNINITIALIZED
                  00007900    00000020     F2837xS_GlobalVariableDefs.obj (InputXbarRegsFile)

XbarRegsFile 
*          1    00007920    00000020     UNINITIALIZED
                  00007920    00000020     F2837xS_GlobalVariableDefs.obj (XbarRegsFile)

SyncSocRegsFile 
*          1    00007940    00000006     UNINITIALIZED
                  00007940    00000006     F2837xS_GlobalVariableDefs.obj (SyncSocRegsFile)

DmaClaSrcSelRegsFile 
*          1    00007980    0000001a     UNINITIALIZED
                  00007980    0000001a     F2837xS_GlobalVariableDefs.obj (DmaClaSrcSelRegsFile)

EPwmXbarRegsFile 
*          1    00007a00    00000040     UNINITIALIZED
                  00007a00    00000040     F2837xS_GlobalVariableDefs.obj (EPwmXbarRegsFile)

OutputXbarRegsFile 
*          1    00007a80    00000040     UNINITIALIZED
                  00007a80    00000040     F2837xS_GlobalVariableDefs.obj (OutputXbarRegsFile)

GpioCtrlRegsFile 
*          1    00007c00    00000180     UNINITIALIZED
                  00007c00    00000180     F2837xS_GlobalVariableDefs.obj (GpioCtrlRegsFile)

GpioDataRegsFile 
*          1    00007f00    00000030     UNINITIALIZED
                  00007f00    00000030     F2837xS_GlobalVariableDefs.obj (GpioDataRegsFile)

ramgs0     1    0000c000    00000bb8     UNINITIALIZED
                  0000c000    00000bb8     MonoMtrServo.obj (ramgs0)

ramgs1     1    0000d000    00000bb8     UNINITIALIZED
                  0000d000    00000bb8     MonoMtrServo.obj (ramgs1)

ramgs2     1    0000e000    00000bb8     UNINITIALIZED
                  0000e000    00000bb8     MonoMtrServo.obj (ramgs2)

ramgs3     1    0000f000    00000bb8     UNINITIALIZED
                  0000f000    00000bb8     MonoMtrServo.obj (ramgs3)

ramgs4     1    00010000    00000bb8     UNINITIALIZED
                  00010000    00000bb8     MonoMtrServo.obj (ramgs4)

ramgs5     1    00011000    00000bb8     UNINITIALIZED
                  00011000    00000bb8     MonoMtrServo.obj (ramgs5)

ramgs6     1    00012000    00000bb8     UNINITIALIZED
                  00012000    00000bb8     MonoMtrServo.obj (ramgs6)

ramgs7     1    00013000    00000bb8     UNINITIALIZED
                  00013000    00000bb8     MonoMtrServo.obj (ramgs7)

.TI.memcrc 
*          0    00000000    000000ba     COPY SECTION
                  00000000    000000ba     (.TI.memcrc:_ccs_flash_checksum)

PieVectTableFile 
*          1    00000d00    000001c0     UNINITIALIZED
                  00000d00    000001c0     F2837xS_GlobalVariableDefs.obj (PieVectTableFile)

EmuKeyVar 
*          1    00000d00    00000001     UNINITIALIZED
                  00000d00    00000001     F2837xS_GlobalVariableDefs.obj (EmuKeyVar)

EmuBModeVar 
*          1    00000d01    00000001     UNINITIALIZED
                  00000d01    00000001     F2837xS_GlobalVariableDefs.obj (EmuBModeVar)

FlashCallbackVar 
*          1    00000d02    00000000     UNINITIALIZED

FlashScalingVar 
*          1    00000d02    00000000     UNINITIALIZED

AdcaRegsFile 
*          1    00007400    00000080     UNINITIALIZED
                  00007400    00000080     F2837xS_GlobalVariableDefs.obj (AdcaRegsFile)

AdcbRegsFile 
*          1    00007480    00000080     UNINITIALIZED
                  00007480    00000080     F2837xS_GlobalVariableDefs.obj (AdcbRegsFile)

AdccRegsFile 
*          1    00007500    00000080     UNINITIALIZED
                  00007500    00000080     F2837xS_GlobalVariableDefs.obj (AdccRegsFile)

AdcdRegsFile 
*          1    00007580    00000080     UNINITIALIZED
                  00007580    00000080     F2837xS_GlobalVariableDefs.obj (AdcdRegsFile)

AnalogSubsysRegsFile 
*          1    0005d180    00000048     UNINITIALIZED
                  0005d180    00000048     F2837xS_GlobalVariableDefs.obj (AnalogSubsysRegsFile)

Cla1SoftIntRegsFile 
*          1    00000ce0    00000004     DSECT
                  00000ce0    00000004     F2837xS_GlobalVariableDefs.obj (Cla1SoftIntRegsFile)

Cmpss1RegsFile 
*          1    00005c80    00000020     UNINITIALIZED
                  00005c80    00000020     F2837xS_GlobalVariableDefs.obj (Cmpss1RegsFile)

Cmpss2RegsFile 
*          1    00005ca0    00000020     UNINITIALIZED
                  00005ca0    00000020     F2837xS_GlobalVariableDefs.obj (Cmpss2RegsFile)

Cmpss3RegsFile 
*          1    00005cc0    00000020     UNINITIALIZED
                  00005cc0    00000020     F2837xS_GlobalVariableDefs.obj (Cmpss3RegsFile)

Cmpss4RegsFile 
*          1    00005ce0    00000020     UNINITIALIZED
                  00005ce0    00000020     F2837xS_GlobalVariableDefs.obj (Cmpss4RegsFile)

Cmpss5RegsFile 
*          1    00005d00    00000020     UNINITIALIZED
                  00005d00    00000020     F2837xS_GlobalVariableDefs.obj (Cmpss5RegsFile)

Cmpss6RegsFile 
*          1    00005d20    00000020     UNINITIALIZED
                  00005d20    00000020     F2837xS_GlobalVariableDefs.obj (Cmpss6RegsFile)

Cmpss7RegsFile 
*          1    00005d40    00000020     UNINITIALIZED
                  00005d40    00000020     F2837xS_GlobalVariableDefs.obj (Cmpss7RegsFile)

Cmpss8RegsFile 
*          1    00005d60    00000020     UNINITIALIZED
                  00005d60    00000020     F2837xS_GlobalVariableDefs.obj (Cmpss8RegsFile)

Emif1RegsFile 
*          1    00047000    00000070     UNINITIALIZED
                  00047000    00000070     F2837xS_GlobalVariableDefs.obj (Emif1RegsFile)

Emif2RegsFile 
*          1    00047800    00000070     UNINITIALIZED
                  00047800    00000070     F2837xS_GlobalVariableDefs.obj (Emif2RegsFile)

FlashPumpSemaphoreRegsFile 
*          1    00050024    00000002     UNINITIALIZED
                  00050024    00000002     F2837xS_GlobalVariableDefs.obj (FlashPumpSemaphoreRegsFile)

RomPrefetchRegsFile 
*          1    0005e608    00000002     UNINITIALIZED
                  0005e608    00000002     F2837xS_GlobalVariableDefs.obj (RomPrefetchRegsFile)

DcsmZ1RegsFile 
*          1    0005f000    00000024     UNINITIALIZED
                  0005f000    00000024     F2837xS_GlobalVariableDefs.obj (DcsmZ1RegsFile)

DcsmZ2RegsFile 
*          1    0005f040    00000024     UNINITIALIZED
                  0005f040    00000024     F2837xS_GlobalVariableDefs.obj (DcsmZ2RegsFile)

DcsmCommonRegsFile 
*          1    0005f070    00000008     UNINITIALIZED
                  0005f070    00000008     F2837xS_GlobalVariableDefs.obj (DcsmCommonRegsFile)

MemCfgRegsFile 
*          1    0005f400    00000080     UNINITIALIZED
                  0005f400    00000080     F2837xS_GlobalVariableDefs.obj (MemCfgRegsFile)

Emif1ConfigRegsFile 
*          1    0005f480    00000020     UNINITIALIZED
                  0005f480    00000020     F2837xS_GlobalVariableDefs.obj (Emif1ConfigRegsFile)

Emif2ConfigRegsFile 
*          1    0005f4a0    00000020     UNINITIALIZED
                  0005f4a0    00000020     F2837xS_GlobalVariableDefs.obj (Emif2ConfigRegsFile)

AccessProtectionRegsFile 
*          1    0005f4c0    00000040     UNINITIALIZED
                  0005f4c0    00000040     F2837xS_GlobalVariableDefs.obj (AccessProtectionRegsFile)

MemoryErrorRegsFile 
*          1    0005f500    00000040     UNINITIALIZED
                  0005f500    00000040     F2837xS_GlobalVariableDefs.obj (MemoryErrorRegsFile)

RomWaitStateRegsFile 
*          1    0005f540    00000002     UNINITIALIZED
                  0005f540    00000002     F2837xS_GlobalVariableDefs.obj (RomWaitStateRegsFile)

Flash0CtrlRegsFile 
*          1    0005f800    00000182     UNINITIALIZED
                  0005f800    00000182     F2837xS_GlobalVariableDefs.obj (Flash0CtrlRegsFile)

Flash0EccRegsFile 
*          1    0005fb00    00000028     UNINITIALIZED
                  0005fb00    00000028     F2837xS_GlobalVariableDefs.obj (Flash0EccRegsFile)

Flash1CtrlRegsFile 
*          1    0005fc00    00000182     UNINITIALIZED
                  0005fc00    00000182     F2837xS_GlobalVariableDefs.obj (Flash1CtrlRegsFile)

Flash1EccRegsFile 
*          1    0005ff00    00000028     UNINITIALIZED
                  0005ff00    00000028     F2837xS_GlobalVariableDefs.obj (Flash1EccRegsFile)

DcsmZ1OtpFile 
*          1    00078000    00000020     NOLOAD SECTION
                  00078000    00000020     F2837xS_GlobalVariableDefs.obj (DcsmZ1OtpFile)

DcsmZ2OtpFile 
*          1    00078200    00000020     NOLOAD SECTION
                  00078200    00000020     F2837xS_GlobalVariableDefs.obj (DcsmZ2OtpFile)

DevCfgRegsFile 
*          1    0005d000    0000012e     UNINITIALIZED
                  0005d000    0000012e     F2837xS_GlobalVariableDefs.obj (DevCfgRegsFile)

ClkCfgRegsFile 
*          1    0005d200    00000032     UNINITIALIZED
                  0005d200    00000032     F2837xS_GlobalVariableDefs.obj (ClkCfgRegsFile)

CpuSysRegsFile 
*          1    0005d300    00000082     UNINITIALIZED
                  0005d300    00000082     F2837xS_GlobalVariableDefs.obj (CpuSysRegsFile)

.text      0    00082000    00001cbb     
                  00082000    00000589     MonoMtrServo.obj (.text)
                  00082589    00000588     F2837xS_DefaultISR.obj (.text:retain)
                  00082b11    000003d0     can.obj (.text)
                  00082ee1    000002ea     can_inv.obj (.text)
                  000831cb    000002e5     F2837xS_SysCtrl.obj (.text)
                  000834b0    000001db     config.obj (.text)
                  0008368b    000001ca     F2837xS_Gpio.obj (.text)
                  00083855    0000015a     interrupt.obj (.text)
                  000839af    000000e5     F2837xS_Adc.obj (.text)
                  00083a94    00000064     inverter_state.obj (.text)
                  00083af8    00000056     rts2800_fpu32.lib : boot28.asm.obj (.text)
                  00083b4e    0000004e     systick.obj (.text)
                  00083b9c    00000047     can_inv.obj (.text:retain)
                  00083be3    00000029     rts2800_fpu32.lib : exit.c.obj (.text)
                  00083c0c    00000028     F2837xS_PieCtrl.obj (.text)
                  00083c34    00000024     rts2800_fpu32.lib : cpy_tbl.c.obj (.text)
                  00083c58    0000001d                       : memcpy.c.obj (.text)
                  00083c75    00000012                       : args_main.c.obj (.text)
                  00083c87    00000011     F2837xS_PieVect.obj (.text)
                  00083c98    0000000f     interrupt.obj (.text:retain)
                  00083ca7    00000009     rts2800_fpu32.lib : _lock.c.obj (.text)
                  00083cb0    00000008     F2837xS_CodeStartBranch.obj (.text)
                  00083cb8    00000002     rts2800_fpu32.lib : pre_init.c.obj (.text)
                  00083cba    00000001                       : startup.c.obj (.text)

.ebss      1    0000a800    0000027e     UNINITIALIZED
                  0000a800    00000210     MonoMtrServo.obj (.ebss)
                  0000aa10    0000002a     can_inv.obj (.ebss)
                  0000aa3a    00000006     rts2800_fpu32.lib : exit.c.obj (.ebss)
                  0000aa40    00000010     MonoMtrServo.obj (.ebss:_posArray)
                  0000aa50    00000008     F2837xS_Dac_setting.obj (.ebss:_DAC_PTR)
                  0000aa58    00000008     can_inv.obj (.ebss:_rxData)
                  0000aa60    00000008     can_inv.obj (.ebss:_txData)
                  0000aa68    00000004     MonoMtrServo.obj (.ebss:_VTimer0)
                  0000aa6c    00000004     MonoMtrServo.obj (.ebss:_VTimer1)
                  0000aa70    00000004     MonoMtrServo.obj (.ebss:_VTimer2)
                  0000aa74    00000003     F2837xS_Dac_setting.obj (.ebss)
                  0000aa77    00000001     --HOLE--
                  0000aa78    00000002     rts2800_fpu32.lib : _lock.c.obj (.ebss:__lock)
                  0000aa7a    00000002                       : _lock.c.obj (.ebss:__unlock)
                  0000aa7c    00000002     inverter_state.obj (.ebss)

MODULE SUMMARY

       Module                           code    initialized data   uninitialized data
       ------                           ----    ----------------   ------------------
    .\
       MonoMtrServo.obj                 4001    587                24556             
       F2837xS_GlobalVariableDefs.obj   0       0                  8437              
       F2837xS_DefaultISR.obj           1416    0                  0                 
       F2837xS_SysCtrl.obj              917     0                  0                 
       can_inv.obj                      817     29                 58                
       config.obj                       475     0                  0                 
       F2837xS_PieVect.obj              17      448                0                 
       F2837xS_Gpio.obj                 458     0                  0                 
       F2837xS_Adc.obj                  229     0                  0                 
       inverter_state.obj               100     8                  2                 
       F2837xS_PieCtrl.obj              40      0                  0                 
       F2837xS_Dac_setting.obj          0       23                 11                
       F2837xS_CodeStartBranch.obj      10      0                  0                 
       F2837xS_usDelay.obj              8       0                  0                 
    +--+--------------------------------+-------+------------------+--------------------+
       Total:                           8488    1095               33064             
                                                                                     
    .\Lib\F2837xS_common\driverlib\
       can.obj                          976     9                  0                 
       interrupt.obj                    361     0                  0                 
       systick.obj                      78      0                  0                 
    +--+--------------------------------+-------+------------------+--------------------+
       Total:                           1415    9                  0                 
                                                                                     
    C:\ti\ccs1281\ccs\tools\compiler\ti-cgt-c2000_22.6.1.LTS\lib\rts2800_fpu32.lib
       boot28.asm.obj                   86      0                  0                 
       exit.c.obj                       41      14                 6                 
       cpy_tbl.c.obj                    36      0                  0                 
       memcpy.c.obj                     29      0                  0                 
       _lock.c.obj                      9       10                 4                 
       args_main.c.obj                  18      0                  0                 
       pre_init.c.obj                   2       0                  0                 
       startup.c.obj                    1       0                  0                 
    +--+--------------------------------+-------+------------------+--------------------+
       Total:                           222     24                 10                
                                                                                     
       Stack:                           0       0                  512               
    +--+--------------------------------+-------+------------------+--------------------+
       Grand Total:                     10125   1128               33586             


LINKER GENERATED MEMRANGE CRC TABLES

_ccs_flash_checksum @ 00000000 records: 30, size/record: 6, table size: 186, algorithm=C28_CHECKSUM_16(ID=13), CRC: 00000864
	BEGIN: page=0, load addr=00080000, size=00000002
	FLASHA: page=0, load addr=00080002, size=00001ffe
	FLASHB: page=0, load addr=00082000, size=00002000
	FLASHC: page=0, load addr=00084000, size=00002000
	FLASHD: page=0, load addr=00086000, size=00002000
	FLASHE: page=0, load addr=00088000, size=00008000
	FLASHF: page=0, load addr=00090000, size=00008000
	FLASHG: page=0, load addr=00098000, size=00008000
	FLASHH: page=0, load addr=000a0000, size=00008000
	FLASHI: page=0, load addr=000a8000, size=00008000
	FLASHJ: page=0, load addr=000b0000, size=00008000
	FLASHK: page=0, load addr=000b8000, size=00002000
	FLASHL: page=0, load addr=000ba000, size=00002000
	FLASHM: page=0, load addr=000bc000, size=00002000
	FLASHN: page=0, load addr=000be000, size=00002000
	FLASHO: page=0, load addr=000c0000, size=00002000
	FLASHP: page=0, load addr=000c2000, size=00002000
	FLASHQ: page=0, load addr=000c4000, size=00002000
	FLASHR: page=0, load addr=000c6000, size=00002000
	FLASHS: page=0, load addr=000c8000, size=00008000
	FLASHT: page=0, load addr=000d0000, size=00008000
	FLASHU: page=0, load addr=000d8000, size=00008000
	FLASHV: page=0, load addr=000e0000, size=00008000
	FLASHW: page=0, load addr=000e8000, size=00008000
	FLASHX: page=0, load addr=000f0000, size=00008000
	FLASHY: page=0, load addr=000f8000, size=00002000
	FLASHZ: page=0, load addr=000fa000, size=00002000
	FLASHAA: page=0, load addr=000fc000, size=00002000
	FLASHBB: page=0, load addr=000fe000, size=00001ff0
	FLASHBB_DO_NOT_USE: page=0, load addr=000ffff0, size=00000010


GLOBAL DATA SYMBOLS: SORTED BY DATA PAGE

address     data page           name
--------    ----------------    ----
00000400      10 (00000400)     __stack

00000b00      2c (00000b00)     _AdcaResultRegs
00000b20      2c (00000b00)     _AdcbResultRegs

00000b40      2d (00000b40)     _AdccResultRegs
00000b60      2d (00000b40)     _AdcdResultRegs

00000c00      30 (00000c00)     _CpuTimer0Regs
00000c08      30 (00000c00)     _CpuTimer1Regs
00000c10      30 (00000c00)     _CpuTimer2Regs

00000ce0      33 (00000cc0)     _Cla1SoftIntRegs
00000ce0      33 (00000cc0)     _PieCtrlRegs

00000d00      34 (00000d00)     _EmuKey
00000d00      34 (00000d00)     _PieVectTable
00000d01      34 (00000d00)     _EmuBMode

00001000      40 (00001000)     _DmaRegs

00001400      50 (00001400)     _Cla1Regs

00004000     100 (00004000)     _EPwm1Regs

00004100     104 (00004100)     _EPwm2Regs

00004200     108 (00004200)     _EPwm3Regs

00004300     10c (00004300)     _EPwm4Regs

00004400     110 (00004400)     _EPwm5Regs

00004500     114 (00004500)     _EPwm6Regs

00004600     118 (00004600)     _EPwm7Regs

00004700     11c (00004700)     _EPwm8Regs

00004800     120 (00004800)     _EPwm9Regs

00004900     124 (00004900)     _EPwm10Regs

00004a00     128 (00004a00)     _EPwm11Regs

00004b00     12c (00004b00)     _EPwm12Regs

00005000     140 (00005000)     _ECap1Regs
00005020     140 (00005000)     _ECap2Regs

00005040     141 (00005040)     _ECap3Regs
00005060     141 (00005040)     _ECap4Regs

00005080     142 (00005080)     _ECap5Regs
000050a0     142 (00005080)     _ECap6Regs

00005100     144 (00005100)     _EQep1Regs

00005140     145 (00005140)     _EQep2Regs

00005180     146 (00005180)     _EQep3Regs

00005c00     170 (00005c00)     _DacaRegs
00005c10     170 (00005c00)     _DacbRegs
00005c20     170 (00005c00)     _DaccRegs

00005c80     172 (00005c80)     _Cmpss1Regs
00005ca0     172 (00005c80)     _Cmpss2Regs

00005cc0     173 (00005cc0)     _Cmpss3Regs
00005ce0     173 (00005cc0)     _Cmpss4Regs

00005d00     174 (00005d00)     _Cmpss5Regs
00005d20     174 (00005d00)     _Cmpss6Regs

00005d40     175 (00005d40)     _Cmpss7Regs
00005d60     175 (00005d40)     _Cmpss8Regs

00005e00     178 (00005e00)     _Sdfm1Regs

00005e80     17a (00005e80)     _Sdfm2Regs

00006000     180 (00006000)     _McbspaRegs

00006040     181 (00006040)     _McbspbRegs

00006100     184 (00006100)     _SpiaRegs
00006110     184 (00006100)     _SpibRegs
00006120     184 (00006100)     _SpicRegs

00006200     188 (00006200)     _UppRegs

00007000     1c0 (00007000)     _WdRegs

00007060     1c1 (00007040)     _NmiIntruptRegs
00007070     1c1 (00007040)     _XintRegs

00007200     1c8 (00007200)     _SciaRegs
00007210     1c8 (00007200)     _ScibRegs
00007220     1c8 (00007200)     _ScicRegs
00007230     1c8 (00007200)     _ScidRegs

00007300     1cc (00007300)     _I2caRegs

00007340     1cd (00007340)     _I2cbRegs

00007400     1d0 (00007400)     _AdcaRegs

00007480     1d2 (00007480)     _AdcbRegs

00007500     1d4 (00007500)     _AdccRegs

00007580     1d6 (00007580)     _AdcdRegs

00007900     1e4 (00007900)     _InputXbarRegs
00007920     1e4 (00007900)     _XbarRegs

00007940     1e5 (00007940)     _SyncSocRegs

00007980     1e6 (00007980)     _DmaClaSrcSelRegs

00007a00     1e8 (00007a00)     _EPwmXbarRegs

00007a80     1ea (00007a80)     _OutputXbarRegs

00007c00     1f0 (00007c00)     _GpioCtrlRegs

00007f00     1fc (00007f00)     _GpioDataRegs

0000a800     2a0 (0000a800)     _cos_neg
0000a801     2a0 (0000a800)     _cos_pos
0000a802     2a0 (0000a800)     _sin_pos
0000a803     2a0 (0000a800)     _sin_neg
0000a804     2a0 (0000a800)     _EnableDRV
0000a805     2a0 (0000a800)     _ocp_cnt
0000a806     2a0 (0000a800)     _EnaDRV_FBK
0000a807     2a0 (0000a800)     _EnaDRV_FBK_last
0000a808     2a0 (0000a800)     _speed_cnt
0000a809     2a0 (0000a800)     _boost_mode
0000a80a     2a0 (0000a800)     _EnableFlag
0000a80b     2a0 (0000a800)     _OffsetCalCounter
0000a80c     2a0 (0000a800)     _ptrMax
0000a80d     2a0 (0000a800)     _ptr1
0000a80e     2a0 (0000a800)     _DRV_RESET
0000a80f     2a0 (0000a800)     _LogPos
0000a810     2a0 (0000a800)     _PwmDacCh1
0000a811     2a0 (0000a800)     _PwmDacCh2
0000a812     2a0 (0000a800)     _PwmDacCh3
0000a813     2a0 (0000a800)     _PwmDacCh4
0000a814     2a0 (0000a800)     _TmpD
0000a816     2a0 (0000a800)     _Alpha_State_Ptr
0000a818     2a0 (0000a800)     _A_Task_Ptr
0000a81a     2a0 (0000a800)     _B_Task_Ptr
0000a81c     2a0 (0000a800)     _C_Task_Ptr
0000a81e     2a0 (0000a800)     _cal_offset
0000a820     2a0 (0000a800)     _torqueCMD
0000a822     2a0 (0000a800)     _deltaTheta
0000a824     2a0 (0000a800)     _Electheta_last
0000a826     2a0 (0000a800)     _Fischer_PP
0000a828     2a0 (0000a800)     _speed_rpm
0000a82a     2a0 (0000a800)     _boost_gain
0000a82c     2a0 (0000a800)     _cycleTicks
0000a82e     2a0 (0000a800)     _IsrTicker
0000a830     2a0 (0000a800)     _K1
0000a832     2a0 (0000a800)     _K2
0000a834     2a0 (0000a800)     _cntr1
0000a836     2a0 (0000a800)     _posSlewRate

0000a840     2a1 (0000a840)     _pwmdac1
0000a84a     2a1 (0000a840)     _speed3
0000a85c     2a1 (0000a840)     _speed_hall

0000a880     2a2 (0000a880)     _pid1_speed

0000a8c0     2a3 (0000a8c0)     _motor1

0000aa11     2a8 (0000aa00)     _can_it_status
0000aa14     2a8 (0000aa00)     _can_new_data
0000aa16     2a8 (0000aa00)     _can_debug_var
0000aa22     2a8 (0000aa00)     _canBitClk
0000aa3a     2a8 (0000aa00)     ___TI_enable_exit_profile_output
0000aa3c     2a8 (0000aa00)     ___TI_cleanup_ptr
0000aa3e     2a8 (0000aa00)     ___TI_dtors_ptr

0000aa40     2a9 (0000aa40)     _posArray
0000aa50     2a9 (0000aa40)     _DAC_PTR
0000aa68     2a9 (0000aa40)     _VTimer0
0000aa6c     2a9 (0000aa40)     _VTimer1
0000aa70     2a9 (0000aa40)     _VTimer2
0000aa74     2a9 (0000aa40)     _dacAval
0000aa75     2a9 (0000aa40)     _dacBval
0000aa76     2a9 (0000aa40)     _dacCval
0000aa78     2a9 (0000aa40)     __lock
0000aa7a     2a9 (0000aa40)     __unlock
0000aa7c     2a9 (0000aa40)     _state

0000c000     300 (0000c000)     _HFCurrentALog

0000d000     340 (0000d000)     _HFCurrentBLog

0000e000     380 (0000e000)     _HFCurrentCLog

0000f000     3c0 (0000f000)     _HFCurrentDCLog

00010000     400 (00010000)     _HFSinPLog

00011000     440 (00011000)     _HFSinNLog

00012000     480 (00012000)     _HFCosPLog

00013000     4c0 (00013000)     _HFCosNLog

00047000    11c0 (00047000)     _Emif1Regs

00047800    11e0 (00047800)     _Emif2Regs

00050024    1400 (00050000)     _FlashPumpSemaphoreRegs

0005d000    1740 (0005d000)     _DevCfgRegs

0005d180    1746 (0005d180)     _AnalogSubsysRegs

0005d200    1748 (0005d200)     _ClkCfgRegs

0005d300    174c (0005d300)     _CpuSysRegs

0005e608    1798 (0005e600)     _RomPrefetchRegs

0005f000    17c0 (0005f000)     _DcsmZ1Regs

0005f040    17c1 (0005f040)     _DcsmZ2Regs
0005f070    17c1 (0005f040)     _DcsmCommonRegs

0005f400    17d0 (0005f400)     _MemCfgRegs

0005f480    17d2 (0005f480)     _Emif1ConfigRegs
0005f4a0    17d2 (0005f480)     _Emif2ConfigRegs

0005f4c0    17d3 (0005f4c0)     _AccessProtectionRegs

0005f500    17d4 (0005f500)     _MemoryErrorRegs

0005f540    17d5 (0005f540)     _RomWaitStateRegs

0005f800    17e0 (0005f800)     _Flash0CtrlRegs

0005fb00    17ec (0005fb00)     _Flash0EccRegs

0005fc00    17f0 (0005fc00)     _Flash1CtrlRegs

0005ff00    17fc (0005ff00)     _Flash1EccRegs

00078000    1e00 (00078000)     _DcsmZ1Otp

00078200    1e08 (00078200)     _DcsmZ2Otp

00090000    2400 (00090000)     _PieVectTableInit


GLOBAL SYMBOLS: SORTED ALPHABETICALLY BY Name 

page  address   name                                  
----  -------   ----                                  
abs   ffffffff  .text                                 
0     00083be3  C$$EXIT                               
0     0008254a  _A0                                   
0     00082544  _A1                                   
0     00082538  _A2                                   
0     00082532  _A3                                   
0     00082b07  _ADCA1_ISR                            
0     00082afd  _ADCA2_ISR                            
0     00082af3  _ADCA3_ISR                            
0     00082ae9  _ADCA4_ISR                            
0     00082adf  _ADCA_EVT_ISR                         
0     00082ad5  _ADCB1_ISR                            
0     00082acb  _ADCB2_ISR                            
0     00082ac1  _ADCB3_ISR                            
0     00082ab7  _ADCB4_ISR                            
0     00082aad  _ADCB_EVT_ISR                         
0     00082aa3  _ADCC1_ISR                            
0     00082a99  _ADCC2_ISR                            
0     00082a8f  _ADCC3_ISR                            
0     00082a85  _ADCC4_ISR                            
0     00082a7b  _ADCC_EVT_ISR                         
0     00082a71  _ADCD1_ISR                            
0     00082a67  _ADCD2_ISR                            
0     00082a5d  _ADCD3_ISR                            
0     00082a53  _ADCD4_ISR                            
0     00082a49  _ADCD_EVT_ISR                         
0     00082a3f  _AUX_PLL_SLIP_ISR                     
1     0000a818  _A_Task_Ptr                           
1     0005f4c0  _AccessProtectionRegs                 
0     000839e4  _AdcSetMode                           
1     00007400  _AdcaRegs                             
1     00000b00  _AdcaResultRegs                       
1     00007480  _AdcbRegs                             
1     00000b20  _AdcbResultRegs                       
1     00007500  _AdccRegs                             
1     00000b40  _AdccResultRegs                       
1     00007580  _AdcdRegs                             
1     00000b60  _AdcdResultRegs                       
1     0000a816  _Alpha_State_Ptr                      
1     0005d180  _AnalogSubsysRegs                     
0     00083382  _AuxAuxClkSel                         
0     0008339d  _AuxIntOsc2Sel                        
0     0008338c  _AuxXtalOscSel                        
0     0008255f  _B0                                   
0     0008253e  _B1                                   
0     0008252c  _B2                                   
0     00082526  _B3                                   
1     0000a81a  _B_Task_Ptr                           
0     00082574  _C0                                   
0     00082520  _C1                                   
0     0008251a  _C2                                   
0     00082514  _C3                                   
0     00082a35  _CANA0_ISR                            
0     00082a2b  _CANA1_ISR                            
0     00082a21  _CANB0_ISR                            
0     00082a17  _CANB1_ISR                            
0     00082e7a  _CANBitRateSet                        
0     00082e5c  _CANBitTimingGet                      
0     00082e2d  _CANBitTimingSet                      
0     00082e0a  _CANClkSourceSelect                   
0     00082e06  _CANDisable                           
0     00082e02  _CANEnable                            
0     00082df4  _CANErrCntrGet                        
0     00082ded  _CANGlobalIntClear                    
0     00082de6  _CANGlobalIntDisable                  
0     00082de1  _CANGlobalIntEnable                   
0     00082dd8  _CANGlobalIntstatusGet                
0     00082d81  _CANInit                              
0     00082d68  _CANIntClear                          
0     00082d5f  _CANIntDisable                        
0     00082d5a  _CANIntEnable                         
0     00082d4c  _CANIntRegister                       
0     00082d3f  _CANIntStatus                         
0     00082d34  _CANIntUnregister                     
0     00082cf6  _CANMessageClear                      
0     00082c2f  _CANMessageGet                        
0     00082b41  _CANMessageSet                        
0     00082b31  _CANRetryGet                          
0     00082b26  _CANRetrySet                          
0     00082b11  _CANStatusGet                         
0     00082a0d  _CLA1_1_ISR                           
0     00082a03  _CLA1_2_ISR                           
0     000829f9  _CLA1_3_ISR                           
0     000829ef  _CLA1_4_ISR                           
0     000829e5  _CLA1_5_ISR                           
0     000829db  _CLA1_6_ISR                           
0     000829d1  _CLA1_7_ISR                           
0     000829c7  _CLA1_8_ISR                           
0     000829bd  _CLA_OVERFLOW_ISR                     
0     000829b3  _CLA_UNDERFLOW_ISR                    
1     0000a81c  _C_Task_Ptr                           
0     000839af  _CalAdcINL                            
0     00083197  _CanTestReceive                       
0     00083174  _CanTestSend                          
1     00001400  _Cla1Regs                             
0     00000ce0  _Cla1SoftIntRegs                      
1     0005d200  _ClkCfgRegs                           
1     00005c80  _Cmpss1Regs                           
1     00005ca0  _Cmpss2Regs                           
1     00005cc0  _Cmpss3Regs                           
1     00005ce0  _Cmpss4Regs                           
1     00005d00  _Cmpss5Regs                           
1     00005d20  _Cmpss6Regs                           
1     00005d40  _Cmpss7Regs                           
1     00005d60  _Cmpss8Regs                           
0     00083635  _ConfigureADC                         
1     0005d300  _CpuSysRegs                           
1     00000c00  _CpuTimer0Regs                        
1     00000c08  _CpuTimer1Regs                        
1     00000c10  _CpuTimer2Regs                        
0     0008348f  _CsmUnlock                            
1     0000aa50  _DAC_PTR                              
0     000829a9  _DATALOG_ISR                          
0     0008299f  _DMA_CH1_ISR                          
0     00082995  _DMA_CH2_ISR                          
0     0008298b  _DMA_CH3_ISR                          
0     00082981  _DMA_CH4_ISR                          
0     00082977  _DMA_CH5_ISR                          
0     0008296d  _DMA_CH6_ISR                          
1     0000a80e  _DRV_RESET                            
1     00005c00  _DacaRegs                             
1     00005c10  _DacbRegs                             
1     00005c20  _DaccRegs                             
1     0005f070  _DcsmCommonRegs                       
1     00078000  _DcsmZ1Otp                            
1     0005f000  _DcsmZ1Regs                           
1     00078200  _DcsmZ2Otp                            
1     0005f040  _DcsmZ2Regs                           
1     0005d000  _DevCfgRegs                           
0     00083288  _DisableDog                           
0     0008344c  _DisablePeripheralClocks              
1     00007980  _DmaClaSrcSelRegs                     
1     00001000  _DmaRegs                              
0     00082963  _ECAP1_ISR                            
0     00082959  _ECAP2_ISR                            
0     0008294f  _ECAP3_ISR                            
0     00082945  _ECAP4_ISR                            
0     0008293b  _ECAP5_ISR                            
0     00082931  _ECAP6_ISR                            
1     00005000  _ECap1Regs                            
1     00005020  _ECap2Regs                            
1     00005040  _ECap3Regs                            
1     00005060  _ECap4Regs                            
1     00005080  _ECap5Regs                            
1     000050a0  _ECap6Regs                            
0     00082927  _EMIF_ERROR_ISR                       
0     0008291a  _EMPTY_ISR                            
0     00082910  _EMU_ISR                              
0     00082906  _EPWM10_ISR                           
0     000828fc  _EPWM10_TZ_ISR                        
0     000828f2  _EPWM11_ISR                           
0     000828e8  _EPWM11_TZ_ISR                        
0     000828de  _EPWM12_ISR                           
0     000828d4  _EPWM12_TZ_ISR                        
0     000828ca  _EPWM1_ISR                            
0     000828c0  _EPWM1_TZ_ISR                         
0     000828b6  _EPWM2_ISR                            
0     000828ac  _EPWM2_TZ_ISR                         
0     000828a2  _EPWM3_ISR                            
0     00082898  _EPWM3_TZ_ISR                         
0     0008288e  _EPWM4_ISR                            
0     00082884  _EPWM4_TZ_ISR                         
0     0008287a  _EPWM5_ISR                            
0     00082870  _EPWM5_TZ_ISR                         
0     00082866  _EPWM6_ISR                            
0     0008285c  _EPWM6_TZ_ISR                         
0     00082852  _EPWM7_ISR                            
0     00082848  _EPWM7_TZ_ISR                         
0     0008283e  _EPWM8_ISR                            
0     00082834  _EPWM8_TZ_ISR                         
0     0008282a  _EPWM9_ISR                            
0     00082820  _EPWM9_TZ_ISR                         
1     00004900  _EPwm10Regs                           
1     00004a00  _EPwm11Regs                           
1     00004b00  _EPwm12Regs                           
1     00004000  _EPwm1Regs                            
1     00004100  _EPwm2Regs                            
1     00004200  _EPwm3Regs                            
1     00004300  _EPwm4Regs                            
1     00004400  _EPwm5Regs                            
1     00004500  _EPwm6Regs                            
1     00004600  _EPwm7Regs                            
1     00004700  _EPwm8Regs                            
1     00004800  _EPwm9Regs                            
1     00007a00  _EPwmXbarRegs                         
0     00082816  _EQEP1_ISR                            
0     0008280c  _EQEP2_ISR                            
0     00082802  _EQEP3_ISR                            
1     00005100  _EQep1Regs                            
1     00005140  _EQep2Regs                            
1     00005180  _EQep3Regs                            
1     0000a824  _Electheta_last                       
1     0005f480  _Emif1ConfigRegs                      
1     00047000  _Emif1Regs                            
1     0005f4a0  _Emif2ConfigRegs                      
1     00047800  _Emif2Regs                            
1     00000d01  _EmuBMode                             
1     00000d00  _EmuKey                               
1     0000a806  _EnaDRV_FBK                           
1     0000a807  _EnaDRV_FBK_last                      
1     0000a804  _EnableDRV                            
1     0000a80a  _EnableFlag                           
0     00083c2b  _EnableInterrupts                     
0     00008564  _F28x_usDelay                         
0     000827f8  _FLASH_CORRECTABLE_ERROR_ISR          
0     000827ee  _FPU_OVERFLOW_ISR                     
0     000827e4  _FPU_UNDERFLOW_ISR                    
1     0000a826  _Fischer_PP                           
1     0005f800  _Flash0CtrlRegs                       
1     0005fb00  _Flash0EccRegs                        
1     0005fc00  _Flash1CtrlRegs                       
1     0005ff00  _Flash1EccRegs                        
1     00050024  _FlashPumpSemaphoreRegs               
0     00083845  _GPIO_EnableUnbondedIOPullups         
0     00083820  _GPIO_EnableUnbondedIOPullupsFor100Pin
0     00083807  _GPIO_EnableUnbondedIOPullupsFor176Pin
0     000837f3  _GPIO_ReadPin                         
0     000837d1  _GPIO_SetupLock                       
0     0008377c  _GPIO_SetupPinMux                     
0     000836f7  _GPIO_SetupPinOptions                 
0     000836f0  _GPIO_SetupXINT1Gpio                  
0     000836e9  _GPIO_SetupXINT2Gpio                  
0     000836e2  _GPIO_SetupXINT3Gpio                  
0     000836db  _GPIO_SetupXINT4Gpio                  
0     000836d4  _GPIO_SetupXINT5Gpio                  
0     00082500  _GPIO_TogglePin                       
0     000836ba  _GPIO_WritePin                        
1     00007c00  _GpioCtrlRegs                         
1     00007f00  _GpioDataRegs                         
0     0008347e  _HALT                                 
1     00013000  _HFCosNLog                            
1     00012000  _HFCosPLog                            
1     0000c000  _HFCurrentALog                        
1     0000d000  _HFCurrentBLog                        
1     0000e000  _HFCurrentCLog                        
1     0000f000  _HFCurrentDCLog                       
1     00011000  _HFSinNLog                            
1     00010000  _HFSinPLog                            
0     0008346a  _HIB                                  
0     000827da  _I2CA_FIFO_ISR                        
0     000827d0  _I2CA_ISR                             
0     000827c6  _I2CB_FIFO_ISR                        
0     000827bc  _I2CB_ISR                             
1     00007300  _I2caRegs                             
1     00007340  _I2cbRegs                             
0     00083443  _IDLE                                 
0     000827b2  _ILLEGAL_ISR                          
0     000827a8  _IPC0_ISR                             
0     0008279e  _IPC1_ISR                             
0     00082794  _IPC2_ISR                             
0     0008278a  _IPC3_ISR                             
0     000833aa  _InitAuxPll                           
0     0000850c  _InitFlash_Bank0                      
0     00008538  _InitFlash_Bank1                      
0     00083626  _InitGateGpio                         
0     0008368b  _InitGpio                             
0     000835fd  _InitMotor1EPwmDACGpio                
0     000835c0  _InitMotor1EPwmGpio                   
0     0008358d  _InitMotor1_AFMDRV_Gpio               
0     00083295  _InitPeripheralClocks                 
0     00083c0c  _InitPieCtrl                          
0     00083c87  _InitPieVectTable                     
0     00083574  _InitSpiRegs_DRV830x                  
0     0008333e  _InitSysCtrl                          
0     00083532  _InitSysCtrl1                         
0     00083204  _InitSysPll                           
1     00007900  _InputXbarRegs                        
0     00083c98  _IntDefaultHandler                    
0     00083957  _IntDisable                           
0     000838fd  _IntEnable                            
0     00083889  _IntIFRClear                          
0     00083884  _IntMasterDisable                     
0     0008387f  _IntMasterEnable                      
0     0008386b  _IntRegister                          
0     00083855  _IntUnregister                        
0     00083155  _InvInitCan                           
0     000830eb  _InvInitCanInterrupts                 
1     0000a82e  _IsrTicker                            
1     0000a830  _K1                                   
1     0000a832  _K2                                   
0     000824fb  _LogDump                              
0     0000848f  _LogISR                               
1     0000a80f  _LogPos                               
0     00082780  _MCBSPA_RX_ISR                        
0     00082776  _MCBSPA_TX_ISR                        
0     0008276c  _MCBSPB_RX_ISR                        
0     00082762  _MCBSPB_TX_ISR                        
1     00006000  _McbspaRegs                           
1     00006040  _McbspbRegs                           
1     0005f400  _MemCfgRegs                           
1     0005f500  _MemoryErrorRegs                      
0     00008000  _MotorControlISR                      
0     00082758  _NMI_ISR                              
0     0008274e  _NOTUSED_ISR                          
1     00007060  _NmiIntruptRegs                       
1     0000a80b  _OffsetCalCounter                     
1     00007a80  _OutputXbarRegs                       
0     00082744  _PIE_RESERVED_ISR                     
0     000834ea  _PWM_1ch_UpDwnCnt_CNF                 
0     000834b0  _PWM_1ch_UpDwnCnt_CNF_noDB            
1     00000ce0  _PieCtrlRegs                          
1     00000d00  _PieVectTable                         
0     00090000  _PieVectTableInit                     
1     0000a810  _PwmDacCh1                            
1     0000a811  _PwmDacCh2                            
1     0000a812  _PwmDacCh3                            
1     0000a813  _PwmDacCh4                            
0     0008273a  _RAM_ACCESS_VIOLATION_ISR             
0     00082730  _RAM_CORRECTABLE_ERROR_ISR            
0     00082726  _RTOS_ISR                             
0     00086568  _RamfuncsLoadEnd                      
abs   00000568  _RamfuncsLoadSize                     
0     00086000  _RamfuncsLoadStart                    
0     00008568  _RamfuncsRunEnd                       
abs   00000568  _RamfuncsRunSize                      
0     00008000  _RamfuncsRunStart                     
0     00082ee1  _ReceiveCanControl                    
1     0005e608  _RomPrefetchRegs                      
1     0005f540  _RomWaitStateRegs                     
0     0008271c  _SCIA_RX_ISR                          
0     00082712  _SCIA_TX_ISR                          
0     00082708  _SCIB_RX_ISR                          
0     000826fe  _SCIB_TX_ISR                          
0     000826f4  _SCIC_RX_ISR                          
0     000826ea  _SCIC_TX_ISR                          
0     000826e0  _SCID_RX_ISR                          
0     000826d6  _SCID_TX_ISR                          
0     000826cc  _SD1_ISR                              
0     000826c2  _SD2_ISR                              
0     000826b8  _SPIA_RX_ISR                          
0     000826ae  _SPIA_TX_ISR                          
0     000826a4  _SPIB_RX_ISR                          
0     0008269a  _SPIB_TX_ISR                          
0     00082690  _SPIC_RX_ISR                          
0     00082686  _SPIC_TX_ISR                          
0     000831f9  _STANDBY                              
0     0008267c  _SYS_PLL_SLIP_ISR                     
1     00007200  _SciaRegs                             
1     00007210  _ScibRegs                             
1     00007220  _ScicRegs                             
1     00007230  _ScidRegs                             
1     00005e00  _Sdfm1Regs                            
1     00005e80  _Sdfm2Regs                            
0     0008308c  _SendCanHFCurrentLog                  
0     00083050  _SendCanHeartbeat                     
0     00082fc5  _SendCanState                         
0     00082f66  _SendCanStatus                        
0     00082f16  _SendCanTemperature                   
0     000831eb  _ServiceDog                           
1     00006100  _SpiaRegs                             
1     00006110  _SpibRegs                             
1     00006120  _SpicRegs                             
1     00007940  _SyncSocRegs                          
0     000831e1  _SysIntOsc1Sel                        
0     000831d7  _SysIntOsc2Sel                        
0     00083b97  _SysTickDisable                       
0     00083b90  _SysTickEnable                        
0     00083b84  _SysTickInit                          
0     00083b7a  _SysTickIntDisable                    
0     00083b70  _SysTickIntEnable                     
0     00083b65  _SysTickIntRegister                   
0     00083b5a  _SysTickIntUnregister                 
0     00083b56  _SysTickPeriodGet                     
0     00083b52  _SysTickPeriodSet                     
0     00083b4e  _SysTickValueGet                      
0     000831cb  _SysXtalOscSel                        
0     00082672  _TIMER0_ISR                           
0     00082665  _TIMER1_ISR                           
0     0008265b  _TIMER2_ISR                           
1     0000a814  _TmpD                                 
0     00082651  _UPPA_ISR                             
0     00082647  _USBA_ISR                             
0     0008263d  _USER10_ISR                           
0     00082633  _USER11_ISR                           
0     00082629  _USER12_ISR                           
0     0008261f  _USER1_ISR                            
0     00082615  _USER2_ISR                            
0     0008260b  _USER3_ISR                            
0     00082601  _USER4_ISR                            
0     000825f7  _USER5_ISR                            
0     000825ed  _USER6_ISR                            
0     000825e3  _USER7_ISR                            
0     000825d9  _USER8_ISR                            
0     000825cf  _USER9_ISR                            
1     00006200  _UppRegs                              
0     000825c5  _VCU_ISR                              
1     0000aa68  _VTimer0                              
1     0000aa6c  _VTimer1                              
1     0000aa70  _VTimer2                              
0     000825bb  _WAKE_ISR                             
1     00007000  _WdRegs                               
0     000825b1  _XINT1_ISR                            
0     000825a7  _XINT2_ISR                            
0     0008259d  _XINT3_ISR                            
0     00082593  _XINT4_ISR                            
0     00082589  _XINT5_ISR                            
1     00007920  _XbarRegs                             
1     00007070  _XintRegs                             
1     00000600  __STACK_END                           
abs   00000200  __STACK_SIZE                          
0     00000000  __TI_MEMRANGE_CRC__ccs_flash_checksum 
1     0000aa3c  ___TI_cleanup_ptr                     
1     0000aa3e  ___TI_dtors_ptr                       
1     0000aa3a  ___TI_enable_exit_profile_output      
abs   ffffffff  ___TI_pprof_out_hndl                  
abs   ffffffff  ___TI_prof_data_size                  
abs   ffffffff  ___TI_prof_data_start                 
abs   ffffffff  ___binit__                            
abs   ffffffff  ___c_args__                           
0     00083cbc  ___cinit__                            
abs   ffffffff  ___etext__                            
abs   ffffffff  ___pinit__                            
abs   ffffffff  ___text__                             
0     00083c75  __args_main                           
1     0000aa78  __lock                                
0     00083caf  __nop                                 
0     00083cab  __register_lock                       
0     00083ca7  __register_unlock                     
1     00000400  __stack                               
0     00083cba  __system_post_cinit                   
0     00083cb8  __system_pre_init                     
1     0000aa7a  __unlock                              
0     00083be3  _abort                                
1     0000a82a  _boost_gain                           
1     0000a809  _boost_mode                           
0     00083af8  _c_int00                              
1     0000a81e  _cal_offset                           
1     0000aa22  _canBitClk                            
0     00083b9c  _canISR                               
1     0000aa16  _can_debug_var                        
1     0000aa11  _can_it_status                        
1     0000aa14  _can_new_data                         
0     00000000  _ccs_flash_checksum                   
1     0000a834  _cntr1                                
0     00083aca  _control                              
0     00083c34  _copy_in                              
1     0000a800  _cos_neg                              
1     0000a801  _cos_pos                              
1     0000a82c  _cycleTicks                           
1     0000aa74  _dacAval                              
1     0000aa75  _dacBval                              
1     0000aa76  _dacCval                              
1     0000a822  _deltaTheta                           
0     00083a98  _disable_inverter                     
0     00083ac5  _enable_inverter                      
0     00083a9c  _everything_is_ok                     
0     00083be5  _exit                                 
0     00083a9e  _get_status                           
0     00082073  _main                                 
0     00083c58  _memcpy                               
1     0000a8c0  _motor1                               
1     0000a805  _ocp_cnt                              
1     0000a880  _pid1_speed                           
1     0000aa40  _posArray                             
1     0000a836  _posSlewRate                          
1     0000a80d  _ptr1                                 
1     0000a80c  _ptrMax                               
1     0000a840  _pwmdac1                              
0     00082000  _ramper                               
0     00082052  _ramper_speed                         
0     0008201c  _refPosGen                            
0     00083a98  _reset_fault                          
1     0000a803  _sin_neg                              
1     0000a802  _sin_pos                              
1     0000a84a  _speed3                               
1     0000a808  _speed_cnt                            
1     0000a85c  _speed_hall                           
1     0000a828  _speed_rpm                            
1     0000aa7c  _state                                
0     00083a96  _there_is_error                       
0     00083a94  _there_is_hv                          
1     0000a820  _torqueCMD                            
abs   ffffffff  binit                                 
0     00083cbc  cinit                                 
0     00080000  code_start                            
abs   ffffffff  etext                                 
abs   ffffffff  pinit                                 


GLOBAL SYMBOLS: SORTED BY Symbol Address 

page  address   name                                  
----  -------   ----                                  
0     00000000  __TI_MEMRANGE_CRC__ccs_flash_checksum 
0     00000000  _ccs_flash_checksum                   
0     00000ce0  _Cla1SoftIntRegs                      
0     00008000  _MotorControlISR                      
0     00008000  _RamfuncsRunStart                     
0     0000848f  _LogISR                               
0     0000850c  _InitFlash_Bank0                      
0     00008538  _InitFlash_Bank1                      
0     00008564  _F28x_usDelay                         
0     00008568  _RamfuncsRunEnd                       
0     00080000  code_start                            
0     00082000  _ramper                               
0     0008201c  _refPosGen                            
0     00082052  _ramper_speed                         
0     00082073  _main                                 
0     000824fb  _LogDump                              
0     00082500  _GPIO_TogglePin                       
0     00082514  _C3                                   
0     0008251a  _C2                                   
0     00082520  _C1                                   
0     00082526  _B3                                   
0     0008252c  _B2                                   
0     00082532  _A3                                   
0     00082538  _A2                                   
0     0008253e  _B1                                   
0     00082544  _A1                                   
0     0008254a  _A0                                   
0     0008255f  _B0                                   
0     00082574  _C0                                   
0     00082589  _XINT5_ISR                            
0     00082593  _XINT4_ISR                            
0     0008259d  _XINT3_ISR                            
0     000825a7  _XINT2_ISR                            
0     000825b1  _XINT1_ISR                            
0     000825bb  _WAKE_ISR                             
0     000825c5  _VCU_ISR                              
0     000825cf  _USER9_ISR                            
0     000825d9  _USER8_ISR                            
0     000825e3  _USER7_ISR                            
0     000825ed  _USER6_ISR                            
0     000825f7  _USER5_ISR                            
0     00082601  _USER4_ISR                            
0     0008260b  _USER3_ISR                            
0     00082615  _USER2_ISR                            
0     0008261f  _USER1_ISR                            
0     00082629  _USER12_ISR                           
0     00082633  _USER11_ISR                           
0     0008263d  _USER10_ISR                           
0     00082647  _USBA_ISR                             
0     00082651  _UPPA_ISR                             
0     0008265b  _TIMER2_ISR                           
0     00082665  _TIMER1_ISR                           
0     00082672  _TIMER0_ISR                           
0     0008267c  _SYS_PLL_SLIP_ISR                     
0     00082686  _SPIC_TX_ISR                          
0     00082690  _SPIC_RX_ISR                          
0     0008269a  _SPIB_TX_ISR                          
0     000826a4  _SPIB_RX_ISR                          
0     000826ae  _SPIA_TX_ISR                          
0     000826b8  _SPIA_RX_ISR                          
0     000826c2  _SD2_ISR                              
0     000826cc  _SD1_ISR                              
0     000826d6  _SCID_TX_ISR                          
0     000826e0  _SCID_RX_ISR                          
0     000826ea  _SCIC_TX_ISR                          
0     000826f4  _SCIC_RX_ISR                          
0     000826fe  _SCIB_TX_ISR                          
0     00082708  _SCIB_RX_ISR                          
0     00082712  _SCIA_TX_ISR                          
0     0008271c  _SCIA_RX_ISR                          
0     00082726  _RTOS_ISR                             
0     00082730  _RAM_CORRECTABLE_ERROR_ISR            
0     0008273a  _RAM_ACCESS_VIOLATION_ISR             
0     00082744  _PIE_RESERVED_ISR                     
0     0008274e  _NOTUSED_ISR                          
0     00082758  _NMI_ISR                              
0     00082762  _MCBSPB_TX_ISR                        
0     0008276c  _MCBSPB_RX_ISR                        
0     00082776  _MCBSPA_TX_ISR                        
0     00082780  _MCBSPA_RX_ISR                        
0     0008278a  _IPC3_ISR                             
0     00082794  _IPC2_ISR                             
0     0008279e  _IPC1_ISR                             
0     000827a8  _IPC0_ISR                             
0     000827b2  _ILLEGAL_ISR                          
0     000827bc  _I2CB_ISR                             
0     000827c6  _I2CB_FIFO_ISR                        
0     000827d0  _I2CA_ISR                             
0     000827da  _I2CA_FIFO_ISR                        
0     000827e4  _FPU_UNDERFLOW_ISR                    
0     000827ee  _FPU_OVERFLOW_ISR                     
0     000827f8  _FLASH_CORRECTABLE_ERROR_ISR          
0     00082802  _EQEP3_ISR                            
0     0008280c  _EQEP2_ISR                            
0     00082816  _EQEP1_ISR                            
0     00082820  _EPWM9_TZ_ISR                         
0     0008282a  _EPWM9_ISR                            
0     00082834  _EPWM8_TZ_ISR                         
0     0008283e  _EPWM8_ISR                            
0     00082848  _EPWM7_TZ_ISR                         
0     00082852  _EPWM7_ISR                            
0     0008285c  _EPWM6_TZ_ISR                         
0     00082866  _EPWM6_ISR                            
0     00082870  _EPWM5_TZ_ISR                         
0     0008287a  _EPWM5_ISR                            
0     00082884  _EPWM4_TZ_ISR                         
0     0008288e  _EPWM4_ISR                            
0     00082898  _EPWM3_TZ_ISR                         
0     000828a2  _EPWM3_ISR                            
0     000828ac  _EPWM2_TZ_ISR                         
0     000828b6  _EPWM2_ISR                            
0     000828c0  _EPWM1_TZ_ISR                         
0     000828ca  _EPWM1_ISR                            
0     000828d4  _EPWM12_TZ_ISR                        
0     000828de  _EPWM12_ISR                           
0     000828e8  _EPWM11_TZ_ISR                        
0     000828f2  _EPWM11_ISR                           
0     000828fc  _EPWM10_TZ_ISR                        
0     00082906  _EPWM10_ISR                           
0     00082910  _EMU_ISR                              
0     0008291a  _EMPTY_ISR                            
0     00082927  _EMIF_ERROR_ISR                       
0     00082931  _ECAP6_ISR                            
0     0008293b  _ECAP5_ISR                            
0     00082945  _ECAP4_ISR                            
0     0008294f  _ECAP3_ISR                            
0     00082959  _ECAP2_ISR                            
0     00082963  _ECAP1_ISR                            
0     0008296d  _DMA_CH6_ISR                          
0     00082977  _DMA_CH5_ISR                          
0     00082981  _DMA_CH4_ISR                          
0     0008298b  _DMA_CH3_ISR                          
0     00082995  _DMA_CH2_ISR                          
0     0008299f  _DMA_CH1_ISR                          
0     000829a9  _DATALOG_ISR                          
0     000829b3  _CLA_UNDERFLOW_ISR                    
0     000829bd  _CLA_OVERFLOW_ISR                     
0     000829c7  _CLA1_8_ISR                           
0     000829d1  _CLA1_7_ISR                           
0     000829db  _CLA1_6_ISR                           
0     000829e5  _CLA1_5_ISR                           
0     000829ef  _CLA1_4_ISR                           
0     000829f9  _CLA1_3_ISR                           
0     00082a03  _CLA1_2_ISR                           
0     00082a0d  _CLA1_1_ISR                           
0     00082a17  _CANB1_ISR                            
0     00082a21  _CANB0_ISR                            
0     00082a2b  _CANA1_ISR                            
0     00082a35  _CANA0_ISR                            
0     00082a3f  _AUX_PLL_SLIP_ISR                     
0     00082a49  _ADCD_EVT_ISR                         
0     00082a53  _ADCD4_ISR                            
0     00082a5d  _ADCD3_ISR                            
0     00082a67  _ADCD2_ISR                            
0     00082a71  _ADCD1_ISR                            
0     00082a7b  _ADCC_EVT_ISR                         
0     00082a85  _ADCC4_ISR                            
0     00082a8f  _ADCC3_ISR                            
0     00082a99  _ADCC2_ISR                            
0     00082aa3  _ADCC1_ISR                            
0     00082aad  _ADCB_EVT_ISR                         
0     00082ab7  _ADCB4_ISR                            
0     00082ac1  _ADCB3_ISR                            
0     00082acb  _ADCB2_ISR                            
0     00082ad5  _ADCB1_ISR                            
0     00082adf  _ADCA_EVT_ISR                         
0     00082ae9  _ADCA4_ISR                            
0     00082af3  _ADCA3_ISR                            
0     00082afd  _ADCA2_ISR                            
0     00082b07  _ADCA1_ISR                            
0     00082b11  _CANStatusGet                         
0     00082b26  _CANRetrySet                          
0     00082b31  _CANRetryGet                          
0     00082b41  _CANMessageSet                        
0     00082c2f  _CANMessageGet                        
0     00082cf6  _CANMessageClear                      
0     00082d34  _CANIntUnregister                     
0     00082d3f  _CANIntStatus                         
0     00082d4c  _CANIntRegister                       
0     00082d5a  _CANIntEnable                         
0     00082d5f  _CANIntDisable                        
0     00082d68  _CANIntClear                          
0     00082d81  _CANInit                              
0     00082dd8  _CANGlobalIntstatusGet                
0     00082de1  _CANGlobalIntEnable                   
0     00082de6  _CANGlobalIntDisable                  
0     00082ded  _CANGlobalIntClear                    
0     00082df4  _CANErrCntrGet                        
0     00082e02  _CANEnable                            
0     00082e06  _CANDisable                           
0     00082e0a  _CANClkSourceSelect                   
0     00082e2d  _CANBitTimingSet                      
0     00082e5c  _CANBitTimingGet                      
0     00082e7a  _CANBitRateSet                        
0     00082ee1  _ReceiveCanControl                    
0     00082f16  _SendCanTemperature                   
0     00082f66  _SendCanStatus                        
0     00082fc5  _SendCanState                         
0     00083050  _SendCanHeartbeat                     
0     0008308c  _SendCanHFCurrentLog                  
0     000830eb  _InvInitCanInterrupts                 
0     00083155  _InvInitCan                           
0     00083174  _CanTestSend                          
0     00083197  _CanTestReceive                       
0     000831cb  _SysXtalOscSel                        
0     000831d7  _SysIntOsc2Sel                        
0     000831e1  _SysIntOsc1Sel                        
0     000831eb  _ServiceDog                           
0     000831f9  _STANDBY                              
0     00083204  _InitSysPll                           
0     00083288  _DisableDog                           
0     00083295  _InitPeripheralClocks                 
0     0008333e  _InitSysCtrl                          
0     00083382  _AuxAuxClkSel                         
0     0008338c  _AuxXtalOscSel                        
0     0008339d  _AuxIntOsc2Sel                        
0     000833aa  _InitAuxPll                           
0     00083443  _IDLE                                 
0     0008344c  _DisablePeripheralClocks              
0     0008346a  _HIB                                  
0     0008347e  _HALT                                 
0     0008348f  _CsmUnlock                            
0     000834b0  _PWM_1ch_UpDwnCnt_CNF_noDB            
0     000834ea  _PWM_1ch_UpDwnCnt_CNF                 
0     00083532  _InitSysCtrl1                         
0     00083574  _InitSpiRegs_DRV830x                  
0     0008358d  _InitMotor1_AFMDRV_Gpio               
0     000835c0  _InitMotor1EPwmGpio                   
0     000835fd  _InitMotor1EPwmDACGpio                
0     00083626  _InitGateGpio                         
0     00083635  _ConfigureADC                         
0     0008368b  _InitGpio                             
0     000836ba  _GPIO_WritePin                        
0     000836d4  _GPIO_SetupXINT5Gpio                  
0     000836db  _GPIO_SetupXINT4Gpio                  
0     000836e2  _GPIO_SetupXINT3Gpio                  
0     000836e9  _GPIO_SetupXINT2Gpio                  
0     000836f0  _GPIO_SetupXINT1Gpio                  
0     000836f7  _GPIO_SetupPinOptions                 
0     0008377c  _GPIO_SetupPinMux                     
0     000837d1  _GPIO_SetupLock                       
0     000837f3  _GPIO_ReadPin                         
0     00083807  _GPIO_EnableUnbondedIOPullupsFor176Pin
0     00083820  _GPIO_EnableUnbondedIOPullupsFor100Pin
0     00083845  _GPIO_EnableUnbondedIOPullups         
0     00083855  _IntUnregister                        
0     0008386b  _IntRegister                          
0     0008387f  _IntMasterEnable                      
0     00083884  _IntMasterDisable                     
0     00083889  _IntIFRClear                          
0     000838fd  _IntEnable                            
0     00083957  _IntDisable                           
0     000839af  _CalAdcINL                            
0     000839e4  _AdcSetMode                           
0     00083a94  _there_is_hv                          
0     00083a96  _there_is_error                       
0     00083a98  _disable_inverter                     
0     00083a98  _reset_fault                          
0     00083a9c  _everything_is_ok                     
0     00083a9e  _get_status                           
0     00083ac5  _enable_inverter                      
0     00083aca  _control                              
0     00083af8  _c_int00                              
0     00083b4e  _SysTickValueGet                      
0     00083b52  _SysTickPeriodSet                     
0     00083b56  _SysTickPeriodGet                     
0     00083b5a  _SysTickIntUnregister                 
0     00083b65  _SysTickIntRegister                   
0     00083b70  _SysTickIntEnable                     
0     00083b7a  _SysTickIntDisable                    
0     00083b84  _SysTickInit                          
0     00083b90  _SysTickEnable                        
0     00083b97  _SysTickDisable                       
0     00083b9c  _canISR                               
0     00083be3  C$$EXIT                               
0     00083be3  _abort                                
0     00083be5  _exit                                 
0     00083c0c  _InitPieCtrl                          
0     00083c2b  _EnableInterrupts                     
0     00083c34  _copy_in                              
0     00083c58  _memcpy                               
0     00083c75  __args_main                           
0     00083c87  _InitPieVectTable                     
0     00083c98  _IntDefaultHandler                    
0     00083ca7  __register_unlock                     
0     00083cab  __register_lock                       
0     00083caf  __nop                                 
0     00083cb8  __system_pre_init                     
0     00083cba  __system_post_cinit                   
0     00083cbc  ___cinit__                            
0     00083cbc  cinit                                 
0     00086000  _RamfuncsLoadStart                    
0     00086568  _RamfuncsLoadEnd                      
0     00090000  _PieVectTableInit                     
1     00000400  __stack                               
1     00000600  __STACK_END                           
1     00000b00  _AdcaResultRegs                       
1     00000b20  _AdcbResultRegs                       
1     00000b40  _AdccResultRegs                       
1     00000b60  _AdcdResultRegs                       
1     00000c00  _CpuTimer0Regs                        
1     00000c08  _CpuTimer1Regs                        
1     00000c10  _CpuTimer2Regs                        
1     00000ce0  _PieCtrlRegs                          
1     00000d00  _EmuKey                               
1     00000d00  _PieVectTable                         
1     00000d01  _EmuBMode                             
1     00001000  _DmaRegs                              
1     00001400  _Cla1Regs                             
1     00004000  _EPwm1Regs                            
1     00004100  _EPwm2Regs                            
1     00004200  _EPwm3Regs                            
1     00004300  _EPwm4Regs                            
1     00004400  _EPwm5Regs                            
1     00004500  _EPwm6Regs                            
1     00004600  _EPwm7Regs                            
1     00004700  _EPwm8Regs                            
1     00004800  _EPwm9Regs                            
1     00004900  _EPwm10Regs                           
1     00004a00  _EPwm11Regs                           
1     00004b00  _EPwm12Regs                           
1     00005000  _ECap1Regs                            
1     00005020  _ECap2Regs                            
1     00005040  _ECap3Regs                            
1     00005060  _ECap4Regs                            
1     00005080  _ECap5Regs                            
1     000050a0  _ECap6Regs                            
1     00005100  _EQep1Regs                            
1     00005140  _EQep2Regs                            
1     00005180  _EQep3Regs                            
1     00005c00  _DacaRegs                             
1     00005c10  _DacbRegs                             
1     00005c20  _DaccRegs                             
1     00005c80  _Cmpss1Regs                           
1     00005ca0  _Cmpss2Regs                           
1     00005cc0  _Cmpss3Regs                           
1     00005ce0  _Cmpss4Regs                           
1     00005d00  _Cmpss5Regs                           
1     00005d20  _Cmpss6Regs                           
1     00005d40  _Cmpss7Regs                           
1     00005d60  _Cmpss8Regs                           
1     00005e00  _Sdfm1Regs                            
1     00005e80  _Sdfm2Regs                            
1     00006000  _McbspaRegs                           
1     00006040  _McbspbRegs                           
1     00006100  _SpiaRegs                             
1     00006110  _SpibRegs                             
1     00006120  _SpicRegs                             
1     00006200  _UppRegs                              
1     00007000  _WdRegs                               
1     00007060  _NmiIntruptRegs                       
1     00007070  _XintRegs                             
1     00007200  _SciaRegs                             
1     00007210  _ScibRegs                             
1     00007220  _ScicRegs                             
1     00007230  _ScidRegs                             
1     00007300  _I2caRegs                             
1     00007340  _I2cbRegs                             
1     00007400  _AdcaRegs                             
1     00007480  _AdcbRegs                             
1     00007500  _AdccRegs                             
1     00007580  _AdcdRegs                             
1     00007900  _InputXbarRegs                        
1     00007920  _XbarRegs                             
1     00007940  _SyncSocRegs                          
1     00007980  _DmaClaSrcSelRegs                     
1     00007a00  _EPwmXbarRegs                         
1     00007a80  _OutputXbarRegs                       
1     00007c00  _GpioCtrlRegs                         
1     00007f00  _GpioDataRegs                         
1     0000a800  _cos_neg                              
1     0000a801  _cos_pos                              
1     0000a802  _sin_pos                              
1     0000a803  _sin_neg                              
1     0000a804  _EnableDRV                            
1     0000a805  _ocp_cnt                              
1     0000a806  _EnaDRV_FBK                           
1     0000a807  _EnaDRV_FBK_last                      
1     0000a808  _speed_cnt                            
1     0000a809  _boost_mode                           
1     0000a80a  _EnableFlag                           
1     0000a80b  _OffsetCalCounter                     
1     0000a80c  _ptrMax                               
1     0000a80d  _ptr1                                 
1     0000a80e  _DRV_RESET                            
1     0000a80f  _LogPos                               
1     0000a810  _PwmDacCh1                            
1     0000a811  _PwmDacCh2                            
1     0000a812  _PwmDacCh3                            
1     0000a813  _PwmDacCh4                            
1     0000a814  _TmpD                                 
1     0000a816  _Alpha_State_Ptr                      
1     0000a818  _A_Task_Ptr                           
1     0000a81a  _B_Task_Ptr                           
1     0000a81c  _C_Task_Ptr                           
1     0000a81e  _cal_offset                           
1     0000a820  _torqueCMD                            
1     0000a822  _deltaTheta                           
1     0000a824  _Electheta_last                       
1     0000a826  _Fischer_PP                           
1     0000a828  _speed_rpm                            
1     0000a82a  _boost_gain                           
1     0000a82c  _cycleTicks                           
1     0000a82e  _IsrTicker                            
1     0000a830  _K1                                   
1     0000a832  _K2                                   
1     0000a834  _cntr1                                
1     0000a836  _posSlewRate                          
1     0000a840  _pwmdac1                              
1     0000a84a  _speed3                               
1     0000a85c  _speed_hall                           
1     0000a880  _pid1_speed                           
1     0000a8c0  _motor1                               
1     0000aa11  _can_it_status                        
1     0000aa14  _can_new_data                         
1     0000aa16  _can_debug_var                        
1     0000aa22  _canBitClk                            
1     0000aa3a  ___TI_enable_exit_profile_output      
1     0000aa3c  ___TI_cleanup_ptr                     
1     0000aa3e  ___TI_dtors_ptr                       
1     0000aa40  _posArray                             
1     0000aa50  _DAC_PTR                              
1     0000aa68  _VTimer0                              
1     0000aa6c  _VTimer1                              
1     0000aa70  _VTimer2                              
1     0000aa74  _dacAval                              
1     0000aa75  _dacBval                              
1     0000aa76  _dacCval                              
1     0000aa78  __lock                                
1     0000aa7a  __unlock                              
1     0000aa7c  _state                                
1     0000c000  _HFCurrentALog                        
1     0000d000  _HFCurrentBLog                        
1     0000e000  _HFCurrentCLog                        
1     0000f000  _HFCurrentDCLog                       
1     00010000  _HFSinPLog                            
1     00011000  _HFSinNLog                            
1     00012000  _HFCosPLog                            
1     00013000  _HFCosNLog                            
1     00047000  _Emif1Regs                            
1     00047800  _Emif2Regs                            
1     00050024  _FlashPumpSemaphoreRegs               
1     0005d000  _DevCfgRegs                           
1     0005d180  _AnalogSubsysRegs                     
1     0005d200  _ClkCfgRegs                           
1     0005d300  _CpuSysRegs                           
1     0005e608  _RomPrefetchRegs                      
1     0005f000  _DcsmZ1Regs                           
1     0005f040  _DcsmZ2Regs                           
1     0005f070  _DcsmCommonRegs                       
1     0005f400  _MemCfgRegs                           
1     0005f480  _Emif1ConfigRegs                      
1     0005f4a0  _Emif2ConfigRegs                      
1     0005f4c0  _AccessProtectionRegs                 
1     0005f500  _MemoryErrorRegs                      
1     0005f540  _RomWaitStateRegs                     
1     0005f800  _Flash0CtrlRegs                       
1     0005fb00  _Flash0EccRegs                        
1     0005fc00  _Flash1CtrlRegs                       
1     0005ff00  _Flash1EccRegs                        
1     00078000  _DcsmZ1Otp                            
1     00078200  _DcsmZ2Otp                            
abs   00000200  __STACK_SIZE                          
abs   00000568  _RamfuncsLoadSize                     
abs   00000568  _RamfuncsRunSize                      
abs   ffffffff  .text                                 
abs   ffffffff  ___TI_pprof_out_hndl                  
abs   ffffffff  ___TI_prof_data_size                  
abs   ffffffff  ___TI_prof_data_start                 
abs   ffffffff  ___binit__                            
abs   ffffffff  ___c_args__                           
abs   ffffffff  ___etext__                            
abs   ffffffff  ___pinit__                            
abs   ffffffff  ___text__                             
abs   ffffffff  binit                                 
abs   ffffffff  etext                                 
abs   ffffffff  pinit                                 

[477 symbols]
