<?xml version="1.0" encoding="ISO-8859-1" ?>
<link_info>
   <banner>TMS320C2000 Linker PC v22.6.1.LTS</banner>
   <copyright>Copyright (c) 1996-2018 Texas Instruments Incorporated</copyright>
   <link_time>0x67dd871e</link_time>
   <link_errors>0x0</link_errors>
   <output_file>NMS1_20240826-13L.out</output_file>
   <entry_point>
      <name>_c_int00</name>
      <address>0x83af8</address>
   </entry_point>
   <input_file_list>
      <input_file id="fl-2">
         <path>.\</path>
         <kind>object</kind>
         <file>F2837xS_Adc.obj</file>
         <name>F2837xS_Adc.obj</name>
      </input_file>
      <input_file id="fl-3">
         <path>.\</path>
         <kind>object</kind>
         <file>F2837xS_CodeStartBranch.obj</file>
         <name>F2837xS_CodeStartBranch.obj</name>
      </input_file>
      <input_file id="fl-4">
         <path>.\</path>
         <kind>object</kind>
         <file>F2837xS_Dac_setting.obj</file>
         <name>F2837xS_Dac_setting.obj</name>
      </input_file>
      <input_file id="fl-5">
         <path>.\</path>
         <kind>object</kind>
         <file>F2837xS_DefaultISR.obj</file>
         <name>F2837xS_DefaultISR.obj</name>
      </input_file>
      <input_file id="fl-6">
         <path>.\</path>
         <kind>object</kind>
         <file>F2837xS_GlobalVariableDefs.obj</file>
         <name>F2837xS_GlobalVariableDefs.obj</name>
      </input_file>
      <input_file id="fl-7">
         <path>.\</path>
         <kind>object</kind>
         <file>F2837xS_Gpio.obj</file>
         <name>F2837xS_Gpio.obj</name>
      </input_file>
      <input_file id="fl-8">
         <path>.\</path>
         <kind>object</kind>
         <file>F2837xS_PieCtrl.obj</file>
         <name>F2837xS_PieCtrl.obj</name>
      </input_file>
      <input_file id="fl-9">
         <path>.\</path>
         <kind>object</kind>
         <file>F2837xS_PieVect.obj</file>
         <name>F2837xS_PieVect.obj</name>
      </input_file>
      <input_file id="fl-a">
         <path>.\</path>
         <kind>object</kind>
         <file>F2837xS_SysCtrl.obj</file>
         <name>F2837xS_SysCtrl.obj</name>
      </input_file>
      <input_file id="fl-b">
         <path>.\</path>
         <kind>object</kind>
         <file>F2837xS_sdfm_drivers.obj</file>
         <name>F2837xS_sdfm_drivers.obj</name>
      </input_file>
      <input_file id="fl-c">
         <path>.\</path>
         <kind>object</kind>
         <file>F2837xS_usDelay.obj</file>
         <name>F2837xS_usDelay.obj</name>
      </input_file>
      <input_file id="fl-d">
         <path>.\</path>
         <kind>object</kind>
         <file>MonoMtrServo.obj</file>
         <name>MonoMtrServo.obj</name>
      </input_file>
      <input_file id="fl-e">
         <path>.\</path>
         <kind>object</kind>
         <file>can_inv.obj</file>
         <name>can_inv.obj</name>
      </input_file>
      <input_file id="fl-f">
         <path>.\</path>
         <kind>object</kind>
         <file>config.obj</file>
         <name>config.obj</name>
      </input_file>
      <input_file id="fl-10">
         <path>.\</path>
         <kind>object</kind>
         <file>inverter_state.obj</file>
         <name>inverter_state.obj</name>
      </input_file>
      <input_file id="fl-11">
         <path>.\Lib\F2837xS_common\driverlib\</path>
         <kind>object</kind>
         <file>can.obj</file>
         <name>can.obj</name>
      </input_file>
      <input_file id="fl-12">
         <path>.\Lib\F2837xS_common\driverlib\</path>
         <kind>object</kind>
         <file>interrupt.obj</file>
         <name>interrupt.obj</name>
      </input_file>
      <input_file id="fl-13">
         <path>.\Lib\F2837xS_common\driverlib\</path>
         <kind>object</kind>
         <file>systick.obj</file>
         <name>systick.obj</name>
      </input_file>
      <input_file id="fl-18">
         <kind>object</kind>
         <file>&lt;internal&gt;</file>
         <name>&lt;internal&gt;</name>
      </input_file>
      <input_file id="fl-24">
         <path>C:\ti\ccs1281\ccs\tools\compiler\ti-cgt-c2000_22.6.1.LTS\lib\</path>
         <kind>archive</kind>
         <file>rts2800_fpu32.lib</file>
         <name>boot28.asm.obj</name>
      </input_file>
      <input_file id="fl-25">
         <path>C:\ti\ccs1281\ccs\tools\compiler\ti-cgt-c2000_22.6.1.LTS\lib\</path>
         <kind>archive</kind>
         <file>rts2800_fpu32.lib</file>
         <name>cpy_tbl.c.obj</name>
      </input_file>
      <input_file id="fl-26">
         <path>C:\ti\ccs1281\ccs\tools\compiler\ti-cgt-c2000_22.6.1.LTS\lib\</path>
         <kind>archive</kind>
         <file>rts2800_fpu32.lib</file>
         <name>memcpy.c.obj</name>
      </input_file>
      <input_file id="fl-27">
         <path>C:\ti\ccs1281\ccs\tools\compiler\ti-cgt-c2000_22.6.1.LTS\lib\</path>
         <kind>archive</kind>
         <file>rts2800_fpu32.lib</file>
         <name>pre_init.c.obj</name>
      </input_file>
      <input_file id="fl-28">
         <path>C:\ti\ccs1281\ccs\tools\compiler\ti-cgt-c2000_22.6.1.LTS\lib\</path>
         <kind>archive</kind>
         <file>rts2800_fpu32.lib</file>
         <name>startup.c.obj</name>
      </input_file>
      <input_file id="fl-29">
         <path>C:\ti\ccs1281\ccs\tools\compiler\ti-cgt-c2000_22.6.1.LTS\lib\</path>
         <kind>archive</kind>
         <file>rts2800_fpu32.lib</file>
         <name>exit.c.obj</name>
      </input_file>
      <input_file id="fl-2a">
         <path>C:\ti\ccs1281\ccs\tools\compiler\ti-cgt-c2000_22.6.1.LTS\lib\</path>
         <kind>archive</kind>
         <file>rts2800_fpu32.lib</file>
         <name>_lock.c.obj</name>
      </input_file>
      <input_file id="fl-2b">
         <path>C:\ti\ccs1281\ccs\tools\compiler\ti-cgt-c2000_22.6.1.LTS\lib\</path>
         <kind>archive</kind>
         <file>rts2800_fpu32.lib</file>
         <name>args_main.c.obj</name>
      </input_file>
   </input_file_list>
   <object_component_list>
      <object_component id="oc-121">
         <name>.cinit</name>
         <load_address>0x83cbc</load_address>
         <run_address>0x83cbc</run_address>
         <size>0x240</size>
         <input_file_ref idref="fl-d"/>
      </object_component>
      <object_component id="oc-131">
         <name>.cinit</name>
         <load_address>0x83efc</load_address>
         <run_address>0x83efc</run_address>
         <size>0x15</size>
         <input_file_ref idref="fl-e"/>
      </object_component>
      <object_component id="oc-16f">
         <name>.cinit</name>
         <load_address>0x83f11</load_address>
         <run_address>0x83f11</run_address>
         <size>0xe</size>
         <input_file_ref idref="fl-29"/>
      </object_component>
      <object_component id="oc-91">
         <name>.cinit</name>
         <load_address>0x83f1f</load_address>
         <run_address>0x83f1f</run_address>
         <size>0xc</size>
         <input_file_ref idref="fl-4"/>
      </object_component>
      <object_component id="oc-a7">
         <name>.cinit:_DAC_PTR</name>
         <load_address>0x83f2b</load_address>
         <run_address>0x83f2b</run_address>
         <size>0xb</size>
         <input_file_ref idref="fl-4"/>
      </object_component>
      <object_component id="oc-195">
         <name>.cinit:_posArray</name>
         <load_address>0x83f36</load_address>
         <run_address>0x83f36</run_address>
         <size>0xb</size>
         <input_file_ref idref="fl-d"/>
      </object_component>
      <object_component id="oc-13e">
         <name>.cinit</name>
         <load_address>0x83f41</load_address>
         <run_address>0x83f41</run_address>
         <size>0x8</size>
         <input_file_ref idref="fl-10"/>
      </object_component>
      <object_component id="oc-18b">
         <name>.cinit:__lock</name>
         <load_address>0x83f49</load_address>
         <run_address>0x83f49</run_address>
         <size>0x5</size>
         <input_file_ref idref="fl-2a"/>
      </object_component>
      <object_component id="oc-19d">
         <name>.cinit:__unlock</name>
         <load_address>0x83f4e</load_address>
         <run_address>0x83f4e</run_address>
         <size>0x5</size>
         <input_file_ref idref="fl-2a"/>
      </object_component>
      <object_component id="oc-18d">
         <name>.cinit:_rxData</name>
         <load_address>0x83f53</load_address>
         <run_address>0x83f53</run_address>
         <size>0x4</size>
         <input_file_ref idref="fl-e"/>
      </object_component>
      <object_component id="oc-191">
         <name>.cinit:_txData</name>
         <load_address>0x83f57</load_address>
         <run_address>0x83f57</run_address>
         <size>0x4</size>
         <input_file_ref idref="fl-e"/>
      </object_component>
      <object_component id="oc-189">
         <name>.text</name>
         <load_address>0x82000</load_address>
         <run_address>0x82000</run_address>
         <size>0x589</size>
         <input_file_ref idref="fl-d"/>
      </object_component>
      <object_component id="oc-98">
         <name>.text:retain</name>
         <load_address>0x82589</load_address>
         <run_address>0x82589</run_address>
         <size>0x588</size>
         <input_file_ref idref="fl-5"/>
      </object_component>
      <object_component id="oc-187">
         <name>.text</name>
         <load_address>0x82b11</load_address>
         <run_address>0x82b11</run_address>
         <size>0x3d0</size>
         <input_file_ref idref="fl-11"/>
      </object_component>
      <object_component id="oc-186">
         <name>.text</name>
         <load_address>0x82ee1</load_address>
         <run_address>0x82ee1</run_address>
         <size>0x2ea</size>
         <input_file_ref idref="fl-e"/>
      </object_component>
      <object_component id="oc-19e">
         <name>.text</name>
         <load_address>0x831cb</load_address>
         <run_address>0x831cb</run_address>
         <size>0x2e5</size>
         <input_file_ref idref="fl-a"/>
      </object_component>
      <object_component id="oc-196">
         <name>.text</name>
         <load_address>0x834b0</load_address>
         <run_address>0x834b0</run_address>
         <size>0x1db</size>
         <input_file_ref idref="fl-f"/>
      </object_component>
      <object_component id="oc-185">
         <name>.text</name>
         <load_address>0x8368b</load_address>
         <run_address>0x8368b</run_address>
         <size>0x1ca</size>
         <input_file_ref idref="fl-7"/>
      </object_component>
      <object_component id="oc-192">
         <name>.text</name>
         <load_address>0x83855</load_address>
         <run_address>0x83855</run_address>
         <size>0x15a</size>
         <input_file_ref idref="fl-12"/>
      </object_component>
      <object_component id="oc-19f">
         <name>.text</name>
         <load_address>0x839af</load_address>
         <run_address>0x839af</run_address>
         <size>0xe5</size>
         <input_file_ref idref="fl-2"/>
      </object_component>
      <object_component id="oc-18e">
         <name>.text</name>
         <load_address>0x83a94</load_address>
         <run_address>0x83a94</run_address>
         <size>0x64</size>
         <input_file_ref idref="fl-10"/>
      </object_component>
      <object_component id="oc-84">
         <name>.text</name>
         <load_address>0x83af8</load_address>
         <run_address>0x83af8</run_address>
         <size>0x56</size>
         <input_file_ref idref="fl-24"/>
      </object_component>
      <object_component id="oc-18f">
         <name>.text</name>
         <load_address>0x83b4e</load_address>
         <run_address>0x83b4e</run_address>
         <size>0x4e</size>
         <input_file_ref idref="fl-13"/>
      </object_component>
      <object_component id="oc-133">
         <name>.text:retain</name>
         <load_address>0x83b9c</load_address>
         <run_address>0x83b9c</run_address>
         <size>0x47</size>
         <input_file_ref idref="fl-e"/>
      </object_component>
      <object_component id="oc-183">
         <name>.text</name>
         <load_address>0x83be3</load_address>
         <run_address>0x83be3</run_address>
         <size>0x29</size>
         <input_file_ref idref="fl-29"/>
      </object_component>
      <object_component id="oc-197">
         <name>.text</name>
         <load_address>0x83c0c</load_address>
         <run_address>0x83c0c</run_address>
         <size>0x28</size>
         <input_file_ref idref="fl-8"/>
      </object_component>
      <object_component id="oc-180">
         <name>.text</name>
         <load_address>0x83c34</load_address>
         <run_address>0x83c34</run_address>
         <size>0x24</size>
         <input_file_ref idref="fl-25"/>
      </object_component>
      <object_component id="oc-188">
         <name>.text</name>
         <load_address>0x83c58</load_address>
         <run_address>0x83c58</run_address>
         <size>0x1d</size>
         <input_file_ref idref="fl-26"/>
      </object_component>
      <object_component id="oc-182">
         <name>.text</name>
         <load_address>0x83c75</load_address>
         <run_address>0x83c75</run_address>
         <size>0x12</size>
         <input_file_ref idref="fl-2b"/>
      </object_component>
      <object_component id="oc-198">
         <name>.text</name>
         <load_address>0x83c87</load_address>
         <run_address>0x83c87</run_address>
         <size>0x11</size>
         <input_file_ref idref="fl-9"/>
      </object_component>
      <object_component id="oc-14a">
         <name>.text:retain</name>
         <load_address>0x83c98</load_address>
         <run_address>0x83c98</run_address>
         <size>0xf</size>
         <input_file_ref idref="fl-12"/>
      </object_component>
      <object_component id="oc-19c">
         <name>.text</name>
         <load_address>0x83ca7</load_address>
         <run_address>0x83ca7</run_address>
         <size>0x9</size>
         <input_file_ref idref="fl-2a"/>
      </object_component>
      <object_component id="oc-8a">
         <name>.text</name>
         <load_address>0x83cb0</load_address>
         <run_address>0x83cb0</run_address>
         <size>0x8</size>
         <input_file_ref idref="fl-3"/>
      </object_component>
      <object_component id="oc-17f">
         <name>.text</name>
         <load_address>0x83cb8</load_address>
         <run_address>0x83cb8</run_address>
         <size>0x2</size>
         <input_file_ref idref="fl-27"/>
      </object_component>
      <object_component id="oc-181">
         <name>.text</name>
         <load_address>0x83cba</load_address>
         <run_address>0x83cba</run_address>
         <size>0x1</size>
         <input_file_ref idref="fl-28"/>
      </object_component>
      <object_component id="oc-8b">
         <name>codestart</name>
         <load_address>0x80000</load_address>
         <run_address>0x80000</run_address>
         <size>0x2</size>
         <input_file_ref idref="fl-3"/>
      </object_component>
      <object_component id="oc-12b">
         <name>ramfuncs:retain</name>
         <load_address>0x86000</load_address>
         <run_address>0x8000</run_address>
         <size>0x50c</size>
         <input_file_ref idref="fl-d"/>
      </object_component>
      <object_component id="oc-1a2">
         <name>ramfuncs</name>
         <load_address>0x8650c</load_address>
         <run_address>0x850c</run_address>
         <size>0x58</size>
         <input_file_ref idref="fl-a"/>
      </object_component>
      <object_component id="oc-11b">
         <name>ramfuncs</name>
         <load_address>0x86564</load_address>
         <run_address>0x8564</run_address>
         <size>0x4</size>
         <input_file_ref idref="fl-c"/>
      </object_component>
      <object_component id="oc-154">
         <name>.stack</name>
         <uninitialized>true</uninitialized>
         <run_address>0x400</run_address>
         <size>0x0</size>
         <input_file_ref idref="fl-24"/>
      </object_component>
      <object_component id="oc-22f">
         <name>.stack</name>
         <uninitialized>true</uninitialized>
         <run_address>0x400</run_address>
         <size>0x0</size>
      </object_component>
      <object_component id="oc-122">
         <name>.ebss</name>
         <uninitialized>true</uninitialized>
         <run_address>0xa800</run_address>
         <size>0x210</size>
         <input_file_ref idref="fl-d"/>
      </object_component>
      <object_component id="oc-132">
         <name>.ebss</name>
         <uninitialized>true</uninitialized>
         <run_address>0xaa10</run_address>
         <size>0x2a</size>
         <input_file_ref idref="fl-e"/>
      </object_component>
      <object_component id="oc-170">
         <name>.ebss</name>
         <uninitialized>true</uninitialized>
         <run_address>0xaa3a</run_address>
         <size>0x6</size>
         <input_file_ref idref="fl-29"/>
      </object_component>
      <object_component id="oc-194">
         <name>.ebss:_posArray</name>
         <uninitialized>true</uninitialized>
         <run_address>0xaa40</run_address>
         <size>0x10</size>
         <input_file_ref idref="fl-d"/>
      </object_component>
      <object_component id="oc-184">
         <name>.ebss:_DAC_PTR</name>
         <uninitialized>true</uninitialized>
         <run_address>0xaa50</run_address>
         <size>0x8</size>
         <input_file_ref idref="fl-4"/>
      </object_component>
      <object_component id="oc-18c">
         <name>.ebss:_rxData</name>
         <uninitialized>true</uninitialized>
         <run_address>0xaa58</run_address>
         <size>0x8</size>
         <input_file_ref idref="fl-e"/>
      </object_component>
      <object_component id="oc-190">
         <name>.ebss:_txData</name>
         <uninitialized>true</uninitialized>
         <run_address>0xaa60</run_address>
         <size>0x8</size>
         <input_file_ref idref="fl-e"/>
      </object_component>
      <object_component id="oc-199">
         <name>.ebss:_VTimer0</name>
         <uninitialized>true</uninitialized>
         <run_address>0xaa68</run_address>
         <size>0x4</size>
         <input_file_ref idref="fl-d"/>
      </object_component>
      <object_component id="oc-19a">
         <name>.ebss:_VTimer1</name>
         <uninitialized>true</uninitialized>
         <run_address>0xaa6c</run_address>
         <size>0x4</size>
         <input_file_ref idref="fl-d"/>
      </object_component>
      <object_component id="oc-19b">
         <name>.ebss:_VTimer2</name>
         <uninitialized>true</uninitialized>
         <run_address>0xaa70</run_address>
         <size>0x4</size>
         <input_file_ref idref="fl-d"/>
      </object_component>
      <object_component id="oc-92">
         <name>.ebss</name>
         <uninitialized>true</uninitialized>
         <run_address>0xaa74</run_address>
         <size>0x3</size>
         <input_file_ref idref="fl-4"/>
      </object_component>
      <object_component id="oc-18a">
         <name>.ebss:__lock</name>
         <uninitialized>true</uninitialized>
         <run_address>0xaa78</run_address>
         <size>0x2</size>
         <input_file_ref idref="fl-2a"/>
      </object_component>
      <object_component id="oc-1a1">
         <name>.ebss:__unlock</name>
         <uninitialized>true</uninitialized>
         <run_address>0xaa7a</run_address>
         <size>0x2</size>
         <input_file_ref idref="fl-2a"/>
      </object_component>
      <object_component id="oc-13f">
         <name>.ebss</name>
         <uninitialized>true</uninitialized>
         <run_address>0xaa7c</run_address>
         <size>0x2</size>
         <input_file_ref idref="fl-10"/>
      </object_component>
      <object_component id="oc-1a0">
         <name>.econst:_PieVectTableInit</name>
         <load_address>0x90000</load_address>
         <run_address>0x90000</run_address>
         <size>0x1c0</size>
         <input_file_ref idref="fl-9"/>
      </object_component>
      <object_component id="oc-193">
         <name>.econst:_g_ui16CANBitValues</name>
         <load_address>0x901c0</load_address>
         <run_address>0x901c0</run_address>
         <size>0x9</size>
         <input_file_ref idref="fl-11"/>
      </object_component>
      <object_component id="oc-155">
         <name>.reset</name>
         <load_address>0x3fffc0</load_address>
         <run_address>0x3fffc0</run_address>
         <size>0x2</size>
         <input_file_ref idref="fl-24"/>
      </object_component>
      <object_component id="oc-123">
         <name>ramgs0</name>
         <uninitialized>true</uninitialized>
         <run_address>0xc000</run_address>
         <size>0xbb8</size>
         <input_file_ref idref="fl-d"/>
      </object_component>
      <object_component id="oc-124">
         <name>ramgs1</name>
         <uninitialized>true</uninitialized>
         <run_address>0xd000</run_address>
         <size>0xbb8</size>
         <input_file_ref idref="fl-d"/>
      </object_component>
      <object_component id="oc-125">
         <name>ramgs2</name>
         <uninitialized>true</uninitialized>
         <run_address>0xe000</run_address>
         <size>0xbb8</size>
         <input_file_ref idref="fl-d"/>
      </object_component>
      <object_component id="oc-126">
         <name>ramgs3</name>
         <uninitialized>true</uninitialized>
         <run_address>0xf000</run_address>
         <size>0xbb8</size>
         <input_file_ref idref="fl-d"/>
      </object_component>
      <object_component id="oc-127">
         <name>ramgs4</name>
         <uninitialized>true</uninitialized>
         <run_address>0x10000</run_address>
         <size>0xbb8</size>
         <input_file_ref idref="fl-d"/>
      </object_component>
      <object_component id="oc-128">
         <name>ramgs5</name>
         <uninitialized>true</uninitialized>
         <run_address>0x11000</run_address>
         <size>0xbb8</size>
         <input_file_ref idref="fl-d"/>
      </object_component>
      <object_component id="oc-129">
         <name>ramgs6</name>
         <uninitialized>true</uninitialized>
         <run_address>0x12000</run_address>
         <size>0xbb8</size>
         <input_file_ref idref="fl-d"/>
      </object_component>
      <object_component id="oc-12a">
         <name>ramgs7</name>
         <uninitialized>true</uninitialized>
         <run_address>0x13000</run_address>
         <size>0xbb8</size>
         <input_file_ref idref="fl-d"/>
      </object_component>
      <object_component id="oc-1a3">
         <name>.TI.memcrc:_ccs_flash_checksum</name>
         <load_address>0x0</load_address>
         <run_address>0x0</run_address>
         <size>0xba</size>
      </object_component>
      <object_component id="oc-100">
         <name>PieVectTableFile</name>
         <uninitialized>true</uninitialized>
         <run_address>0xd00</run_address>
         <size>0x1c0</size>
         <input_file_ref idref="fl-6"/>
      </object_component>
      <object_component id="oc-9e">
         <name>EmuKeyVar</name>
         <uninitialized>true</uninitialized>
         <run_address>0xd00</run_address>
         <size>0x1</size>
         <input_file_ref idref="fl-6"/>
      </object_component>
      <object_component id="oc-9f">
         <name>EmuBModeVar</name>
         <uninitialized>true</uninitialized>
         <run_address>0xd01</run_address>
         <size>0x1</size>
         <input_file_ref idref="fl-6"/>
      </object_component>
      <object_component id="oc-b6">
         <name>AdcaResultFile</name>
         <uninitialized>true</uninitialized>
         <run_address>0xb00</run_address>
         <size>0x18</size>
         <input_file_ref idref="fl-6"/>
      </object_component>
      <object_component id="oc-b7">
         <name>AdcbResultFile</name>
         <uninitialized>true</uninitialized>
         <run_address>0xb20</run_address>
         <size>0x18</size>
         <input_file_ref idref="fl-6"/>
      </object_component>
      <object_component id="oc-b8">
         <name>AdccResultFile</name>
         <uninitialized>true</uninitialized>
         <run_address>0xb40</run_address>
         <size>0x18</size>
         <input_file_ref idref="fl-6"/>
      </object_component>
      <object_component id="oc-b9">
         <name>AdcdResultFile</name>
         <uninitialized>true</uninitialized>
         <run_address>0xb60</run_address>
         <size>0x18</size>
         <input_file_ref idref="fl-6"/>
      </object_component>
      <object_component id="oc-e7">
         <name>AdcaRegsFile</name>
         <uninitialized>true</uninitialized>
         <run_address>0x7400</run_address>
         <size>0x80</size>
         <input_file_ref idref="fl-6"/>
      </object_component>
      <object_component id="oc-e8">
         <name>AdcbRegsFile</name>
         <uninitialized>true</uninitialized>
         <run_address>0x7480</run_address>
         <size>0x80</size>
         <input_file_ref idref="fl-6"/>
      </object_component>
      <object_component id="oc-e9">
         <name>AdccRegsFile</name>
         <uninitialized>true</uninitialized>
         <run_address>0x7500</run_address>
         <size>0x80</size>
         <input_file_ref idref="fl-6"/>
      </object_component>
      <object_component id="oc-ea">
         <name>AdcdRegsFile</name>
         <uninitialized>true</uninitialized>
         <run_address>0x7580</run_address>
         <size>0x80</size>
         <input_file_ref idref="fl-6"/>
      </object_component>
      <object_component id="oc-e3">
         <name>AnalogSubsysRegsFile</name>
         <uninitialized>true</uninitialized>
         <run_address>0x5d180</run_address>
         <size>0x48</size>
         <input_file_ref idref="fl-6"/>
      </object_component>
      <object_component id="oc-de">
         <name>Cla1RegsFile</name>
         <uninitialized>true</uninitialized>
         <run_address>0x1400</run_address>
         <size>0x3e</size>
         <input_file_ref idref="fl-6"/>
      </object_component>
      <object_component id="oc-a3">
         <name>Cla1SoftIntRegsFile</name>
         <uninitialized>true</uninitialized>
         <run_address>0xce0</run_address>
         <size>0x4</size>
         <input_file_ref idref="fl-6"/>
      </object_component>
      <object_component id="oc-bc">
         <name>Cmpss1RegsFile</name>
         <uninitialized>true</uninitialized>
         <run_address>0x5c80</run_address>
         <size>0x20</size>
         <input_file_ref idref="fl-6"/>
      </object_component>
      <object_component id="oc-bd">
         <name>Cmpss2RegsFile</name>
         <uninitialized>true</uninitialized>
         <run_address>0x5ca0</run_address>
         <size>0x20</size>
         <input_file_ref idref="fl-6"/>
      </object_component>
      <object_component id="oc-be">
         <name>Cmpss3RegsFile</name>
         <uninitialized>true</uninitialized>
         <run_address>0x5cc0</run_address>
         <size>0x20</size>
         <input_file_ref idref="fl-6"/>
      </object_component>
      <object_component id="oc-bf">
         <name>Cmpss4RegsFile</name>
         <uninitialized>true</uninitialized>
         <run_address>0x5ce0</run_address>
         <size>0x20</size>
         <input_file_ref idref="fl-6"/>
      </object_component>
      <object_component id="oc-c0">
         <name>Cmpss5RegsFile</name>
         <uninitialized>true</uninitialized>
         <run_address>0x5d00</run_address>
         <size>0x20</size>
         <input_file_ref idref="fl-6"/>
      </object_component>
      <object_component id="oc-c1">
         <name>Cmpss6RegsFile</name>
         <uninitialized>true</uninitialized>
         <run_address>0x5d20</run_address>
         <size>0x20</size>
         <input_file_ref idref="fl-6"/>
      </object_component>
      <object_component id="oc-c2">
         <name>Cmpss7RegsFile</name>
         <uninitialized>true</uninitialized>
         <run_address>0x5d40</run_address>
         <size>0x20</size>
         <input_file_ref idref="fl-6"/>
      </object_component>
      <object_component id="oc-c3">
         <name>Cmpss8RegsFile</name>
         <uninitialized>true</uninitialized>
         <run_address>0x5d60</run_address>
         <size>0x20</size>
         <input_file_ref idref="fl-6"/>
      </object_component>
      <object_component id="oc-aa">
         <name>CpuTimer0RegsFile</name>
         <uninitialized>true</uninitialized>
         <run_address>0xc00</run_address>
         <size>0x8</size>
         <input_file_ref idref="fl-6"/>
      </object_component>
      <object_component id="oc-ab">
         <name>CpuTimer1RegsFile</name>
         <uninitialized>true</uninitialized>
         <run_address>0xc08</run_address>
         <size>0x8</size>
         <input_file_ref idref="fl-6"/>
      </object_component>
      <object_component id="oc-ac">
         <name>CpuTimer2RegsFile</name>
         <uninitialized>true</uninitialized>
         <run_address>0xc10</run_address>
         <size>0x8</size>
         <input_file_ref idref="fl-6"/>
      </object_component>
      <object_component id="oc-a6">
         <name>DacaRegsFile</name>
         <uninitialized>true</uninitialized>
         <run_address>0x5c00</run_address>
         <size>0x8</size>
         <input_file_ref idref="fl-6"/>
      </object_component>
      <object_component id="oc-a8">
         <name>DacbRegsFile</name>
         <uninitialized>true</uninitialized>
         <run_address>0x5c10</run_address>
         <size>0x8</size>
         <input_file_ref idref="fl-6"/>
      </object_component>
      <object_component id="oc-a9">
         <name>DaccRegsFile</name>
         <uninitialized>true</uninitialized>
         <run_address>0x5c20</run_address>
         <size>0x8</size>
         <input_file_ref idref="fl-6"/>
      </object_component>
      <object_component id="oc-d5">
         <name>DcsmZ1RegsFile</name>
         <uninitialized>true</uninitialized>
         <run_address>0x5f000</run_address>
         <size>0x24</size>
         <input_file_ref idref="fl-6"/>
      </object_component>
      <object_component id="oc-d6">
         <name>DcsmZ2RegsFile</name>
         <uninitialized>true</uninitialized>
         <run_address>0x5f040</run_address>
         <size>0x24</size>
         <input_file_ref idref="fl-6"/>
      </object_component>
      <object_component id="oc-ad">
         <name>DcsmCommonRegsFile</name>
         <uninitialized>true</uninitialized>
         <run_address>0x5f070</run_address>
         <size>0x8</size>
         <input_file_ref idref="fl-6"/>
      </object_component>
      <object_component id="oc-c4">
         <name>DcsmZ1OtpFile</name>
         <uninitialized>true</uninitialized>
         <run_address>0x78000</run_address>
         <size>0x20</size>
         <input_file_ref idref="fl-6"/>
      </object_component>
      <object_component id="oc-c5">
         <name>DcsmZ2OtpFile</name>
         <uninitialized>true</uninitialized>
         <run_address>0x78200</run_address>
         <size>0x20</size>
         <input_file_ref idref="fl-6"/>
      </object_component>
      <object_component id="oc-ef">
         <name>DmaRegsFile</name>
         <uninitialized>true</uninitialized>
         <run_address>0x1000</run_address>
         <size>0xe0</size>
         <input_file_ref idref="fl-6"/>
      </object_component>
      <object_component id="oc-ba">
         <name>DmaClaSrcSelRegsFile</name>
         <uninitialized>true</uninitialized>
         <run_address>0x7980</run_address>
         <size>0x1a</size>
         <input_file_ref idref="fl-6"/>
      </object_component>
      <object_component id="oc-c6">
         <name>ECap1RegsFile</name>
         <uninitialized>true</uninitialized>
         <run_address>0x5000</run_address>
         <size>0x20</size>
         <input_file_ref idref="fl-6"/>
      </object_component>
      <object_component id="oc-c7">
         <name>ECap2RegsFile</name>
         <uninitialized>true</uninitialized>
         <run_address>0x5020</run_address>
         <size>0x20</size>
         <input_file_ref idref="fl-6"/>
      </object_component>
      <object_component id="oc-c8">
         <name>ECap3RegsFile</name>
         <uninitialized>true</uninitialized>
         <run_address>0x5040</run_address>
         <size>0x20</size>
         <input_file_ref idref="fl-6"/>
      </object_component>
      <object_component id="oc-c9">
         <name>ECap4RegsFile</name>
         <uninitialized>true</uninitialized>
         <run_address>0x5060</run_address>
         <size>0x20</size>
         <input_file_ref idref="fl-6"/>
      </object_component>
      <object_component id="oc-ca">
         <name>ECap5RegsFile</name>
         <uninitialized>true</uninitialized>
         <run_address>0x5080</run_address>
         <size>0x20</size>
         <input_file_ref idref="fl-6"/>
      </object_component>
      <object_component id="oc-cb">
         <name>ECap6RegsFile</name>
         <uninitialized>true</uninitialized>
         <run_address>0x50a0</run_address>
         <size>0x20</size>
         <input_file_ref idref="fl-6"/>
      </object_component>
      <object_component id="oc-e5">
         <name>Emif1RegsFile</name>
         <uninitialized>true</uninitialized>
         <run_address>0x47000</run_address>
         <size>0x70</size>
         <input_file_ref idref="fl-6"/>
      </object_component>
      <object_component id="oc-e6">
         <name>Emif2RegsFile</name>
         <uninitialized>true</uninitialized>
         <run_address>0x47800</run_address>
         <size>0x70</size>
         <input_file_ref idref="fl-6"/>
      </object_component>
      <object_component id="oc-f0">
         <name>EPwm1RegsFile</name>
         <uninitialized>true</uninitialized>
         <run_address>0x4000</run_address>
         <size>0x100</size>
         <input_file_ref idref="fl-6"/>
      </object_component>
      <object_component id="oc-f1">
         <name>EPwm2RegsFile</name>
         <uninitialized>true</uninitialized>
         <run_address>0x4100</run_address>
         <size>0x100</size>
         <input_file_ref idref="fl-6"/>
      </object_component>
      <object_component id="oc-f2">
         <name>EPwm3RegsFile</name>
         <uninitialized>true</uninitialized>
         <run_address>0x4200</run_address>
         <size>0x100</size>
         <input_file_ref idref="fl-6"/>
      </object_component>
      <object_component id="oc-f3">
         <name>EPwm4RegsFile</name>
         <uninitialized>true</uninitialized>
         <run_address>0x4300</run_address>
         <size>0x100</size>
         <input_file_ref idref="fl-6"/>
      </object_component>
      <object_component id="oc-f4">
         <name>EPwm5RegsFile</name>
         <uninitialized>true</uninitialized>
         <run_address>0x4400</run_address>
         <size>0x100</size>
         <input_file_ref idref="fl-6"/>
      </object_component>
      <object_component id="oc-f5">
         <name>EPwm6RegsFile</name>
         <uninitialized>true</uninitialized>
         <run_address>0x4500</run_address>
         <size>0x100</size>
         <input_file_ref idref="fl-6"/>
      </object_component>
      <object_component id="oc-f6">
         <name>EPwm7RegsFile</name>
         <uninitialized>true</uninitialized>
         <run_address>0x4600</run_address>
         <size>0x100</size>
         <input_file_ref idref="fl-6"/>
      </object_component>
      <object_component id="oc-f7">
         <name>EPwm8RegsFile</name>
         <uninitialized>true</uninitialized>
         <run_address>0x4700</run_address>
         <size>0x100</size>
         <input_file_ref idref="fl-6"/>
      </object_component>
      <object_component id="oc-f8">
         <name>EPwm9RegsFile</name>
         <uninitialized>true</uninitialized>
         <run_address>0x4800</run_address>
         <size>0x100</size>
         <input_file_ref idref="fl-6"/>
      </object_component>
      <object_component id="oc-f9">
         <name>EPwm10RegsFile</name>
         <uninitialized>true</uninitialized>
         <run_address>0x4900</run_address>
         <size>0x100</size>
         <input_file_ref idref="fl-6"/>
      </object_component>
      <object_component id="oc-fa">
         <name>EPwm11RegsFile</name>
         <uninitialized>true</uninitialized>
         <run_address>0x4a00</run_address>
         <size>0x100</size>
         <input_file_ref idref="fl-6"/>
      </object_component>
      <object_component id="oc-fb">
         <name>EPwm12RegsFile</name>
         <uninitialized>true</uninitialized>
         <run_address>0x4b00</run_address>
         <size>0x100</size>
         <input_file_ref idref="fl-6"/>
      </object_component>
      <object_component id="oc-df">
         <name>EPwmXbarRegsFile</name>
         <uninitialized>true</uninitialized>
         <run_address>0x7a00</run_address>
         <size>0x40</size>
         <input_file_ref idref="fl-6"/>
      </object_component>
      <object_component id="oc-d0">
         <name>EQep1RegsFile</name>
         <uninitialized>true</uninitialized>
         <run_address>0x5100</run_address>
         <size>0x22</size>
         <input_file_ref idref="fl-6"/>
      </object_component>
      <object_component id="oc-d1">
         <name>EQep2RegsFile</name>
         <uninitialized>true</uninitialized>
         <run_address>0x5140</run_address>
         <size>0x22</size>
         <input_file_ref idref="fl-6"/>
      </object_component>
      <object_component id="oc-d2">
         <name>EQep3RegsFile</name>
         <uninitialized>true</uninitialized>
         <run_address>0x5180</run_address>
         <size>0x22</size>
         <input_file_ref idref="fl-6"/>
      </object_component>
      <object_component id="oc-fe">
         <name>Flash0CtrlRegsFile</name>
         <uninitialized>true</uninitialized>
         <run_address>0x5f800</run_address>
         <size>0x182</size>
         <input_file_ref idref="fl-6"/>
      </object_component>
      <object_component id="oc-d9">
         <name>Flash0EccRegsFile</name>
         <uninitialized>true</uninitialized>
         <run_address>0x5fb00</run_address>
         <size>0x28</size>
         <input_file_ref idref="fl-6"/>
      </object_component>
      <object_component id="oc-ff">
         <name>Flash1CtrlRegsFile</name>
         <uninitialized>true</uninitialized>
         <run_address>0x5fc00</run_address>
         <size>0x182</size>
         <input_file_ref idref="fl-6"/>
      </object_component>
      <object_component id="oc-da">
         <name>Flash1EccRegsFile</name>
         <uninitialized>true</uninitialized>
         <run_address>0x5ff00</run_address>
         <size>0x28</size>
         <input_file_ref idref="fl-6"/>
      </object_component>
      <object_component id="oc-fd">
         <name>GpioCtrlRegsFile</name>
         <uninitialized>true</uninitialized>
         <run_address>0x7c00</run_address>
         <size>0x180</size>
         <input_file_ref idref="fl-6"/>
      </object_component>
      <object_component id="oc-dc">
         <name>GpioDataRegsFile</name>
         <uninitialized>true</uninitialized>
         <run_address>0x7f00</run_address>
         <size>0x30</size>
         <input_file_ref idref="fl-6"/>
      </object_component>
      <object_component id="oc-e0">
         <name>OutputXbarRegsFile</name>
         <uninitialized>true</uninitialized>
         <run_address>0x7a80</run_address>
         <size>0x40</size>
         <input_file_ref idref="fl-6"/>
      </object_component>
      <object_component id="oc-d3">
         <name>I2caRegsFile</name>
         <uninitialized>true</uninitialized>
         <run_address>0x7300</run_address>
         <size>0x22</size>
         <input_file_ref idref="fl-6"/>
      </object_component>
      <object_component id="oc-d4">
         <name>I2cbRegsFile</name>
         <uninitialized>true</uninitialized>
         <run_address>0x7340</run_address>
         <size>0x22</size>
         <input_file_ref idref="fl-6"/>
      </object_component>
      <object_component id="oc-cc">
         <name>InputXbarRegsFile</name>
         <uninitialized>true</uninitialized>
         <run_address>0x7900</run_address>
         <size>0x20</size>
         <input_file_ref idref="fl-6"/>
      </object_component>
      <object_component id="oc-cd">
         <name>XbarRegsFile</name>
         <uninitialized>true</uninitialized>
         <run_address>0x7920</run_address>
         <size>0x20</size>
         <input_file_ref idref="fl-6"/>
      </object_component>
      <object_component id="oc-a0">
         <name>FlashPumpSemaphoreRegsFile</name>
         <uninitialized>true</uninitialized>
         <run_address>0x50024</run_address>
         <size>0x2</size>
         <input_file_ref idref="fl-6"/>
      </object_component>
      <object_component id="oc-a1">
         <name>RomPrefetchRegsFile</name>
         <uninitialized>true</uninitialized>
         <run_address>0x5e608</run_address>
         <size>0x2</size>
         <input_file_ref idref="fl-6"/>
      </object_component>
      <object_component id="oc-eb">
         <name>MemCfgRegsFile</name>
         <uninitialized>true</uninitialized>
         <run_address>0x5f400</run_address>
         <size>0x80</size>
         <input_file_ref idref="fl-6"/>
      </object_component>
      <object_component id="oc-ce">
         <name>Emif1ConfigRegsFile</name>
         <uninitialized>true</uninitialized>
         <run_address>0x5f480</run_address>
         <size>0x20</size>
         <input_file_ref idref="fl-6"/>
      </object_component>
      <object_component id="oc-cf">
         <name>Emif2ConfigRegsFile</name>
         <uninitialized>true</uninitialized>
         <run_address>0x5f4a0</run_address>
         <size>0x20</size>
         <input_file_ref idref="fl-6"/>
      </object_component>
      <object_component id="oc-e1">
         <name>AccessProtectionRegsFile</name>
         <uninitialized>true</uninitialized>
         <run_address>0x5f4c0</run_address>
         <size>0x40</size>
         <input_file_ref idref="fl-6"/>
      </object_component>
      <object_component id="oc-e2">
         <name>MemoryErrorRegsFile</name>
         <uninitialized>true</uninitialized>
         <run_address>0x5f500</run_address>
         <size>0x40</size>
         <input_file_ref idref="fl-6"/>
      </object_component>
      <object_component id="oc-a2">
         <name>RomWaitStateRegsFile</name>
         <uninitialized>true</uninitialized>
         <run_address>0x5f540</run_address>
         <size>0x2</size>
         <input_file_ref idref="fl-6"/>
      </object_component>
      <object_component id="oc-d7">
         <name>McbspaRegsFile</name>
         <uninitialized>true</uninitialized>
         <run_address>0x6000</run_address>
         <size>0x24</size>
         <input_file_ref idref="fl-6"/>
      </object_component>
      <object_component id="oc-d8">
         <name>McbspbRegsFile</name>
         <uninitialized>true</uninitialized>
         <run_address>0x6040</run_address>
         <size>0x24</size>
         <input_file_ref idref="fl-6"/>
      </object_component>
      <object_component id="oc-e4">
         <name>UppRegsFile</name>
         <uninitialized>true</uninitialized>
         <run_address>0x6200</run_address>
         <size>0x48</size>
         <input_file_ref idref="fl-6"/>
      </object_component>
      <object_component id="oc-a5">
         <name>NmiIntruptRegsFile</name>
         <uninitialized>true</uninitialized>
         <run_address>0x7060</run_address>
         <size>0x7</size>
         <input_file_ref idref="fl-6"/>
      </object_component>
      <object_component id="oc-bb">
         <name>PieCtrlRegsFile</name>
         <uninitialized>true</uninitialized>
         <run_address>0xce0</run_address>
         <size>0x1a</size>
         <input_file_ref idref="fl-6"/>
      </object_component>
      <object_component id="oc-af">
         <name>SciaRegsFile</name>
         <uninitialized>true</uninitialized>
         <run_address>0x7200</run_address>
         <size>0x10</size>
         <input_file_ref idref="fl-6"/>
      </object_component>
      <object_component id="oc-b0">
         <name>ScibRegsFile</name>
         <uninitialized>true</uninitialized>
         <run_address>0x7210</run_address>
         <size>0x10</size>
         <input_file_ref idref="fl-6"/>
      </object_component>
      <object_component id="oc-b1">
         <name>ScicRegsFile</name>
         <uninitialized>true</uninitialized>
         <run_address>0x7220</run_address>
         <size>0x10</size>
         <input_file_ref idref="fl-6"/>
      </object_component>
      <object_component id="oc-b2">
         <name>ScidRegsFile</name>
         <uninitialized>true</uninitialized>
         <run_address>0x7230</run_address>
         <size>0x10</size>
         <input_file_ref idref="fl-6"/>
      </object_component>
      <object_component id="oc-ec">
         <name>Sdfm1RegsFile</name>
         <uninitialized>true</uninitialized>
         <run_address>0x5e00</run_address>
         <size>0x80</size>
         <input_file_ref idref="fl-6"/>
      </object_component>
      <object_component id="oc-ed">
         <name>Sdfm2RegsFile</name>
         <uninitialized>true</uninitialized>
         <run_address>0x5e80</run_address>
         <size>0x80</size>
         <input_file_ref idref="fl-6"/>
      </object_component>
      <object_component id="oc-b3">
         <name>SpiaRegsFile</name>
         <uninitialized>true</uninitialized>
         <run_address>0x6100</run_address>
         <size>0x10</size>
         <input_file_ref idref="fl-6"/>
      </object_component>
      <object_component id="oc-b4">
         <name>SpibRegsFile</name>
         <uninitialized>true</uninitialized>
         <run_address>0x6110</run_address>
         <size>0x10</size>
         <input_file_ref idref="fl-6"/>
      </object_component>
      <object_component id="oc-b5">
         <name>SpicRegsFile</name>
         <uninitialized>true</uninitialized>
         <run_address>0x6120</run_address>
         <size>0x10</size>
         <input_file_ref idref="fl-6"/>
      </object_component>
      <object_component id="oc-fc">
         <name>DevCfgRegsFile</name>
         <uninitialized>true</uninitialized>
         <run_address>0x5d000</run_address>
         <size>0x12e</size>
         <input_file_ref idref="fl-6"/>
      </object_component>
      <object_component id="oc-dd">
         <name>ClkCfgRegsFile</name>
         <uninitialized>true</uninitialized>
         <run_address>0x5d200</run_address>
         <size>0x32</size>
         <input_file_ref idref="fl-6"/>
      </object_component>
      <object_component id="oc-ee">
         <name>CpuSysRegsFile</name>
         <uninitialized>true</uninitialized>
         <run_address>0x5d300</run_address>
         <size>0x82</size>
         <input_file_ref idref="fl-6"/>
      </object_component>
      <object_component id="oc-a4">
         <name>SyncSocRegsFile</name>
         <uninitialized>true</uninitialized>
         <run_address>0x7940</run_address>
         <size>0x6</size>
         <input_file_ref idref="fl-6"/>
      </object_component>
      <object_component id="oc-db">
         <name>WdRegsFile</name>
         <uninitialized>true</uninitialized>
         <run_address>0x7000</run_address>
         <size>0x2b</size>
         <input_file_ref idref="fl-6"/>
      </object_component>
      <object_component id="oc-ae">
         <name>XintRegsFile</name>
         <uninitialized>true</uninitialized>
         <run_address>0x7070</run_address>
         <size>0xb</size>
         <input_file_ref idref="fl-6"/>
      </object_component>
      <object_component id="oc-85">
         <name>.debug_info</name>
         <load_address>0x0</load_address>
         <run_address>0x0</run_address>
         <size>0x47a9</size>
         <input_file_ref idref="fl-2"/>
      </object_component>
      <object_component id="oc-8d">
         <name>.debug_info</name>
         <load_address>0x47a9</load_address>
         <run_address>0x47a9</run_address>
         <size>0x123</size>
         <input_file_ref idref="fl-3"/>
      </object_component>
      <object_component id="oc-90">
         <name>.debug_info</name>
         <load_address>0x48cc</load_address>
         <run_address>0x48cc</run_address>
         <size>0x95f</size>
         <input_file_ref idref="fl-4"/>
      </object_component>
      <object_component id="oc-97">
         <name>.debug_info</name>
         <load_address>0x522b</load_address>
         <run_address>0x522b</run_address>
         <size>0x34cf</size>
         <input_file_ref idref="fl-5"/>
      </object_component>
      <object_component id="oc-9d">
         <name>.debug_info</name>
         <load_address>0x86fa</load_address>
         <run_address>0x86fa</run_address>
         <size>0x4b0be</size>
         <input_file_ref idref="fl-6"/>
      </object_component>
      <object_component id="oc-102">
         <name>.debug_info</name>
         <load_address>0x537b8</load_address>
         <run_address>0x537b8</run_address>
         <size>0x18706</size>
         <input_file_ref idref="fl-7"/>
      </object_component>
      <object_component id="oc-107">
         <name>.debug_info</name>
         <load_address>0x6bebe</load_address>
         <run_address>0x6bebe</run_address>
         <size>0x3547</size>
         <input_file_ref idref="fl-8"/>
      </object_component>
      <object_component id="oc-10c">
         <name>.debug_info</name>
         <load_address>0x6f405</load_address>
         <run_address>0x6f405</run_address>
         <size>0x66fd</size>
         <input_file_ref idref="fl-9"/>
      </object_component>
      <object_component id="oc-111">
         <name>.debug_info</name>
         <load_address>0x75b02</load_address>
         <run_address>0x75b02</run_address>
         <size>0x83a8</size>
         <input_file_ref idref="fl-a"/>
      </object_component>
      <object_component id="oc-116">
         <name>.debug_info</name>
         <load_address>0x7deaa</load_address>
         <run_address>0x7deaa</run_address>
         <size>0x1fc7</size>
         <input_file_ref idref="fl-b"/>
      </object_component>
      <object_component id="oc-11d">
         <name>.debug_info</name>
         <load_address>0x7fe71</load_address>
         <run_address>0x7fe71</run_address>
         <size>0xed</size>
         <input_file_ref idref="fl-c"/>
      </object_component>
      <object_component id="oc-120">
         <name>.debug_info</name>
         <load_address>0x7ff5e</load_address>
         <run_address>0x7ff5e</run_address>
         <size>0x2a901</size>
         <input_file_ref idref="fl-d"/>
      </object_component>
      <object_component id="oc-130">
         <name>.debug_info</name>
         <load_address>0xaa85f</load_address>
         <run_address>0xaa85f</run_address>
         <size>0x6966</size>
         <input_file_ref idref="fl-e"/>
      </object_component>
      <object_component id="oc-138">
         <name>.debug_info</name>
         <load_address>0xb11c5</load_address>
         <run_address>0xb11c5</run_address>
         <size>0xd5fd</size>
         <input_file_ref idref="fl-f"/>
      </object_component>
      <object_component id="oc-13d">
         <name>.debug_info</name>
         <load_address>0xbe7c2</load_address>
         <run_address>0xbe7c2</run_address>
         <size>0x770</size>
         <input_file_ref idref="fl-10"/>
      </object_component>
      <object_component id="oc-144">
         <name>.debug_info</name>
         <load_address>0xbef32</load_address>
         <run_address>0xbef32</run_address>
         <size>0x381b</size>
         <input_file_ref idref="fl-11"/>
      </object_component>
      <object_component id="oc-149">
         <name>.debug_info</name>
         <load_address>0xc274d</load_address>
         <run_address>0xc274d</run_address>
         <size>0x5f4b</size>
         <input_file_ref idref="fl-12"/>
      </object_component>
      <object_component id="oc-14f">
         <name>.debug_info</name>
         <load_address>0xc8698</load_address>
         <run_address>0xc8698</run_address>
         <size>0xe19</size>
         <input_file_ref idref="fl-13"/>
      </object_component>
      <object_component id="oc-156">
         <name>.debug_info</name>
         <load_address>0xc94b1</load_address>
         <run_address>0xc94b1</run_address>
         <size>0x173</size>
         <input_file_ref idref="fl-24"/>
      </object_component>
      <object_component id="oc-15a">
         <name>.debug_info</name>
         <load_address>0xc9624</load_address>
         <run_address>0xc9624</run_address>
         <size>0x561</size>
         <input_file_ref idref="fl-25"/>
      </object_component>
      <object_component id="oc-15f">
         <name>.debug_info</name>
         <load_address>0xc9b85</load_address>
         <run_address>0xc9b85</run_address>
         <size>0x43a</size>
         <input_file_ref idref="fl-26"/>
      </object_component>
      <object_component id="oc-164">
         <name>.debug_info</name>
         <load_address>0xc9fbf</load_address>
         <run_address>0xc9fbf</run_address>
         <size>0x3ad</size>
         <input_file_ref idref="fl-27"/>
      </object_component>
      <object_component id="oc-169">
         <name>.debug_info</name>
         <load_address>0xca36c</load_address>
         <run_address>0xca36c</run_address>
         <size>0x3aa</size>
         <input_file_ref idref="fl-28"/>
      </object_component>
      <object_component id="oc-16e">
         <name>.debug_info</name>
         <load_address>0xca716</load_address>
         <run_address>0xca716</run_address>
         <size>0x544</size>
         <input_file_ref idref="fl-29"/>
      </object_component>
      <object_component id="oc-175">
         <name>.debug_info</name>
         <load_address>0xcac5a</load_address>
         <run_address>0xcac5a</run_address>
         <size>0x4cc</size>
         <input_file_ref idref="fl-2a"/>
      </object_component>
      <object_component id="oc-17a">
         <name>.debug_info</name>
         <load_address>0xcb126</load_address>
         <run_address>0xcb126</run_address>
         <size>0x467</size>
         <input_file_ref idref="fl-2b"/>
      </object_component>
      <object_component id="oc-233">
         <name>.debug_info</name>
         <load_address>0xcb58d</load_address>
         <run_address>0xcb58d</run_address>
         <size>0xa8</size>
      </object_component>
      <object_component id="oc-86">
         <name>.debug_frame</name>
         <load_address>0x0</load_address>
         <run_address>0x0</run_address>
         <size>0x74</size>
         <input_file_ref idref="fl-2"/>
      </object_component>
      <object_component id="oc-93">
         <name>.debug_frame</name>
         <load_address>0x74</load_address>
         <run_address>0x74</run_address>
         <size>0x28</size>
         <input_file_ref idref="fl-4"/>
      </object_component>
      <object_component id="oc-99">
         <name>.debug_frame</name>
         <load_address>0x9c</load_address>
         <run_address>0x9c</run_address>
         <size>0x11d8</size>
         <input_file_ref idref="fl-5"/>
      </object_component>
      <object_component id="oc-103">
         <name>.debug_frame</name>
         <load_address>0x1274</load_address>
         <run_address>0x1274</run_address>
         <size>0x1b0</size>
         <input_file_ref idref="fl-7"/>
      </object_component>
      <object_component id="oc-108">
         <name>.debug_frame</name>
         <load_address>0x1424</load_address>
         <run_address>0x1424</run_address>
         <size>0x58</size>
         <input_file_ref idref="fl-8"/>
      </object_component>
      <object_component id="oc-10d">
         <name>.debug_frame</name>
         <load_address>0x147c</load_address>
         <run_address>0x147c</run_address>
         <size>0x40</size>
         <input_file_ref idref="fl-9"/>
      </object_component>
      <object_component id="oc-112">
         <name>.debug_frame</name>
         <load_address>0x14bc</load_address>
         <run_address>0x14bc</run_address>
         <size>0x224</size>
         <input_file_ref idref="fl-a"/>
      </object_component>
      <object_component id="oc-117">
         <name>.debug_frame</name>
         <load_address>0x16e0</load_address>
         <run_address>0x16e0</run_address>
         <size>0x28</size>
         <input_file_ref idref="fl-b"/>
      </object_component>
      <object_component id="oc-12c">
         <name>.debug_frame</name>
         <load_address>0x1708</load_address>
         <run_address>0x1708</run_address>
         <size>0x308</size>
         <input_file_ref idref="fl-d"/>
      </object_component>
      <object_component id="oc-134">
         <name>.debug_frame</name>
         <load_address>0x1a10</load_address>
         <run_address>0x1a10</run_address>
         <size>0x280</size>
         <input_file_ref idref="fl-e"/>
      </object_component>
      <object_component id="oc-139">
         <name>.debug_frame</name>
         <load_address>0x1c90</load_address>
         <run_address>0x1c90</run_address>
         <size>0x110</size>
         <input_file_ref idref="fl-f"/>
      </object_component>
      <object_component id="oc-140">
         <name>.debug_frame</name>
         <load_address>0x1da0</load_address>
         <run_address>0x1da0</run_address>
         <size>0xd8</size>
         <input_file_ref idref="fl-10"/>
      </object_component>
      <object_component id="oc-145">
         <name>.debug_frame</name>
         <load_address>0x1e78</load_address>
         <run_address>0x1e78</run_address>
         <size>0x344</size>
         <input_file_ref idref="fl-11"/>
      </object_component>
      <object_component id="oc-14b">
         <name>.debug_frame</name>
         <load_address>0x21bc</load_address>
         <run_address>0x21bc</run_address>
         <size>0x12c</size>
         <input_file_ref idref="fl-12"/>
      </object_component>
      <object_component id="oc-150">
         <name>.debug_frame</name>
         <load_address>0x22e8</load_address>
         <run_address>0x22e8</run_address>
         <size>0x118</size>
         <input_file_ref idref="fl-13"/>
      </object_component>
      <object_component id="oc-15b">
         <name>.debug_frame</name>
         <load_address>0x2400</load_address>
         <run_address>0x2400</run_address>
         <size>0x60</size>
         <input_file_ref idref="fl-25"/>
      </object_component>
      <object_component id="oc-160">
         <name>.debug_frame</name>
         <load_address>0x2460</load_address>
         <run_address>0x2460</run_address>
         <size>0x40</size>
         <input_file_ref idref="fl-26"/>
      </object_component>
      <object_component id="oc-165">
         <name>.debug_frame</name>
         <load_address>0x24a0</load_address>
         <run_address>0x24a0</run_address>
         <size>0x40</size>
         <input_file_ref idref="fl-27"/>
      </object_component>
      <object_component id="oc-16a">
         <name>.debug_frame</name>
         <load_address>0x24e0</load_address>
         <run_address>0x24e0</run_address>
         <size>0x40</size>
         <input_file_ref idref="fl-28"/>
      </object_component>
      <object_component id="oc-171">
         <name>.debug_frame</name>
         <load_address>0x2520</load_address>
         <run_address>0x2520</run_address>
         <size>0x60</size>
         <input_file_ref idref="fl-29"/>
      </object_component>
      <object_component id="oc-176">
         <name>.debug_frame</name>
         <load_address>0x2580</load_address>
         <run_address>0x2580</run_address>
         <size>0x70</size>
         <input_file_ref idref="fl-2a"/>
      </object_component>
      <object_component id="oc-17b">
         <name>.debug_frame</name>
         <load_address>0x25f0</load_address>
         <run_address>0x25f0</run_address>
         <size>0x40</size>
         <input_file_ref idref="fl-2b"/>
      </object_component>
      <object_component id="oc-87">
         <name>.debug_line</name>
         <load_address>0x0</load_address>
         <run_address>0x0</run_address>
         <size>0xe0</size>
         <input_file_ref idref="fl-2"/>
      </object_component>
      <object_component id="oc-8c">
         <name>.debug_line</name>
         <load_address>0xe0</load_address>
         <run_address>0xe0</run_address>
         <size>0x60</size>
         <input_file_ref idref="fl-3"/>
      </object_component>
      <object_component id="oc-94">
         <name>.debug_line</name>
         <load_address>0x140</load_address>
         <run_address>0x140</run_address>
         <size>0x39</size>
         <input_file_ref idref="fl-4"/>
      </object_component>
      <object_component id="oc-9a">
         <name>.debug_line</name>
         <load_address>0x179</load_address>
         <run_address>0x179</run_address>
         <size>0xc4b</size>
         <input_file_ref idref="fl-5"/>
      </object_component>
      <object_component id="oc-104">
         <name>.debug_line</name>
         <load_address>0xdc4</load_address>
         <run_address>0xdc4</run_address>
         <size>0x248</size>
         <input_file_ref idref="fl-7"/>
      </object_component>
      <object_component id="oc-109">
         <name>.debug_line</name>
         <load_address>0x100c</load_address>
         <run_address>0x100c</run_address>
         <size>0x7b</size>
         <input_file_ref idref="fl-8"/>
      </object_component>
      <object_component id="oc-10e">
         <name>.debug_line</name>
         <load_address>0x1087</load_address>
         <run_address>0x1087</run_address>
         <size>0x53</size>
         <input_file_ref idref="fl-9"/>
      </object_component>
      <object_component id="oc-113">
         <name>.debug_line</name>
         <load_address>0x10da</load_address>
         <run_address>0x10da</run_address>
         <size>0x3b1</size>
         <input_file_ref idref="fl-a"/>
      </object_component>
      <object_component id="oc-118">
         <name>.debug_line</name>
         <load_address>0x148b</load_address>
         <run_address>0x148b</run_address>
         <size>0x3a</size>
         <input_file_ref idref="fl-b"/>
      </object_component>
      <object_component id="oc-11c">
         <name>.debug_line</name>
         <load_address>0x14c5</load_address>
         <run_address>0x14c5</run_address>
         <size>0x47</size>
         <input_file_ref idref="fl-c"/>
      </object_component>
      <object_component id="oc-12d">
         <name>.debug_line</name>
         <load_address>0x150c</load_address>
         <run_address>0x150c</run_address>
         <size>0x8c7</size>
         <input_file_ref idref="fl-d"/>
      </object_component>
      <object_component id="oc-135">
         <name>.debug_line</name>
         <load_address>0x1dd3</load_address>
         <run_address>0x1dd3</run_address>
         <size>0x341</size>
         <input_file_ref idref="fl-e"/>
      </object_component>
      <object_component id="oc-13a">
         <name>.debug_line</name>
         <load_address>0x2114</load_address>
         <run_address>0x2114</run_address>
         <size>0x1e6</size>
         <input_file_ref idref="fl-f"/>
      </object_component>
      <object_component id="oc-141">
         <name>.debug_line</name>
         <load_address>0x22fa</load_address>
         <run_address>0x22fa</run_address>
         <size>0xfe</size>
         <input_file_ref idref="fl-10"/>
      </object_component>
      <object_component id="oc-146">
         <name>.debug_line</name>
         <load_address>0x23f8</load_address>
         <run_address>0x23f8</run_address>
         <size>0x564</size>
         <input_file_ref idref="fl-11"/>
      </object_component>
      <object_component id="oc-14c">
         <name>.debug_line</name>
         <load_address>0x295c</load_address>
         <run_address>0x295c</run_address>
         <size>0x17d</size>
         <input_file_ref idref="fl-12"/>
      </object_component>
      <object_component id="oc-151">
         <name>.debug_line</name>
         <load_address>0x2ad9</load_address>
         <run_address>0x2ad9</run_address>
         <size>0x130</size>
         <input_file_ref idref="fl-13"/>
      </object_component>
      <object_component id="oc-157">
         <name>.debug_line</name>
         <load_address>0x2c09</load_address>
         <run_address>0x2c09</run_address>
         <size>0x7e</size>
         <input_file_ref idref="fl-24"/>
      </object_component>
      <object_component id="oc-15c">
         <name>.debug_line</name>
         <load_address>0x2c87</load_address>
         <run_address>0x2c87</run_address>
         <size>0x50</size>
         <input_file_ref idref="fl-25"/>
      </object_component>
      <object_component id="oc-161">
         <name>.debug_line</name>
         <load_address>0x2cd7</load_address>
         <run_address>0x2cd7</run_address>
         <size>0x62</size>
         <input_file_ref idref="fl-26"/>
      </object_component>
      <object_component id="oc-166">
         <name>.debug_line</name>
         <load_address>0x2d39</load_address>
         <run_address>0x2d39</run_address>
         <size>0x3e</size>
         <input_file_ref idref="fl-27"/>
      </object_component>
      <object_component id="oc-16b">
         <name>.debug_line</name>
         <load_address>0x2d77</load_address>
         <run_address>0x2d77</run_address>
         <size>0x3a</size>
         <input_file_ref idref="fl-28"/>
      </object_component>
      <object_component id="oc-172">
         <name>.debug_line</name>
         <load_address>0x2db1</load_address>
         <run_address>0x2db1</run_address>
         <size>0x65</size>
         <input_file_ref idref="fl-29"/>
      </object_component>
      <object_component id="oc-177">
         <name>.debug_line</name>
         <load_address>0x2e16</load_address>
         <run_address>0x2e16</run_address>
         <size>0x5e</size>
         <input_file_ref idref="fl-2a"/>
      </object_component>
      <object_component id="oc-17c">
         <name>.debug_line</name>
         <load_address>0x2e74</load_address>
         <run_address>0x2e74</run_address>
         <size>0x4f</size>
         <input_file_ref idref="fl-2b"/>
      </object_component>
      <object_component id="oc-88">
         <name>.debug_abbrev</name>
         <load_address>0x0</load_address>
         <run_address>0x0</run_address>
         <size>0x11c</size>
         <input_file_ref idref="fl-2"/>
      </object_component>
      <object_component id="oc-8e">
         <name>.debug_abbrev</name>
         <load_address>0x11c</load_address>
         <run_address>0x11c</run_address>
         <size>0x21</size>
         <input_file_ref idref="fl-3"/>
      </object_component>
      <object_component id="oc-95">
         <name>.debug_abbrev</name>
         <load_address>0x13d</load_address>
         <run_address>0x13d</run_address>
         <size>0x128</size>
         <input_file_ref idref="fl-4"/>
      </object_component>
      <object_component id="oc-9b">
         <name>.debug_abbrev</name>
         <load_address>0x265</load_address>
         <run_address>0x265</run_address>
         <size>0xe0</size>
         <input_file_ref idref="fl-5"/>
      </object_component>
      <object_component id="oc-101">
         <name>.debug_abbrev</name>
         <load_address>0x345</load_address>
         <run_address>0x345</run_address>
         <size>0xcb</size>
         <input_file_ref idref="fl-6"/>
      </object_component>
      <object_component id="oc-105">
         <name>.debug_abbrev</name>
         <load_address>0x410</load_address>
         <run_address>0x410</run_address>
         <size>0x198</size>
         <input_file_ref idref="fl-7"/>
      </object_component>
      <object_component id="oc-10a">
         <name>.debug_abbrev</name>
         <load_address>0x5a8</load_address>
         <run_address>0x5a8</run_address>
         <size>0xc8</size>
         <input_file_ref idref="fl-8"/>
      </object_component>
      <object_component id="oc-10f">
         <name>.debug_abbrev</name>
         <load_address>0x670</load_address>
         <run_address>0x670</run_address>
         <size>0x116</size>
         <input_file_ref idref="fl-9"/>
      </object_component>
      <object_component id="oc-114">
         <name>.debug_abbrev</name>
         <load_address>0x786</load_address>
         <run_address>0x786</run_address>
         <size>0x1c8</size>
         <input_file_ref idref="fl-a"/>
      </object_component>
      <object_component id="oc-119">
         <name>.debug_abbrev</name>
         <load_address>0x94e</load_address>
         <run_address>0x94e</run_address>
         <size>0x17f</size>
         <input_file_ref idref="fl-b"/>
      </object_component>
      <object_component id="oc-11e">
         <name>.debug_abbrev</name>
         <load_address>0xacd</load_address>
         <run_address>0xacd</run_address>
         <size>0x2f</size>
         <input_file_ref idref="fl-c"/>
      </object_component>
      <object_component id="oc-12e">
         <name>.debug_abbrev</name>
         <load_address>0xafc</load_address>
         <run_address>0xafc</run_address>
         <size>0x209</size>
         <input_file_ref idref="fl-d"/>
      </object_component>
      <object_component id="oc-136">
         <name>.debug_abbrev</name>
         <load_address>0xd05</load_address>
         <run_address>0xd05</run_address>
         <size>0x202</size>
         <input_file_ref idref="fl-e"/>
      </object_component>
      <object_component id="oc-13b">
         <name>.debug_abbrev</name>
         <load_address>0xf07</load_address>
         <run_address>0xf07</run_address>
         <size>0x16d</size>
         <input_file_ref idref="fl-f"/>
      </object_component>
      <object_component id="oc-142">
         <name>.debug_abbrev</name>
         <load_address>0x1074</load_address>
         <run_address>0x1074</run_address>
         <size>0x105</size>
         <input_file_ref idref="fl-10"/>
      </object_component>
      <object_component id="oc-147">
         <name>.debug_abbrev</name>
         <load_address>0x1179</load_address>
         <run_address>0x1179</run_address>
         <size>0x1c4</size>
         <input_file_ref idref="fl-11"/>
      </object_component>
      <object_component id="oc-14d">
         <name>.debug_abbrev</name>
         <load_address>0x133d</load_address>
         <run_address>0x133d</run_address>
         <size>0x197</size>
         <input_file_ref idref="fl-12"/>
      </object_component>
      <object_component id="oc-152">
         <name>.debug_abbrev</name>
         <load_address>0x14d4</load_address>
         <run_address>0x14d4</run_address>
         <size>0x172</size>
         <input_file_ref idref="fl-13"/>
      </object_component>
      <object_component id="oc-158">
         <name>.debug_abbrev</name>
         <load_address>0x1646</load_address>
         <run_address>0x1646</run_address>
         <size>0x46</size>
         <input_file_ref idref="fl-24"/>
      </object_component>
      <object_component id="oc-15d">
         <name>.debug_abbrev</name>
         <load_address>0x168c</load_address>
         <run_address>0x168c</run_address>
         <size>0xe3</size>
         <input_file_ref idref="fl-25"/>
      </object_component>
      <object_component id="oc-162">
         <name>.debug_abbrev</name>
         <load_address>0x176f</load_address>
         <run_address>0x176f</run_address>
         <size>0xa8</size>
         <input_file_ref idref="fl-26"/>
      </object_component>
      <object_component id="oc-167">
         <name>.debug_abbrev</name>
         <load_address>0x1817</load_address>
         <run_address>0x1817</run_address>
         <size>0x68</size>
         <input_file_ref idref="fl-27"/>
      </object_component>
      <object_component id="oc-16c">
         <name>.debug_abbrev</name>
         <load_address>0x187f</load_address>
         <run_address>0x187f</run_address>
         <size>0x66</size>
         <input_file_ref idref="fl-28"/>
      </object_component>
      <object_component id="oc-173">
         <name>.debug_abbrev</name>
         <load_address>0x18e5</load_address>
         <run_address>0x18e5</run_address>
         <size>0x130</size>
         <input_file_ref idref="fl-29"/>
      </object_component>
      <object_component id="oc-178">
         <name>.debug_abbrev</name>
         <load_address>0x1a15</load_address>
         <run_address>0x1a15</run_address>
         <size>0xb2</size>
         <input_file_ref idref="fl-2a"/>
      </object_component>
      <object_component id="oc-17d">
         <name>.debug_abbrev</name>
         <load_address>0x1ac7</load_address>
         <run_address>0x1ac7</run_address>
         <size>0xee</size>
         <input_file_ref idref="fl-2b"/>
      </object_component>
      <object_component id="oc-234">
         <name>.debug_abbrev</name>
         <load_address>0x1bb5</load_address>
         <run_address>0x1bb5</run_address>
         <size>0xf</size>
      </object_component>
      <object_component id="oc-89">
         <name>.debug_aranges</name>
         <load_address>0x0</load_address>
         <run_address>0x0</run_address>
         <size>0x28</size>
         <input_file_ref idref="fl-2"/>
      </object_component>
      <object_component id="oc-8f">
         <name>.debug_aranges</name>
         <load_address>0x28</load_address>
         <run_address>0x28</run_address>
         <size>0x28</size>
         <input_file_ref idref="fl-3"/>
      </object_component>
      <object_component id="oc-96">
         <name>.debug_aranges</name>
         <load_address>0x50</load_address>
         <run_address>0x50</run_address>
         <size>0x18</size>
         <input_file_ref idref="fl-4"/>
      </object_component>
      <object_component id="oc-9c">
         <name>.debug_aranges</name>
         <load_address>0x68</load_address>
         <run_address>0x68</run_address>
         <size>0x480</size>
         <input_file_ref idref="fl-5"/>
      </object_component>
      <object_component id="oc-106">
         <name>.debug_aranges</name>
         <load_address>0x4e8</load_address>
         <run_address>0x4e8</run_address>
         <size>0x88</size>
         <input_file_ref idref="fl-7"/>
      </object_component>
      <object_component id="oc-10b">
         <name>.debug_aranges</name>
         <load_address>0x570</load_address>
         <run_address>0x570</run_address>
         <size>0x28</size>
         <input_file_ref idref="fl-8"/>
      </object_component>
      <object_component id="oc-110">
         <name>.debug_aranges</name>
         <load_address>0x598</load_address>
         <run_address>0x598</run_address>
         <size>0x20</size>
         <input_file_ref idref="fl-9"/>
      </object_component>
      <object_component id="oc-115">
         <name>.debug_aranges</name>
         <load_address>0x5b8</load_address>
         <run_address>0x5b8</run_address>
         <size>0xb8</size>
         <input_file_ref idref="fl-a"/>
      </object_component>
      <object_component id="oc-11a">
         <name>.debug_aranges</name>
         <load_address>0x670</load_address>
         <run_address>0x670</run_address>
         <size>0x18</size>
         <input_file_ref idref="fl-b"/>
      </object_component>
      <object_component id="oc-11f">
         <name>.debug_aranges</name>
         <load_address>0x688</load_address>
         <run_address>0x688</run_address>
         <size>0x20</size>
         <input_file_ref idref="fl-c"/>
      </object_component>
      <object_component id="oc-12f">
         <name>.debug_aranges</name>
         <load_address>0x6a8</load_address>
         <run_address>0x6a8</run_address>
         <size>0xb8</size>
         <input_file_ref idref="fl-d"/>
      </object_component>
      <object_component id="oc-137">
         <name>.debug_aranges</name>
         <load_address>0x760</load_address>
         <run_address>0x760</run_address>
         <size>0x80</size>
         <input_file_ref idref="fl-e"/>
      </object_component>
      <object_component id="oc-13c">
         <name>.debug_aranges</name>
         <load_address>0x7e0</load_address>
         <run_address>0x7e0</run_address>
         <size>0x60</size>
         <input_file_ref idref="fl-f"/>
      </object_component>
      <object_component id="oc-143">
         <name>.debug_aranges</name>
         <load_address>0x840</load_address>
         <run_address>0x840</run_address>
         <size>0x50</size>
         <input_file_ref idref="fl-10"/>
      </object_component>
      <object_component id="oc-148">
         <name>.debug_aranges</name>
         <load_address>0x890</load_address>
         <run_address>0x890</run_address>
         <size>0xf0</size>
         <input_file_ref idref="fl-11"/>
      </object_component>
      <object_component id="oc-14e">
         <name>.debug_aranges</name>
         <load_address>0x980</load_address>
         <run_address>0x980</run_address>
         <size>0x58</size>
         <input_file_ref idref="fl-12"/>
      </object_component>
      <object_component id="oc-153">
         <name>.debug_aranges</name>
         <load_address>0x9d8</load_address>
         <run_address>0x9d8</run_address>
         <size>0x68</size>
         <input_file_ref idref="fl-13"/>
      </object_component>
      <object_component id="oc-159">
         <name>.debug_aranges</name>
         <load_address>0xa40</load_address>
         <run_address>0xa40</run_address>
         <size>0x20</size>
         <input_file_ref idref="fl-24"/>
      </object_component>
      <object_component id="oc-15e">
         <name>.debug_aranges</name>
         <load_address>0xa60</load_address>
         <run_address>0xa60</run_address>
         <size>0x20</size>
         <input_file_ref idref="fl-25"/>
      </object_component>
      <object_component id="oc-163">
         <name>.debug_aranges</name>
         <load_address>0xa80</load_address>
         <run_address>0xa80</run_address>
         <size>0x20</size>
         <input_file_ref idref="fl-26"/>
      </object_component>
      <object_component id="oc-168">
         <name>.debug_aranges</name>
         <load_address>0xaa0</load_address>
         <run_address>0xaa0</run_address>
         <size>0x20</size>
         <input_file_ref idref="fl-27"/>
      </object_component>
      <object_component id="oc-16d">
         <name>.debug_aranges</name>
         <load_address>0xac0</load_address>
         <run_address>0xac0</run_address>
         <size>0x20</size>
         <input_file_ref idref="fl-28"/>
      </object_component>
      <object_component id="oc-174">
         <name>.debug_aranges</name>
         <load_address>0xae0</load_address>
         <run_address>0xae0</run_address>
         <size>0x28</size>
         <input_file_ref idref="fl-29"/>
      </object_component>
      <object_component id="oc-179">
         <name>.debug_aranges</name>
         <load_address>0xb08</load_address>
         <run_address>0xb08</run_address>
         <size>0x30</size>
         <input_file_ref idref="fl-2a"/>
      </object_component>
      <object_component id="oc-17e">
         <name>.debug_aranges</name>
         <load_address>0xb38</load_address>
         <run_address>0xb38</run_address>
         <size>0x20</size>
         <input_file_ref idref="fl-2b"/>
      </object_component>
   </object_component_list>
   <logical_group_list>
      <logical_group id="lg-2" display="no" color="cyan">
         <name>.cinit</name>
         <load_address>0x83cbc</load_address>
         <run_address>0x83cbc</run_address>
         <size>0x2a1</size>
         <contents>
            <object_component_ref idref="oc-121"/>
            <object_component_ref idref="oc-131"/>
            <object_component_ref idref="oc-16f"/>
            <object_component_ref idref="oc-91"/>
[...]
         <value>0x8251a</value>
         <object_component_ref idref="oc-189"/>
      </symbol>
      <symbol id="sm-59f">
         <name>_C1</name>
         <value>0x82520</value>
         <object_component_ref idref="oc-189"/>
      </symbol>
      <symbol id="sm-5a1">
         <name>_C0</name>
         <value>0x82574</value>
         <object_component_ref idref="oc-189"/>
      </symbol>
      <symbol id="sm-5a3">
         <name>_B3</name>
         <value>0x82526</value>
         <object_component_ref idref="oc-189"/>
      </symbol>
      <symbol id="sm-5a5">
         <name>_B2</name>
         <value>0x8252c</value>
         <object_component_ref idref="oc-189"/>
      </symbol>
      <symbol id="sm-5a7">
         <name>_B1</name>
         <value>0x8253e</value>
         <object_component_ref idref="oc-189"/>
      </symbol>
      <symbol id="sm-5a9">
         <name>_B0</name>
         <value>0x8255f</value>
         <object_component_ref idref="oc-189"/>
      </symbol>
      <symbol id="sm-5ab">
         <name>_A3</name>
         <value>0x82532</value>
         <object_component_ref idref="oc-189"/>
      </symbol>
      <symbol id="sm-5ad">
         <name>_A2</name>
         <value>0x82538</value>
         <object_component_ref idref="oc-189"/>
      </symbol>
      <symbol id="sm-5af">
         <name>_A1</name>
         <value>0x82544</value>
         <object_component_ref idref="oc-189"/>
      </symbol>
      <symbol id="sm-5b1">
         <name>_A0</name>
         <value>0x8254a</value>
         <object_component_ref idref="oc-189"/>
      </symbol>
      <symbol id="sm-5b3">
         <name>_torqueCMD</name>
         <value>0xa820</value>
         <object_component_ref idref="oc-122"/>
      </symbol>
      <symbol id="sm-5b4">
         <name>_OffsetCalCounter</name>
         <value>0xa80b</value>
         <object_component_ref idref="oc-122"/>
      </symbol>
      <symbol id="sm-5b5">
         <name>_LogPos</name>
         <value>0xa80f</value>
         <object_component_ref idref="oc-122"/>
      </symbol>
      <symbol id="sm-5b6">
         <name>_speed_cnt</name>
         <value>0xa808</value>
         <object_component_ref idref="oc-122"/>
      </symbol>
      <symbol id="sm-5b7">
         <name>_HFSinNLog</name>
         <value>0x11000</value>
         <object_component_ref idref="oc-128"/>
      </symbol>
      <symbol id="sm-5b8">
         <name>_EnaDRV_FBK</name>
         <value>0xa806</value>
         <object_component_ref idref="oc-122"/>
      </symbol>
      <symbol id="sm-5b9">
         <name>_sin_pos</name>
         <value>0xa802</value>
         <object_component_ref idref="oc-122"/>
      </symbol>
      <symbol id="sm-5ba">
         <name>_motor1</name>
         <value>0xa8c0</value>
         <object_component_ref idref="oc-122"/>
      </symbol>
      <symbol id="sm-5bb">
         <name>_LogDump</name>
         <value>0x824fb</value>
         <object_component_ref idref="oc-189"/>
      </symbol>
      <symbol id="sm-5bd">
         <name>_EnableFlag</name>
         <value>0xa80a</value>
         <object_component_ref idref="oc-122"/>
      </symbol>
      <symbol id="sm-5be">
         <name>_pid1_speed</name>
         <value>0xa880</value>
         <object_component_ref idref="oc-122"/>
      </symbol>
      <symbol id="sm-5bf">
         <name>_speed_rpm</name>
         <value>0xa828</value>
         <object_component_ref idref="oc-122"/>
      </symbol>
      <symbol id="sm-5c0">
         <name>_posArray</name>
         <value>0xaa40</value>
         <object_component_ref idref="oc-194"/>
      </symbol>
      <symbol id="sm-5c1">
         <name>_ptrMax</name>
         <value>0xa80c</value>
         <object_component_ref idref="oc-122"/>
      </symbol>
      <symbol id="sm-5c2">
         <name>_cos_pos</name>
         <value>0xa801</value>
         <object_component_ref idref="oc-122"/>
      </symbol>
      <symbol id="sm-5c3">
         <name>_EnableDRV</name>
         <value>0xa804</value>
         <object_component_ref idref="oc-122"/>
      </symbol>
      <symbol id="sm-5c4">
         <name>_GPIO_TogglePin</name>
         <value>0x82500</value>
         <object_component_ref idref="oc-189"/>
      </symbol>
      <symbol id="sm-5c6">
         <name>_HFSinPLog</name>
         <value>0x10000</value>
         <object_component_ref idref="oc-127"/>
      </symbol>
      <symbol id="sm-5c7">
         <name>_sin_neg</name>
         <value>0xa803</value>
         <object_component_ref idref="oc-122"/>
      </symbol>
      <symbol id="sm-5c8">
         <name>_ocp_cnt</name>
         <value>0xa805</value>
         <object_component_ref idref="oc-122"/>
      </symbol>
      <symbol id="sm-5c9">
         <name>_Electheta_last</name>
         <value>0xa824</value>
         <object_component_ref idref="oc-122"/>
      </symbol>
      <symbol id="sm-5ca">
         <name>_ramper_speed</name>
         <value>0x82052</value>
         <object_component_ref idref="oc-189"/>
      </symbol>
      <symbol id="sm-5fd">
         <name>_CanTestSend</name>
         <value>0x83174</value>
         <object_component_ref idref="oc-186"/>
      </symbol>
      <symbol id="sm-5ff">
         <name>_SendCanHFCurrentLog</name>
         <value>0x8308c</value>
         <object_component_ref idref="oc-186"/>
      </symbol>
      <symbol id="sm-601">
         <name>_ReceiveCanControl</name>
         <value>0x82ee1</value>
         <object_component_ref idref="oc-186"/>
      </symbol>
      <symbol id="sm-603">
         <name>_canBitClk</name>
         <value>0xaa22</value>
         <object_component_ref idref="oc-132"/>
      </symbol>
      <symbol id="sm-604">
         <name>_InvInitCanInterrupts</name>
         <value>0x830eb</value>
         <object_component_ref idref="oc-186"/>
      </symbol>
      <symbol id="sm-606">
         <name>_can_debug_var</name>
         <value>0xaa16</value>
         <object_component_ref idref="oc-132"/>
      </symbol>
      <symbol id="sm-607">
         <name>_can_it_status</name>
         <value>0xaa11</value>
         <object_component_ref idref="oc-132"/>
      </symbol>
      <symbol id="sm-608">
         <name>_SendCanStatus</name>
         <value>0x82f66</value>
         <object_component_ref idref="oc-186"/>
      </symbol>
      <symbol id="sm-60a">
         <name>_canISR</name>
         <value>0x83b9c</value>
         <object_component_ref idref="oc-133"/>
      </symbol>
      <symbol id="sm-60c">
         <name>_SendCanTemperature</name>
         <value>0x82f16</value>
         <object_component_ref idref="oc-186"/>
      </symbol>
      <symbol id="sm-60e">
         <name>_can_new_data</name>
         <value>0xaa14</value>
         <object_component_ref idref="oc-132"/>
      </symbol>
      <symbol id="sm-60f">
         <name>_InvInitCan</name>
         <value>0x83155</value>
         <object_component_ref idref="oc-186"/>
      </symbol>
      <symbol id="sm-611">
         <name>_CanTestReceive</name>
         <value>0x83197</value>
         <object_component_ref idref="oc-186"/>
      </symbol>
      <symbol id="sm-613">
         <name>_SendCanState</name>
         <value>0x82fc5</value>
         <object_component_ref idref="oc-186"/>
      </symbol>
      <symbol id="sm-615">
         <name>_SendCanHeartbeat</name>
         <value>0x83050</value>
         <object_component_ref idref="oc-186"/>
      </symbol>
      <symbol id="sm-623">
         <name>_PWM_1ch_UpDwnCnt_CNF</name>
         <value>0x834ea</value>
         <object_component_ref idref="oc-196"/>
      </symbol>
      <symbol id="sm-625">
         <name>_ConfigureADC</name>
         <value>0x83635</value>
         <object_component_ref idref="oc-196"/>
      </symbol>
      <symbol id="sm-627">
         <name>_InitMotor1EPwmGpio</name>
         <value>0x835c0</value>
         <object_component_ref idref="oc-196"/>
      </symbol>
      <symbol id="sm-629">
         <name>_InitMotor1_AFMDRV_Gpio</name>
         <value>0x8358d</value>
         <object_component_ref idref="oc-196"/>
      </symbol>
      <symbol id="sm-62b">
         <name>_InitSysCtrl1</name>
         <value>0x83532</value>
         <object_component_ref idref="oc-196"/>
      </symbol>
      <symbol id="sm-62d">
         <name>_InitMotor1EPwmDACGpio</name>
         <value>0x835fd</value>
         <object_component_ref idref="oc-196"/>
      </symbol>
      <symbol id="sm-62f">
         <name>_InitSpiRegs_DRV830x</name>
         <value>0x83574</value>
         <object_component_ref idref="oc-196"/>
      </symbol>
      <symbol id="sm-631">
         <name>_InitGateGpio</name>
         <value>0x83626</value>
         <object_component_ref idref="oc-196"/>
      </symbol>
      <symbol id="sm-633">
         <name>_PWM_1ch_UpDwnCnt_CNF_noDB</name>
         <value>0x834b0</value>
         <object_component_ref idref="oc-196"/>
      </symbol>
      <symbol id="sm-650">
         <name>_reset_fault</name>
         <value>0x83a98</value>
         <object_component_ref idref="oc-18e"/>
      </symbol>
      <symbol id="sm-651">
         <name>_there_is_error</name>
         <value>0x83a96</value>
         <object_component_ref idref="oc-18e"/>
      </symbol>
      <symbol id="sm-653">
         <name>_disable_inverter</name>
         <value>0x83a98</value>
         <object_component_ref idref="oc-18e"/>
      </symbol>
      <symbol id="sm-655">
         <name>_get_status</name>
         <value>0x83a9e</value>
         <object_component_ref idref="oc-18e"/>
      </symbol>
      <symbol id="sm-657">
         <name>_state</name>
         <value>0xaa7c</value>
         <object_component_ref idref="oc-13f"/>
      </symbol>
      <symbol id="sm-658">
         <name>_control</name>
         <value>0x83aca</value>
         <object_component_ref idref="oc-18e"/>
      </symbol>
      <symbol id="sm-65a">
         <name>_everything_is_ok</name>
         <value>0x83a9c</value>
         <object_component_ref idref="oc-18e"/>
      </symbol>
      <symbol id="sm-65c">
         <name>_enable_inverter</name>
         <value>0x83ac5</value>
         <object_component_ref idref="oc-18e"/>
      </symbol>
      <symbol id="sm-65e">
         <name>_there_is_hv</name>
         <value>0x83a94</value>
         <object_component_ref idref="oc-18e"/>
      </symbol>
      <symbol id="sm-6c2">
         <name>_CANGlobalIntEnable</name>
         <value>0x82de1</value>
         <object_component_ref idref="oc-187"/>
      </symbol>
      <symbol id="sm-6c4">
         <name>_CANIntRegister</name>
         <value>0x82d4c</value>
         <object_component_ref idref="oc-187"/>
      </symbol>
      <symbol id="sm-6c6">
         <name>_CANStatusGet</name>
         <value>0x82b11</value>
         <object_component_ref idref="oc-187"/>
      </symbol>
      <symbol id="sm-6c8">
         <name>_CANGlobalIntClear</name>
         <value>0x82ded</value>
         <object_component_ref idref="oc-187"/>
      </symbol>
      <symbol id="sm-6ca">
         <name>_CANMessageGet</name>
         <value>0x82c2f</value>
         <object_component_ref idref="oc-187"/>
      </symbol>
      <symbol id="sm-6cc">
         <name>_CANGlobalIntDisable</name>
         <value>0x82de6</value>
         <object_component_ref idref="oc-187"/>
      </symbol>
      <symbol id="sm-6ce">
         <name>_CANGlobalIntstatusGet</name>
         <value>0x82dd8</value>
         <object_component_ref idref="oc-187"/>
      </symbol>
      <symbol id="sm-6d0">
         <name>_CANIntStatus</name>
         <value>0x82d3f</value>
         <object_component_ref idref="oc-187"/>
      </symbol>
      <symbol id="sm-6d2">
         <name>_CANInit</name>
         <value>0x82d81</value>
         <object_component_ref idref="oc-187"/>
      </symbol>
      <symbol id="sm-6d4">
         <name>_CANErrCntrGet</name>
         <value>0x82df4</value>
         <object_component_ref idref="oc-187"/>
      </symbol>
      <symbol id="sm-6d6">
         <name>_CANEnable</name>
         <value>0x82e02</value>
         <object_component_ref idref="oc-187"/>
      </symbol>
      <symbol id="sm-6d8">
         <name>_CANClkSourceSelect</name>
         <value>0x82e0a</value>
         <object_component_ref idref="oc-187"/>
      </symbol>
      <symbol id="sm-6da">
         <name>_CANRetrySet</name>
         <value>0x82b26</value>
         <object_component_ref idref="oc-187"/>
      </symbol>
      <symbol id="sm-6dc">
         <name>_CANIntClear</name>
         <value>0x82d68</value>
         <object_component_ref idref="oc-187"/>
      </symbol>
      <symbol id="sm-6de">
         <name>_CANMessageSet</name>
         <value>0x82b41</value>
         <object_component_ref idref="oc-187"/>
      </symbol>
      <symbol id="sm-6e0">
         <name>_CANBitTimingGet</name>
         <value>0x82e5c</value>
         <object_component_ref idref="oc-187"/>
      </symbol>
      <symbol id="sm-6e2">
         <name>_CANIntEnable</name>
         <value>0x82d5a</value>
         <object_component_ref idref="oc-187"/>
      </symbol>
      <symbol id="sm-6e4">
         <name>_CANIntUnregister</name>
         <value>0x82d34</value>
         <object_component_ref idref="oc-187"/>
      </symbol>
      <symbol id="sm-6e6">
         <name>_CANIntDisable</name>
         <value>0x82d5f</value>
         <object_component_ref idref="oc-187"/>
      </symbol>
      <symbol id="sm-6e8">
         <name>_CANBitRateSet</name>
         <value>0x82e7a</value>
         <object_component_ref idref="oc-187"/>
      </symbol>
      <symbol id="sm-6ea">
         <name>_CANDisable</name>
         <value>0x82e06</value>
         <object_component_ref idref="oc-187"/>
      </symbol>
      <symbol id="sm-6ec">
         <name>_CANRetryGet</name>
         <value>0x82b31</value>
         <object_component_ref idref="oc-187"/>
      </symbol>
      <symbol id="sm-6ee">
         <name>_CANBitTimingSet</name>
         <value>0x82e2d</value>
         <object_component_ref idref="oc-187"/>
      </symbol>
      <symbol id="sm-6f0">
         <name>_CANMessageClear</name>
         <value>0x82cf6</value>
         <object_component_ref idref="oc-187"/>
      </symbol>
      <symbol id="sm-71d">
         <name>_IntIFRClear</name>
         <value>0x83889</value>
         <object_component_ref idref="oc-192"/>
      </symbol>
      <symbol id="sm-71f">
         <name>_IntRegister</name>
         <value>0x8386b</value>
         <object_component_ref idref="oc-192"/>
      </symbol>
      <symbol id="sm-721">
         <name>_IntUnregister</name>
         <value>0x83855</value>
         <object_component_ref idref="oc-192"/>
      </symbol>
      <symbol id="sm-723">
         <name>_IntMasterDisable</name>
         <value>0x83884</value>
         <object_component_ref idref="oc-192"/>
      </symbol>
      <symbol id="sm-725">
         <name>_IntDefaultHandler</name>
         <value>0x83c98</value>
         <object_component_ref idref="oc-14a"/>
      </symbol>
      <symbol id="sm-727">
         <name>_IntEnable</name>
         <value>0x838fd</value>
         <object_component_ref idref="oc-192"/>
      </symbol>
      <symbol id="sm-729">
         <name>_IntMasterEnable</name>
         <value>0x8387f</value>
         <object_component_ref idref="oc-192"/>
      </symbol>
      <symbol id="sm-72b">
         <name>_IntDisable</name>
         <value>0x83957</value>
         <object_component_ref idref="oc-192"/>
      </symbol>
      <symbol id="sm-738">
         <name>_SysTickIntDisable</name>
         <value>0x83b7a</value>
         <object_component_ref idref="oc-18f"/>
      </symbol>
      <symbol id="sm-73a">
         <name>_SysTickPeriodGet</name>
         <value>0x83b56</value>
         <object_component_ref idref="oc-18f"/>
      </symbol>
      <symbol id="sm-73c">
         <name>_SysTickInit</name>
         <value>0x83b84</value>
         <object_component_ref idref="oc-18f"/>
      </symbol>
      <symbol id="sm-73e">
         <name>_SysTickIntUnregister</name>
         <value>0x83b5a</value>
         <object_component_ref idref="oc-18f"/>
      </symbol>
      <symbol id="sm-740">
         <name>_SysTickIntEnable</name>
         <value>0x83b70</value>
         <object_component_ref idref="oc-18f"/>
      </symbol>
      <symbol id="sm-742">
         <name>_SysTickEnable</name>
         <value>0x83b90</value>
         <object_component_ref idref="oc-18f"/>
      </symbol>
      <symbol id="sm-744">
         <name>_SysTickValueGet</name>
         <value>0x83b4e</value>
         <object_component_ref idref="oc-18f"/>
      </symbol>
      <symbol id="sm-746">
         <name>_SysTickDisable</name>
         <value>0x83b97</value>
         <object_component_ref idref="oc-18f"/>
      </symbol>
      <symbol id="sm-748">
         <name>_SysTickPeriodSet</name>
         <value>0x83b52</value>
         <object_component_ref idref="oc-18f"/>
      </symbol>
      <symbol id="sm-74a">
         <name>_SysTickIntRegister</name>
         <value>0x83b65</value>
         <object_component_ref idref="oc-18f"/>
      </symbol>
      <symbol id="sm-766">
         <name>_c_int00</name>
         <value>0x83af8</value>
         <object_component_ref idref="oc-84"/>
      </symbol>
      <symbol id="sm-767">
         <name>__stack</name>
         <value>0x400</value>
         <object_component_ref idref="oc-154"/>
      </symbol>
      <symbol id="sm-776">
         <name>_copy_in</name>
         <value>0x83c34</value>
         <object_component_ref idref="oc-180"/>
      </symbol>
      <symbol id="sm-788">
         <name>_memcpy</name>
         <value>0x83c58</value>
         <object_component_ref idref="oc-188"/>
      </symbol>
      <symbol id="sm-795">
         <name>__system_pre_init</name>
         <value>0x83cb8</value>
         <object_component_ref idref="oc-17f"/>
      </symbol>
      <symbol id="sm-7a3">
         <name>__system_post_cinit</name>
         <value>0x83cba</value>
         <object_component_ref idref="oc-181"/>
      </symbol>
      <symbol id="sm-7b8">
         <name>C$$EXIT</name>
         <value>0x83be3</value>
         <object_component_ref idref="oc-183"/>
      </symbol>
      <symbol id="sm-7b9">
         <name>_exit</name>
         <value>0x83be5</value>
         <object_component_ref idref="oc-183"/>
      </symbol>
      <symbol id="sm-7bb">
         <name>___TI_cleanup_ptr</name>
         <value>0xaa3c</value>
         <object_component_ref idref="oc-170"/>
      </symbol>
      <symbol id="sm-7bc">
         <name>___TI_enable_exit_profile_output</name>
         <value>0xaa3a</value>
         <object_component_ref idref="oc-170"/>
      </symbol>
      <symbol id="sm-7bd">
         <name>_abort</name>
         <value>0x83be3</value>
         <object_component_ref idref="oc-183"/>
      </symbol>
      <symbol id="sm-7bf">
         <name>___TI_dtors_ptr</name>
         <value>0xaa3e</value>
         <object_component_ref idref="oc-170"/>
      </symbol>
      <symbol id="sm-7d3">
         <name>__unlock</name>
         <value>0xaa7a</value>
         <object_component_ref idref="oc-1a1"/>
      </symbol>
      <symbol id="sm-7d4">
         <name>__lock</name>
         <value>0xaa78</value>
         <object_component_ref idref="oc-18a"/>
      </symbol>
      <symbol id="sm-7d5">
         <name>__register_lock</name>
         <value>0x83cab</value>
         <object_component_ref idref="oc-19c"/>
      </symbol>
      <symbol id="sm-7d7">
         <name>__nop</name>
         <value>0x83caf</value>
         <object_component_ref idref="oc-19c"/>
      </symbol>
      <symbol id="sm-7d9">
         <name>__register_unlock</name>
         <value>0x83ca7</value>
         <object_component_ref idref="oc-19c"/>
      </symbol>
      <symbol id="sm-7e9">
         <name>__args_main</name>
         <value>0x83c75</value>
         <object_component_ref idref="oc-182"/>
      </symbol>
   </symbol_table>
   <title>Link successful</title>
</link_info>
