<?xml version="1.0" encoding="ISO-8859-1" ?>
<link_info>
   <banner>TMS320C2000 Linker Unix v22.6.1.LTS</banner>
   <copyright>Copyright (c) 1996-2018 Texas Instruments Incorporated</copyright>
   <link_time>0x66d9f4bb</link_time>
   <link_errors>0x0</link_errors>
   <output_file>NMS1_20240826-12L.out</output_file>
   <entry_point>
      <name>_c_int00</name>
      <address>0x83b7b</address>
   </entry_point>
   <input_file_list>
      <input_file id="fl-2">
         <path>./</path>
         <kind>object</kind>
         <file>DRV830x_SPI.obj</file>
         <name>DRV830x_SPI.obj</name>
      </input_file>
      <input_file id="fl-3">
         <path>./</path>
         <kind>object</kind>
         <file>F2837xS_Adc.obj</file>
         <name>F2837xS_Adc.obj</name>
      </input_file>
      <input_file id="fl-4">
         <path>./</path>
         <kind>object</kind>
         <file>F2837xS_CodeStartBranch.obj</file>
         <name>F2837xS_CodeStartBranch.obj</name>
      </input_file>
      <input_file id="fl-5">
         <path>./</path>
         <kind>object</kind>
         <file>F2837xS_Dac_setting.obj</file>
         <name>F2837xS_Dac_setting.obj</name>
      </input_file>
      <input_file id="fl-6">
         <path>./</path>
         <kind>object</kind>
         <file>F2837xS_DefaultISR.obj</file>
         <name>F2837xS_DefaultISR.obj</name>
      </input_file>
      <input_file id="fl-7">
         <path>./</path>
         <kind>object</kind>
         <file>F2837xS_GlobalVariableDefs.obj</file>
         <name>F2837xS_GlobalVariableDefs.obj</name>
      </input_file>
      <input_file id="fl-8">
         <path>./</path>
         <kind>object</kind>
         <file>F2837xS_Gpio.obj</file>
         <name>F2837xS_Gpio.obj</name>
      </input_file>
      <input_file id="fl-9">
         <path>./</path>
         <kind>object</kind>
         <file>F2837xS_PieCtrl.obj</file>
         <name>F2837xS_PieCtrl.obj</name>
      </input_file>
      <input_file id="fl-a">
         <path>./</path>
         <kind>object</kind>
         <file>F2837xS_PieVect.obj</file>
         <name>F2837xS_PieVect.obj</name>
      </input_file>
      <input_file id="fl-b">
         <path>./</path>
         <kind>object</kind>
         <file>F2837xS_SysCtrl.obj</file>
         <name>F2837xS_SysCtrl.obj</name>
      </input_file>
      <input_file id="fl-c">
         <path>./</path>
         <kind>object</kind>
         <file>F2837xS_sdfm_drivers.obj</file>
         <name>F2837xS_sdfm_drivers.obj</name>
      </input_file>
      <input_file id="fl-d">
         <path>./</path>
         <kind>object</kind>
         <file>F2837xS_usDelay.obj</file>
         <name>F2837xS_usDelay.obj</name>
      </input_file>
      <input_file id="fl-e">
         <path>./</path>
         <kind>object</kind>
         <file>MonoMtrServo.obj</file>
         <name>MonoMtrServo.obj</name>
      </input_file>
      <input_file id="fl-f">
         <path>./</path>
         <kind>object</kind>
         <file>can_inv.obj</file>
         <name>can_inv.obj</name>
      </input_file>
      <input_file id="fl-10">
         <path>./</path>
         <kind>object</kind>
         <file>config.obj</file>
         <name>config.obj</name>
      </input_file>
      <input_file id="fl-11">
         <path>./</path>
         <kind>object</kind>
         <file>drv8301.obj</file>
         <name>drv8301.obj</name>
      </input_file>
      <input_file id="fl-12">
         <path>./</path>
         <kind>object</kind>
         <file>drv8305.obj</file>
         <name>drv8305.obj</name>
      </input_file>
      <input_file id="fl-13">
         <path>./</path>
         <kind>object</kind>
         <file>inverter_state.obj</file>
         <name>inverter_state.obj</name>
      </input_file>
      <input_file id="fl-14">
         <path>./Lib/F2837xS_common/driverlib/</path>
         <kind>object</kind>
         <file>can.obj</file>
         <name>can.obj</name>
      </input_file>
      <input_file id="fl-15">
         <path>./Lib/F2837xS_common/driverlib/</path>
         <kind>object</kind>
         <file>interrupt.obj</file>
         <name>interrupt.obj</name>
      </input_file>
      <input_file id="fl-16">
         <path>./Lib/F2837xS_common/driverlib/</path>
         <kind>object</kind>
         <file>systick.obj</file>
         <name>systick.obj</name>
      </input_file>
      <input_file id="fl-1b">
         <kind>object</kind>
         <file>&lt;internal&gt;</file>
         <name>&lt;internal&gt;</name>
      </input_file>
      <input_file id="fl-27">
         <path>/Applications/ti/ccs1260/ccs/tools/compiler/ti-cgt-c2000_22.6.1.LTS/lib/</path>
         <kind>archive</kind>
         <file>rts2800_fpu32.lib</file>
         <name>boot28.asm.obj</name>
      </input_file>
      <input_file id="fl-28">
         <path>/Applications/ti/ccs1260/ccs/tools/compiler/ti-cgt-c2000_22.6.1.LTS/lib/</path>
         <kind>archive</kind>
         <file>rts2800_fpu32.lib</file>
         <name>cpy_tbl.c.obj</name>
      </input_file>
      <input_file id="fl-29">
         <path>/Applications/ti/ccs1260/ccs/tools/compiler/ti-cgt-c2000_22.6.1.LTS/lib/</path>
         <kind>archive</kind>
         <file>rts2800_fpu32.lib</file>
         <name>memcpy.c.obj</name>
      </input_file>
      <input_file id="fl-2a">
         <path>/Applications/ti/ccs1260/ccs/tools/compiler/ti-cgt-c2000_22.6.1.LTS/lib/</path>
         <kind>archive</kind>
         <file>rts2800_fpu32.lib</file>
         <name>pre_init.c.obj</name>
      </input_file>
      <input_file id="fl-2b">
         <path>/Applications/ti/ccs1260/ccs/tools/compiler/ti-cgt-c2000_22.6.1.LTS/lib/</path>
         <kind>archive</kind>
         <file>rts2800_fpu32.lib</file>
         <name>startup.c.obj</name>
      </input_file>
      <input_file id="fl-2c">
         <path>/Applications/ti/ccs1260/ccs/tools/compiler/ti-cgt-c2000_22.6.1.LTS/lib/</path>
         <kind>archive</kind>
         <file>rts2800_fpu32.lib</file>
         <name>exit.c.obj</name>
      </input_file>
      <input_file id="fl-2d">
         <path>/Applications/ti/ccs1260/ccs/tools/compiler/ti-cgt-c2000_22.6.1.LTS/lib/</path>
         <kind>archive</kind>
         <file>rts2800_fpu32.lib</file>
         <name>_lock.c.obj</name>
      </input_file>
      <input_file id="fl-2e">
         <path>/Applications/ti/ccs1260/ccs/tools/compiler/ti-cgt-c2000_22.6.1.LTS/lib/</path>
         <kind>archive</kind>
         <file>rts2800_fpu32.lib</file>
         <name>args_main.c.obj</name>
      </input_file>
   </input_file_list>
   <object_component_list>
      <object_component id="oc-11c">
         <name>.cinit</name>
         <load_address>0x84000</load_address>
         <run_address>0x84000</run_address>
         <size>0x31d</size>
         <input_file_ref idref="fl-e"/>
      </object_component>
      <object_component id="oc-124">
         <name>.cinit</name>
         <load_address>0x8431d</load_address>
         <run_address>0x8431d</run_address>
         <size>0x15</size>
         <input_file_ref idref="fl-f"/>
      </object_component>
      <object_component id="oc-16c">
         <name>.cinit</name>
         <load_address>0x84332</load_address>
         <run_address>0x84332</run_address>
         <size>0xe</size>
         <input_file_ref idref="fl-2c"/>
      </object_component>
      <object_component id="oc-8c">
         <name>.cinit</name>
         <load_address>0x84340</load_address>
         <run_address>0x84340</run_address>
         <size>0xc</size>
         <input_file_ref idref="fl-5"/>
      </object_component>
      <object_component id="oc-a2">
         <name>.cinit:_DAC_PTR</name>
         <load_address>0x8434c</load_address>
         <run_address>0x8434c</run_address>
         <size>0xb</size>
         <input_file_ref idref="fl-5"/>
      </object_component>
      <object_component id="oc-192">
         <name>.cinit:_posArray</name>
         <load_address>0x84357</load_address>
         <run_address>0x84357</run_address>
         <size>0xb</size>
         <input_file_ref idref="fl-e"/>
      </object_component>
      <object_component id="oc-13b">
         <name>.cinit</name>
         <load_address>0x84362</load_address>
         <run_address>0x84362</run_address>
         <size>0x8</size>
         <input_file_ref idref="fl-13"/>
      </object_component>
      <object_component id="oc-188">
         <name>.cinit:__lock</name>
         <load_address>0x8436a</load_address>
         <run_address>0x8436a</run_address>
         <size>0x5</size>
         <input_file_ref idref="fl-2d"/>
      </object_component>
      <object_component id="oc-19a">
         <name>.cinit:__unlock</name>
         <load_address>0x8436f</load_address>
         <run_address>0x8436f</run_address>
         <size>0x5</size>
         <input_file_ref idref="fl-2d"/>
      </object_component>
      <object_component id="oc-18c">
         <name>.cinit:_rxData</name>
         <load_address>0x84374</load_address>
         <run_address>0x84374</run_address>
         <size>0x4</size>
         <input_file_ref idref="fl-f"/>
      </object_component>
      <object_component id="oc-190">
         <name>.cinit:_txData</name>
         <load_address>0x84378</load_address>
         <run_address>0x84378</run_address>
         <size>0x4</size>
         <input_file_ref idref="fl-f"/>
      </object_component>
      <object_component id="oc-186">
         <name>.text</name>
         <load_address>0x82000</load_address>
         <run_address>0x82000</run_address>
         <size>0x5f8</size>
         <input_file_ref idref="fl-e"/>
      </object_component>
      <object_component id="oc-93">
         <name>.text:retain</name>
         <load_address>0x825f8</load_address>
         <run_address>0x825f8</run_address>
         <size>0x585</size>
         <input_file_ref idref="fl-6"/>
      </object_component>
      <object_component id="oc-183">
         <name>.text</name>
         <load_address>0x82b7d</load_address>
         <run_address>0x82b7d</run_address>
         <size>0x3ce</size>
         <input_file_ref idref="fl-14"/>
      </object_component>
      <object_component id="oc-184">
         <name>.text</name>
         <load_address>0x82f4b</load_address>
         <run_address>0x82f4b</run_address>
         <size>0x2a0</size>
         <input_file_ref idref="fl-f"/>
      </object_component>
      <object_component id="oc-19b">
         <name>.text</name>
         <load_address>0x831eb</load_address>
         <run_address>0x831eb</run_address>
         <size>0x28f</size>
         <input_file_ref idref="fl-b"/>
      </object_component>
      <object_component id="oc-182">
         <name>.text</name>
         <load_address>0x8347a</load_address>
         <run_address>0x8347a</run_address>
         <size>0x207</size>
         <input_file_ref idref="fl-8"/>
      </object_component>
      <object_component id="oc-196">
         <name>.text</name>
         <load_address>0x83681</load_address>
         <run_address>0x83681</run_address>
         <size>0x205</size>
         <input_file_ref idref="fl-10"/>
      </object_component>
      <object_component id="oc-189">
         <name>.text</name>
         <load_address>0x83886</load_address>
         <run_address>0x83886</run_address>
         <size>0x1a9</size>
         <input_file_ref idref="fl-15"/>
      </object_component>
      <object_component id="oc-19c">
         <name>.text</name>
         <load_address>0x83a2f</load_address>
         <run_address>0x83a2f</run_address>
         <size>0xe8</size>
         <input_file_ref idref="fl-3"/>
      </object_component>
      <object_component id="oc-18d">
         <name>.text</name>
         <load_address>0x83b17</load_address>
         <run_address>0x83b17</run_address>
         <size>0x64</size>
         <input_file_ref idref="fl-13"/>
      </object_component>
      <object_component id="oc-7a">
         <name>.text</name>
         <load_address>0x83b7b</load_address>
         <run_address>0x83b7b</run_address>
         <size>0x56</size>
         <input_file_ref idref="fl-27"/>
      </object_component>
      <object_component id="oc-18e">
         <name>.text</name>
         <load_address>0x83bd1</load_address>
         <run_address>0x83bd1</run_address>
         <size>0x4e</size>
         <input_file_ref idref="fl-16"/>
      </object_component>
      <object_component id="oc-126">
         <name>.text:retain</name>
         <load_address>0x83c1f</load_address>
         <run_address>0x83c1f</run_address>
         <size>0x47</size>
         <input_file_ref idref="fl-f"/>
      </object_component>
      <object_component id="oc-180">
         <name>.text</name>
         <load_address>0x83c66</load_address>
         <run_address>0x83c66</run_address>
         <size>0x29</size>
         <input_file_ref idref="fl-2c"/>
      </object_component>
      <object_component id="oc-197">
         <name>.text</name>
         <load_address>0x83c8f</load_address>
         <run_address>0x83c8f</run_address>
         <size>0x28</size>
         <input_file_ref idref="fl-9"/>
      </object_component>
      <object_component id="oc-17d">
         <name>.text</name>
         <load_address>0x83cb7</load_address>
         <run_address>0x83cb7</run_address>
         <size>0x24</size>
         <input_file_ref idref="fl-28"/>
      </object_component>
      <object_component id="oc-185">
         <name>.text</name>
         <load_address>0x83cdb</load_address>
         <run_address>0x83cdb</run_address>
         <size>0x1d</size>
         <input_file_ref idref="fl-29"/>
      </object_component>
      <object_component id="oc-198">
         <name>.text</name>
         <load_address>0x83cf8</load_address>
         <run_address>0x83cf8</run_address>
         <size>0x14</size>
         <input_file_ref idref="fl-a"/>
      </object_component>
      <object_component id="oc-17f">
         <name>.text</name>
         <load_address>0x83d0c</load_address>
         <run_address>0x83d0c</run_address>
         <size>0x12</size>
         <input_file_ref idref="fl-2e"/>
      </object_component>
      <object_component id="oc-147">
         <name>.text:retain</name>
         <load_address>0x83d1e</load_address>
         <run_address>0x83d1e</run_address>
         <size>0xf</size>
         <input_file_ref idref="fl-15"/>
      </object_component>
      <object_component id="oc-199">
         <name>.text</name>
         <load_address>0x83d2d</load_address>
         <run_address>0x83d2d</run_address>
         <size>0x9</size>
         <input_file_ref idref="fl-2d"/>
      </object_component>
      <object_component id="oc-85">
         <name>.text</name>
         <load_address>0x83d36</load_address>
         <run_address>0x83d36</run_address>
         <size>0x8</size>
         <input_file_ref idref="fl-4"/>
      </object_component>
      <object_component id="oc-17c">
         <name>.text</name>
         <load_address>0x83d3e</load_address>
         <run_address>0x83d3e</run_address>
         <size>0x2</size>
         <input_file_ref idref="fl-2a"/>
      </object_component>
      <object_component id="oc-17e">
         <name>.text</name>
         <load_address>0x83d40</load_address>
         <run_address>0x83d40</run_address>
         <size>0x1</size>
         <input_file_ref idref="fl-2b"/>
      </object_component>
      <object_component id="oc-86">
         <name>codestart</name>
         <load_address>0x80000</load_address>
         <run_address>0x80000</run_address>
         <size>0x2</size>
         <input_file_ref idref="fl-4"/>
      </object_component>
      <object_component id="oc-11e">
         <name>ramfuncs:retain</name>
         <load_address>0x86000</load_address>
         <run_address>0x8000</run_address>
         <size>0x677</size>
         <input_file_ref idref="fl-e"/>
      </object_component>
      <object_component id="oc-19f">
         <name>ramfuncs</name>
         <load_address>0x86677</load_address>
         <run_address>0x8677</run_address>
         <size>0x4a</size>
         <input_file_ref idref="fl-b"/>
      </object_component>
      <object_component id="oc-116">
         <name>ramfuncs</name>
         <load_address>0x866c1</load_address>
         <run_address>0x86c1</run_address>
         <size>0x4</size>
         <input_file_ref idref="fl-d"/>
      </object_component>
      <object_component id="oc-151">
         <name>.stack</name>
         <uninitialized>true</uninitialized>
         <run_address>0x400</run_address>
         <size>0x0</size>
         <input_file_ref idref="fl-27"/>
      </object_component>
      <object_component id="oc-222">
         <name>.stack</name>
         <uninitialized>true</uninitialized>
         <run_address>0x400</run_address>
         <size>0x0</size>
      </object_component>
      <object_component id="oc-11d">
         <name>.ebss</name>
         <uninitialized>true</uninitialized>
         <run_address>0xa800</run_address>
         <size>0x2ac</size>
         <input_file_ref idref="fl-e"/>
      </object_component>
      <object_component id="oc-191">
         <name>.ebss:_posArray</name>
         <uninitialized>true</uninitialized>
         <run_address>0xaaac</run_address>
         <size>0x10</size>
         <input_file_ref idref="fl-e"/>
      </object_component>
      <object_component id="oc-193">
         <name>.ebss:_VTimer0</name>
         <uninitialized>true</uninitialized>
         <run_address>0xaabc</run_address>
         <size>0x4</size>
         <input_file_ref idref="fl-e"/>
      </object_component>
      <object_component id="oc-125">
         <name>.ebss</name>
         <uninitialized>true</uninitialized>
         <run_address>0xaac0</run_address>
         <size>0x28</size>
         <input_file_ref idref="fl-f"/>
      </object_component>
      <object_component id="oc-181">
         <name>.ebss:_DAC_PTR</name>
         <uninitialized>true</uninitialized>
         <run_address>0xaae8</run_address>
         <size>0x8</size>
         <input_file_ref idref="fl-5"/>
      </object_component>
      <object_component id="oc-18b">
         <name>.ebss:_rxData</name>
         <uninitialized>true</uninitialized>
         <run_address>0xaaf0</run_address>
         <size>0x8</size>
         <input_file_ref idref="fl-f"/>
      </object_component>
      <object_component id="oc-18f">
         <name>.ebss:_txData</name>
         <uninitialized>true</uninitialized>
         <run_address>0xaaf8</run_address>
         <size>0x8</size>
         <input_file_ref idref="fl-f"/>
      </object_component>
      <object_component id="oc-16d">
         <name>.ebss</name>
         <uninitialized>true</uninitialized>
         <run_address>0xab00</run_address>
         <size>0x6</size>
         <input_file_ref idref="fl-2c"/>
      </object_component>
      <object_component id="oc-194">
         <name>.ebss:_VTimer1</name>
         <uninitialized>true</uninitialized>
         <run_address>0xab06</run_address>
         <size>0x4</size>
         <input_file_ref idref="fl-e"/>
      </object_component>
      <object_component id="oc-195">
         <name>.ebss:_VTimer2</name>
         <uninitialized>true</uninitialized>
         <run_address>0xab0a</run_address>
         <size>0x4</size>
         <input_file_ref idref="fl-e"/>
      </object_component>
      <object_component id="oc-8d">
         <name>.ebss</name>
         <uninitialized>true</uninitialized>
         <run_address>0xab0e</run_address>
         <size>0x3</size>
         <input_file_ref idref="fl-5"/>
      </object_component>
      <object_component id="oc-187">
         <name>.ebss:__lock</name>
         <uninitialized>true</uninitialized>
         <run_address>0xab12</run_address>
         <size>0x2</size>
         <input_file_ref idref="fl-2d"/>
      </object_component>
      <object_component id="oc-19e">
         <name>.ebss:__unlock</name>
         <uninitialized>true</uninitialized>
         <run_address>0xab14</run_address>
         <size>0x2</size>
         <input_file_ref idref="fl-2d"/>
      </object_component>
      <object_component id="oc-13c">
         <name>.ebss</name>
         <uninitialized>true</uninitialized>
         <run_address>0xab16</run_address>
         <size>0x2</size>
         <input_file_ref idref="fl-13"/>
      </object_component>
      <object_component id="oc-19d">
         <name>.econst:_PieVectTableInit</name>
         <load_address>0x90000</load_address>
         <run_address>0x90000</run_address>
         <size>0x1c0</size>
         <input_file_ref idref="fl-a"/>
      </object_component>
      <object_component id="oc-18a">
         <name>.econst:_g_ui16CANBitValues</name>
         <load_address>0x901c0</load_address>
         <run_address>0x901c0</run_address>
         <size>0x9</size>
         <input_file_ref idref="fl-14"/>
      </object_component>
      <object_component id="oc-152">
         <name>.reset</name>
         <load_address>0x3fffc0</load_address>
         <run_address>0x3fffc0</run_address>
         <size>0x2</size>
         <input_file_ref idref="fl-27"/>
      </object_component>
      <object_component id="oc-1a0">
         <name>.TI.memcrc:_ccs_flash_checksum</name>
         <load_address>0x0</load_address>
         <run_address>0x0</run_address>
         <size>0xba</size>
      </object_component>
      <object_component id="oc-fb">
         <name>PieVectTableFile</name>
         <uninitialized>true</uninitialized>
         <run_address>0xd00</run_address>
         <size>0x1c0</size>
         <input_file_ref idref="fl-7"/>
      </object_component>
      <object_component id="oc-99">
         <name>EmuKeyVar</name>
         <uninitialized>true</uninitialized>
         <run_address>0xd00</run_address>
         <size>0x1</size>
         <input_file_ref idref="fl-7"/>
      </object_component>
      <object_component id="oc-9a">
         <name>EmuBModeVar</name>
         <uninitialized>true</uninitialized>
         <run_address>0xd01</run_address>
         <size>0x1</size>
         <input_file_ref idref="fl-7"/>
      </object_component>
      <object_component id="oc-b1">
         <name>AdcaResultFile</name>
         <uninitialized>true</uninitialized>
         <run_address>0xb00</run_address>
         <size>0x18</size>
         <input_file_ref idref="fl-7"/>
      </object_component>
      <object_component id="oc-b2">
         <name>AdcbResultFile</name>
         <uninitialized>true</uninitialized>
         <run_address>0xb20</run_address>
         <size>0x18</size>
         <input_file_ref idref="fl-7"/>
      </object_component>
      <object_component id="oc-b3">
         <name>AdccResultFile</name>
         <uninitialized>true</uninitialized>
         <run_address>0xb40</run_address>
         <size>0x18</size>
         <input_file_ref idref="fl-7"/>
      </object_component>
      <object_component id="oc-b4">
         <name>AdcdResultFile</name>
         <uninitialized>true</uninitialized>
         <run_address>0xb60</run_address>
         <size>0x18</size>
         <input_file_ref idref="fl-7"/>
      </object_component>
      <object_component id="oc-e2">
         <name>AdcaRegsFile</name>
         <uninitialized>true</uninitialized>
         <run_address>0x7400</run_address>
         <size>0x80</size>
         <input_file_ref idref="fl-7"/>
      </object_component>
      <object_component id="oc-e3">
         <name>AdcbRegsFile</name>
         <uninitialized>true</uninitialized>
         <run_address>0x7480</run_address>
         <size>0x80</size>
         <input_file_ref idref="fl-7"/>
      </object_component>
      <object_component id="oc-e4">
         <name>AdccRegsFile</name>
         <uninitialized>true</uninitialized>
         <run_address>0x7500</run_address>
         <size>0x80</size>
         <input_file_ref idref="fl-7"/>
      </object_component>
      <object_component id="oc-e5">
         <name>AdcdRegsFile</name>
         <uninitialized>true</uninitialized>
         <run_address>0x7580</run_address>
         <size>0x80</size>
         <input_file_ref idref="fl-7"/>
      </object_component>
      <object_component id="oc-de">
         <name>AnalogSubsysRegsFile</name>
         <uninitialized>true</uninitialized>
         <run_address>0x5d180</run_address>
         <size>0x48</size>
         <input_file_ref idref="fl-7"/>
      </object_component>
      <object_component id="oc-d9">
         <name>Cla1RegsFile</name>
         <uninitialized>true</uninitialized>
         <run_address>0x1400</run_address>
         <size>0x3e</size>
         <input_file_ref idref="fl-7"/>
      </object_component>
      <object_component id="oc-9e">
         <name>Cla1SoftIntRegsFile</name>
         <uninitialized>true</uninitialized>
         <run_address>0xce0</run_address>
         <size>0x4</size>
         <input_file_ref idref="fl-7"/>
      </object_component>
      <object_component id="oc-b7">
         <name>Cmpss1RegsFile</name>
         <uninitialized>true</uninitialized>
         <run_address>0x5c80</run_address>
         <size>0x20</size>
         <input_file_ref idref="fl-7"/>
      </object_component>
      <object_component id="oc-b8">
         <name>Cmpss2RegsFile</name>
         <uninitialized>true</uninitialized>
         <run_address>0x5ca0</run_address>
         <size>0x20</size>
         <input_file_ref idref="fl-7"/>
      </object_component>
      <object_component id="oc-b9">
         <name>Cmpss3RegsFile</name>
         <uninitialized>true</uninitialized>
         <run_address>0x5cc0</run_address>
         <size>0x20</size>
         <input_file_ref idref="fl-7"/>
      </object_component>
      <object_component id="oc-ba">
         <name>Cmpss4RegsFile</name>
         <uninitialized>true</uninitialized>
         <run_address>0x5ce0</run_address>
         <size>0x20</size>
         <input_file_ref idref="fl-7"/>
      </object_component>
      <object_component id="oc-bb">
         <name>Cmpss5RegsFile</name>
         <uninitialized>true</uninitialized>
         <run_address>0x5d00</run_address>
         <size>0x20</size>
         <input_file_ref idref="fl-7"/>
      </object_component>
      <object_component id="oc-bc">
         <name>Cmpss6RegsFile</name>
         <uninitialized>true</uninitialized>
         <run_address>0x5d20</run_address>
         <size>0x20</size>
         <input_file_ref idref="fl-7"/>
      </object_component>
      <object_component id="oc-bd">
         <name>Cmpss7RegsFile</name>
         <uninitialized>true</uninitialized>
         <run_address>0x5d40</run_address>
         <size>0x20</size>
         <input_file_ref idref="fl-7"/>
      </object_component>
      <object_component id="oc-be">
         <name>Cmpss8RegsFile</name>
         <uninitialized>true</uninitialized>
         <run_address>0x5d60</run_address>
         <size>0x20</size>
         <input_file_ref idref="fl-7"/>
      </object_component>
      <object_component id="oc-a5">
         <name>CpuTimer0RegsFile</name>
         <uninitialized>true</uninitialized>
         <run_address>0xc00</run_address>
         <size>0x8</size>
         <input_file_ref idref="fl-7"/>
      </object_component>
      <object_component id="oc-a6">
         <name>CpuTimer1RegsFile</name>
         <uninitialized>true</uninitialized>
         <run_address>0xc08</run_address>
         <size>0x8</size>
         <input_file_ref idref="fl-7"/>
      </object_component>
      <object_component id="oc-a7">
         <name>CpuTimer2RegsFile</name>
         <uninitialized>true</uninitialized>
         <run_address>0xc10</run_address>
         <size>0x8</size>
         <input_file_ref idref="fl-7"/>
      </object_component>
      <object_component id="oc-a1">
         <name>DacaRegsFile</name>
         <uninitialized>true</uninitialized>
         <run_address>0x5c00</run_address>
         <size>0x8</size>
         <input_file_ref idref="fl-7"/>
      </object_component>
      <object_component id="oc-a3">
         <name>DacbRegsFile</name>
         <uninitialized>true</uninitialized>
         <run_address>0x5c10</run_address>
         <size>0x8</size>
         <input_file_ref idref="fl-7"/>
      </object_component>
      <object_component id="oc-a4">
         <name>DaccRegsFile</name>
         <uninitialized>true</uninitialized>
         <run_address>0x5c20</run_address>
         <size>0x8</size>
         <input_file_ref idref="fl-7"/>
      </object_component>
      <object_component id="oc-d0">
         <name>DcsmZ1RegsFile</name>
         <uninitialized>true</uninitialized>
         <run_address>0x5f000</run_address>
         <size>0x24</size>
         <input_file_ref idref="fl-7"/>
      </object_component>
      <object_component id="oc-d1">
         <name>DcsmZ2RegsFile</name>
         <uninitialized>true</uninitialized>
         <run_address>0x5f040</run_address>
         <size>0x24</size>
         <input_file_ref idref="fl-7"/>
      </object_component>
      <object_component id="oc-a8">
         <name>DcsmCommonRegsFile</name>
         <uninitialized>true</uninitialized>
         <run_address>0x5f070</run_address>
         <size>0x8</size>
         <input_file_ref idref="fl-7"/>
      </object_component>
      <object_component id="oc-bf">
         <name>DcsmZ1OtpFile</name>
         <uninitialized>true</uninitialized>
         <run_address>0x78000</run_address>
         <size>0x20</size>
         <input_file_ref idref="fl-7"/>
      </object_component>
      <object_component id="oc-c0">
         <name>DcsmZ2OtpFile</name>
         <uninitialized>true</uninitialized>
         <run_address>0x78200</run_address>
         <size>0x20</size>
         <input_file_ref idref="fl-7"/>
      </object_component>
      <object_component id="oc-ea">
         <name>DmaRegsFile</name>
         <uninitialized>true</uninitialized>
         <run_address>0x1000</run_address>
         <size>0xe0</size>
         <input_file_ref idref="fl-7"/>
      </object_component>
      <object_component id="oc-b5">
         <name>DmaClaSrcSelRegsFile</name>
         <uninitialized>true</uninitialized>
         <run_address>0x7980</run_address>
         <size>0x1a</size>
         <input_file_ref idref="fl-7"/>
      </object_component>
      <object_component id="oc-c1">
         <name>ECap1RegsFile</name>
         <uninitialized>true</uninitialized>
         <run_address>0x5000</run_address>
         <size>0x20</size>
         <input_file_ref idref="fl-7"/>
      </object_component>
      <object_component id="oc-c2">
         <name>ECap2RegsFile</name>
         <uninitialized>true</uninitialized>
         <run_address>0x5020</run_address>
         <size>0x20</size>
         <input_file_ref idref="fl-7"/>
      </object_component>
      <object_component id="oc-c3">
         <name>ECap3RegsFile</name>
         <uninitialized>true</uninitialized>
         <run_address>0x5040</run_address>
         <size>0x20</size>
         <input_file_ref idref="fl-7"/>
      </object_component>
      <object_component id="oc-c4">
         <name>ECap4RegsFile</name>
         <uninitialized>true</uninitialized>
         <run_address>0x5060</run_address>
         <size>0x20</size>
         <input_file_ref idref="fl-7"/>
      </object_component>
      <object_component id="oc-c5">
         <name>ECap5RegsFile</name>
         <uninitialized>true</uninitialized>
         <run_address>0x5080</run_address>
         <size>0x20</size>
         <input_file_ref idref="fl-7"/>
      </object_component>
      <object_component id="oc-c6">
         <name>ECap6RegsFile</name>
         <uninitialized>true</uninitialized>
         <run_address>0x50a0</run_address>
         <size>0x20</size>
         <input_file_ref idref="fl-7"/>
      </object_component>
      <object_component id="oc-e0">
         <name>Emif1RegsFile</name>
         <uninitialized>true</uninitialized>
         <run_address>0x47000</run_address>
         <size>0x70</size>
         <input_file_ref idref="fl-7"/>
      </object_component>
      <object_component id="oc-e1">
         <name>Emif2RegsFile</name>
         <uninitialized>true</uninitialized>
         <run_address>0x47800</run_address>
         <size>0x70</size>
         <input_file_ref idref="fl-7"/>
      </object_component>
      <object_component id="oc-eb">
         <name>EPwm1RegsFile</name>
         <uninitialized>true</uninitialized>
         <run_address>0x4000</run_address>
         <size>0x100</size>
         <input_file_ref idref="fl-7"/>
      </object_component>
      <object_component id="oc-ec">
         <name>EPwm2RegsFile</name>
         <uninitialized>true</uninitialized>
         <run_address>0x4100</run_address>
         <size>0x100</size>
         <input_file_ref idref="fl-7"/>
      </object_component>
      <object_component id="oc-ed">
         <name>EPwm3RegsFile</name>
         <uninitialized>true</uninitialized>
         <run_address>0x4200</run_address>
         <size>0x100</size>
         <input_file_ref idref="fl-7"/>
      </object_component>
      <object_component id="oc-ee">
         <name>EPwm4RegsFile</name>
         <uninitialized>true</uninitialized>
         <run_address>0x4300</run_address>
         <size>0x100</size>
         <input_file_ref idref="fl-7"/>
      </object_component>
      <object_component id="oc-ef">
         <name>EPwm5RegsFile</name>
         <uninitialized>true</uninitialized>
         <run_address>0x4400</run_address>
         <size>0x100</size>
         <input_file_ref idref="fl-7"/>
      </object_component>
      <object_component id="oc-f0">
         <name>EPwm6RegsFile</name>
         <uninitialized>true</uninitialized>
         <run_address>0x4500</run_address>
         <size>0x100</size>
         <input_file_ref idref="fl-7"/>
      </object_component>
      <object_component id="oc-f1">
         <name>EPwm7RegsFile</name>
         <uninitialized>true</uninitialized>
         <run_address>0x4600</run_address>
         <size>0x100</size>
         <input_file_ref idref="fl-7"/>
      </object_component>
      <object_component id="oc-f2">
         <name>EPwm8RegsFile</name>
         <uninitialized>true</uninitialized>
         <run_address>0x4700</run_address>
         <size>0x100</size>
         <input_file_ref idref="fl-7"/>
      </object_component>
      <object_component id="oc-f3">
         <name>EPwm9RegsFile</name>
         <uninitialized>true</uninitialized>
         <run_address>0x4800</run_address>
         <size>0x100</size>
         <input_file_ref idref="fl-7"/>
      </object_component>
      <object_component id="oc-f4">
         <name>EPwm10RegsFile</name>
         <uninitialized>true</uninitialized>
         <run_address>0x4900</run_address>
         <size>0x100</size>
         <input_file_ref idref="fl-7"/>
      </object_component>
      <object_component id="oc-f5">
         <name>EPwm11RegsFile</name>
         <uninitialized>true</uninitialized>
         <run_address>0x4a00</run_address>
         <size>0x100</size>
         <input_file_ref idref="fl-7"/>
      </object_component>
      <object_component id="oc-f6">
         <name>EPwm12RegsFile</name>
         <uninitialized>true</uninitialized>
         <run_address>0x4b00</run_address>
         <size>0x100</size>
         <input_file_ref idref="fl-7"/>
      </object_component>
      <object_component id="oc-da">
         <name>EPwmXbarRegsFile</name>
         <uninitialized>true</uninitialized>
         <run_address>0x7a00</run_address>
         <size>0x40</size>
         <input_file_ref idref="fl-7"/>
      </object_component>
      <object_component id="oc-cb">
         <name>EQep1RegsFile</name>
         <uninitialized>true</uninitialized>
         <run_address>0x5100</run_address>
         <size>0x22</size>
         <input_file_ref idref="fl-7"/>
      </object_component>
      <object_component id="oc-cc">
         <name>EQep2RegsFile</name>
         <uninitialized>true</uninitialized>
         <run_address>0x5140</run_address>
         <size>0x22</size>
         <input_file_ref idref="fl-7"/>
      </object_component>
      <object_component id="oc-cd">
         <name>EQep3RegsFile</name>
         <uninitialized>true</uninitialized>
         <run_address>0x5180</run_address>
         <size>0x22</size>
         <input_file_ref idref="fl-7"/>
      </object_component>
      <object_component id="oc-f9">
         <name>Flash0CtrlRegsFile</name>
         <uninitialized>true</uninitialized>
         <run_address>0x5f800</run_address>
         <size>0x182</size>
         <input_file_ref idref="fl-7"/>
      </object_component>
      <object_component id="oc-d4">
         <name>Flash0EccRegsFile</name>
         <uninitialized>true</uninitialized>
         <run_address>0x5fb00</run_address>
         <size>0x28</size>
         <input_file_ref idref="fl-7"/>
      </object_component>
      <object_component id="oc-fa">
         <name>Flash1CtrlRegsFile</name>
         <uninitialized>true</uninitialized>
         <run_address>0x5fc00</run_address>
         <size>0x182</size>
         <input_file_ref idref="fl-7"/>
      </object_component>
      <object_component id="oc-d5">
         <name>Flash1EccRegsFile</name>
         <uninitialized>true</uninitialized>
         <run_address>0x5ff00</run_address>
         <size>0x28</size>
         <input_file_ref idref="fl-7"/>
      </object_component>
      <object_component id="oc-f8">
         <name>GpioCtrlRegsFile</name>
         <uninitialized>true</uninitialized>
         <run_address>0x7c00</run_address>
         <size>0x180</size>
         <input_file_ref idref="fl-7"/>
      </object_component>
      <object_component id="oc-d7">
         <name>GpioDataRegsFile</name>
         <uninitialized>true</uninitialized>
         <run_address>0x7f00</run_address>
         <size>0x30</size>
         <input_file_ref idref="fl-7"/>
      </object_component>
      <object_component id="oc-db">
         <name>OutputXbarRegsFile</name>
         <uninitialized>true</uninitialized>
         <run_address>0x7a80</run_address>
         <size>0x40</size>
         <input_file_ref idref="fl-7"/>
      </object_component>
      <object_component id="oc-ce">
         <name>I2caRegsFile</name>
         <uninitialized>true</uninitialized>
         <run_address>0x7300</run_address>
         <size>0x22</size>
         <input_file_ref idref="fl-7"/>
      </object_component>
      <object_component id="oc-cf">
         <name>I2cbRegsFile</name>
         <uninitialized>true</uninitialized>
         <run_address>0x7340</run_address>
         <size>0x22</size>
         <input_file_ref idref="fl-7"/>
      </object_component>
      <object_component id="oc-c7">
         <name>InputXbarRegsFile</name>
         <uninitialized>true</uninitialized>
         <run_address>0x7900</run_address>
         <size>0x20</size>
         <input_file_ref idref="fl-7"/>
      </object_component>
      <object_component id="oc-c8">
         <name>XbarRegsFile</name>
         <uninitialized>true</uninitialized>
         <run_address>0x7920</run_address>
         <size>0x20</size>
         <input_file_ref idref="fl-7"/>
      </object_component>
      <object_component id="oc-9b">
         <name>FlashPumpSemaphoreRegsFile</name>
         <uninitialized>true</uninitialized>
         <run_address>0x50024</run_address>
         <size>0x2</size>
         <input_file_ref idref="fl-7"/>
      </object_component>
      <object_component id="oc-9c">
         <name>RomPrefetchRegsFile</name>
         <uninitialized>true</uninitialized>
         <run_address>0x5e608</run_address>
         <size>0x2</size>
         <input_file_ref idref="fl-7"/>
      </object_component>
      <object_component id="oc-e6">
         <name>MemCfgRegsFile</name>
         <uninitialized>true</uninitialized>
         <run_address>0x5f400</run_address>
         <size>0x80</size>
         <input_file_ref idref="fl-7"/>
      </object_component>
      <object_component id="oc-c9">
         <name>Emif1ConfigRegsFile</name>
         <uninitialized>true</uninitialized>
         <run_address>0x5f480</run_address>
         <size>0x20</size>
         <input_file_ref idref="fl-7"/>
      </object_component>
      <object_component id="oc-ca">
         <name>Emif2ConfigRegsFile</name>
         <uninitialized>true</uninitialized>
         <run_address>0x5f4a0</run_address>
         <size>0x20</size>
         <input_file_ref idref="fl-7"/>
      </object_component>
      <object_component id="oc-dc">
         <name>AccessProtectionRegsFile</name>
         <uninitialized>true</uninitialized>
         <run_address>0x5f4c0</run_address>
         <size>0x40</size>
         <input_file_ref idref="fl-7"/>
      </object_component>
      <object_component id="oc-dd">
         <name>MemoryErrorRegsFile</name>
         <uninitialized>true</uninitialized>
         <run_address>0x5f500</run_address>
         <size>0x40</size>
         <input_file_ref idref="fl-7"/>
      </object_component>
      <object_component id="oc-9d">
         <name>RomWaitStateRegsFile</name>
         <uninitialized>true</uninitialized>
         <run_address>0x5f540</run_address>
         <size>0x2</size>
         <input_file_ref idref="fl-7"/>
      </object_component>
      <object_component id="oc-d2">
         <name>McbspaRegsFile</name>
         <uninitialized>true</uninitialized>
         <run_address>0x6000</run_address>
         <size>0x24</size>
         <input_file_ref idref="fl-7"/>
      </object_component>
      <object_component id="oc-d3">
         <name>McbspbRegsFile</name>
         <uninitialized>true</uninitialized>
         <run_address>0x6040</run_address>
         <size>0x24</size>
         <input_file_ref idref="fl-7"/>
      </object_component>
      <object_component id="oc-df">
         <name>UppRegsFile</name>
         <uninitialized>true</uninitialized>
         <run_address>0x6200</run_address>
         <size>0x48</size>
         <input_file_ref idref="fl-7"/>
      </object_component>
      <object_component id="oc-a0">
         <name>NmiIntruptRegsFile</name>
         <uninitialized>true</uninitialized>
         <run_address>0x7060</run_address>
         <size>0x7</size>
         <input_file_ref idref="fl-7"/>
      </object_component>
      <object_component id="oc-b6">
         <name>PieCtrlRegsFile</name>
         <uninitialized>true</uninitialized>
         <run_address>0xce0</run_address>
         <size>0x1a</size>
         <input_file_ref idref="fl-7"/>
      </object_component>
      <object_component id="oc-aa">
         <name>SciaRegsFile</name>
         <uninitialized>true</uninitialized>
         <run_address>0x7200</run_address>
         <size>0x10</size>
         <input_file_ref idref="fl-7"/>
      </object_component>
      <object_component id="oc-ab">
         <name>ScibRegsFile</name>
         <uninitialized>true</uninitialized>
         <run_address>0x7210</run_address>
         <size>0x10</size>
         <input_file_ref idref="fl-7"/>
      </object_component>
      <object_component id="oc-ac">
         <name>ScicRegsFile</name>
         <uninitialized>true</uninitialized>
         <run_address>0x7220</run_address>
         <size>0x10</size>
         <input_file_ref idref="fl-7"/>
      </object_component>
      <object_component id="oc-ad">
         <name>ScidRegsFile</name>
         <uninitialized>true</uninitialized>
         <run_address>0x7230</run_address>
         <size>0x10</size>
         <input_file_ref idref="fl-7"/>
      </object_component>
      <object_component id="oc-e7">
         <name>Sdfm1RegsFile</name>
         <uninitialized>true</uninitialized>
         <run_address>0x5e00</run_address>
         <size>0x80</size>
         <input_file_ref idref="fl-7"/>
      </object_component>
      <object_component id="oc-e8">
         <name>Sdfm2RegsFile</name>
         <uninitialized>true</uninitialized>
         <run_address>0x5e80</run_address>
         <size>0x80</size>
         <input_file_ref idref="fl-7"/>
      </object_component>
      <object_component id="oc-ae">
         <name>SpiaRegsFile</name>
         <uninitialized>true</uninitialized>
         <run_address>0x6100</run_address>
         <size>0x10</size>
         <input_file_ref idref="fl-7"/>
      </object_component>
      <object_component id="oc-af">
         <name>SpibRegsFile</name>
         <uninitialized>true</uninitialized>
         <run_address>0x6110</run_address>
         <size>0x10</size>
         <input_file_ref idref="fl-7"/>
      </object_component>
      <object_component id="oc-b0">
         <name>SpicRegsFile</name>
         <uninitialized>true</uninitialized>
         <run_address>0x6120</run_address>
         <size>0x10</size>
         <input_file_ref idref="fl-7"/>
      </object_component>
      <object_component id="oc-f7">
         <name>DevCfgRegsFile</name>
         <uninitialized>true</uninitialized>
         <run_address>0x5d000</run_address>
         <size>0x12e</size>
         <input_file_ref idref="fl-7"/>
      </object_component>
      <object_component id="oc-d8">
         <name>ClkCfgRegsFile</name>
         <uninitialized>true</uninitialized>
         <run_address>0x5d200</run_address>
         <size>0x32</size>
         <input_file_ref idref="fl-7"/>
      </object_component>
      <object_component id="oc-e9">
         <name>CpuSysRegsFile</name>
         <uninitialized>true</uninitialized>
         <run_address>0x5d300</run_address>
         <size>0x82</size>
         <input_file_ref idref="fl-7"/>
      </object_component>
      <object_component id="oc-9f">
         <name>SyncSocRegsFile</name>
         <uninitialized>true</uninitialized>
         <run_address>0x7940</run_address>
         <size>0x6</size>
         <input_file_ref idref="fl-7"/>
      </object_component>
      <object_component id="oc-d6">
         <name>WdRegsFile</name>
         <uninitialized>true</uninitialized>
         <run_address>0x7000</run_address>
         <size>0x2b</size>
         <input_file_ref idref="fl-7"/>
      </object_component>
      <object_component id="oc-a9">
         <name>XintRegsFile</name>
         <uninitialized>true</uninitialized>
         <run_address>0x7070</run_address>
         <size>0xb</size>
         <input_file_ref idref="fl-7"/>
      </object_component>
      <object_component id="oc-7b">
         <name>.debug_info</name>
         <load_address>0x0</load_address>
         <run_address>0x0</run_address>
         <size>0x94fd</size>
         <input_file_ref idref="fl-2"/>
      </object_component>
      <object_component id="oc-80">
         <name>.debug_info</name>
         <load_address>0x94fd</load_address>
         <run_address>0x94fd</run_address>
         <size>0x47b5</size>
         <input_file_ref idref="fl-3"/>
      </object_component>
      <object_component id="oc-88">
         <name>.debug_info</name>
         <load_address>0xdcb2</load_address>
         <run_address>0xdcb2</run_address>
         <size>0x124</size>
         <input_file_ref idref="fl-4"/>
      </object_component>
      <object_component id="oc-8b">
         <name>.debug_info</name>
         <load_address>0xddd6</load_address>
         <run_address>0xddd6</run_address>
         <size>0x960</size>
         <input_file_ref idref="fl-5"/>
      </object_component>
      <object_component id="oc-92">
         <name>.debug_info</name>
         <load_address>0xe736</load_address>
         <run_address>0xe736</run_address>
         <size>0x34c5</size>
         <input_file_ref idref="fl-6"/>
      </object_component>
      <object_component id="oc-98">
         <name>.debug_info</name>
         <load_address>0x11bfb</load_address>
         <run_address>0x11bfb</run_address>
         <size>0x4b0bf</size>
         <input_file_ref idref="fl-7"/>
      </object_component>
      <object_component id="oc-fd">
         <name>.debug_info</name>
         <load_address>0x5ccba</load_address>
         <run_address>0x5ccba</run_address>
         <size>0x1881e</size>
         <input_file_ref idref="fl-8"/>
      </object_component>
      <object_component id="oc-102">
         <name>.debug_info</name>
         <load_address>0x754d8</load_address>
         <run_address>0x754d8</run_address>
         <size>0x3548</size>
         <input_file_ref idref="fl-9"/>
      </object_component>
      <object_component id="oc-107">
         <name>.debug_info</name>
         <load_address>0x78a20</load_address>
         <run_address>0x78a20</run_address>
         <size>0x670a</size>
         <input_file_ref idref="fl-a"/>
      </object_component>
      <object_component id="oc-10c">
         <name>.debug_info</name>
         <load_address>0x7f12a</load_address>
         <run_address>0x7f12a</run_address>
         <size>0x83bf</size>
         <input_file_ref idref="fl-b"/>
      </object_component>
      <object_component id="oc-111">
         <name>.debug_info</name>
         <load_address>0x874e9</load_address>
         <run_address>0x874e9</run_address>
         <size>0x1fbe</size>
         <input_file_ref idref="fl-c"/>
      </object_component>
      <object_component id="oc-118">
         <name>.debug_info</name>
         <load_address>0x894a7</load_address>
         <run_address>0x894a7</run_address>
         <size>0xee</size>
         <input_file_ref idref="fl-d"/>
      </object_component>
      <object_component id="oc-11b">
         <name>.debug_info</name>
         <load_address>0x89595</load_address>
         <run_address>0x89595</run_address>
         <size>0x2cbc9</size>
         <input_file_ref idref="fl-e"/>
      </object_component>
      <object_component id="oc-123">
         <name>.debug_info</name>
         <load_address>0xb615e</load_address>
         <run_address>0xb615e</run_address>
         <size>0x682a</size>
         <input_file_ref idref="fl-f"/>
      </object_component>
      <object_component id="oc-12b">
         <name>.debug_info</name>
         <load_address>0xbc988</load_address>
         <run_address>0xbc988</run_address>
         <size>0xd7ce</size>
         <input_file_ref idref="fl-10"/>
      </object_component>
      <object_component id="oc-130">
         <name>.debug_info</name>
         <load_address>0xca156</load_address>
         <run_address>0xca156</run_address>
         <size>0x945d</size>
         <input_file_ref idref="fl-11"/>
      </object_component>
      <object_component id="oc-135">
         <name>.debug_info</name>
         <load_address>0xd35b3</load_address>
         <run_address>0xd35b3</run_address>
         <size>0x945d</size>
         <input_file_ref idref="fl-12"/>
      </object_component>
      <object_component id="oc-13a">
         <name>.debug_info</name>
         <load_address>0xdca10</load_address>
         <run_address>0xdca10</run_address>
         <size>0x766</size>
         <input_file_ref idref="fl-13"/>
      </object_component>
      <object_component id="oc-141">
         <name>.debug_info</name>
         <load_address>0xdd176</load_address>
         <run_address>0xdd176</run_address>
         <size>0x37e3</size>
         <input_file_ref idref="fl-14"/>
      </object_component>
      <object_component id="oc-146">
         <name>.debug_info</name>
         <load_address>0xe0959</load_address>
         <run_address>0xe0959</run_address>
         <size>0x5f00</size>
         <input_file_ref idref="fl-15"/>
      </object_component>
      <object_component id="oc-14c">
         <name>.debug_info</name>
         <load_address>0xe6859</load_address>
         <run_address>0xe6859</run_address>
         <size>0xe10</size>
         <input_file_ref idref="fl-16"/>
      </object_component>
      <object_component id="oc-153">
         <name>.debug_info</name>
         <load_address>0xe7669</load_address>
         <run_address>0xe7669</run_address>
         <size>0x173</size>
         <input_file_ref idref="fl-27"/>
      </object_component>
      <object_component id="oc-157">
         <name>.debug_info</name>
         <load_address>0xe77dc</load_address>
         <run_address>0xe77dc</run_address>
         <size>0x561</size>
         <input_file_ref idref="fl-28"/>
      </object_component>
      <object_component id="oc-15c">
         <name>.debug_info</name>
         <load_address>0xe7d3d</load_address>
         <run_address>0xe7d3d</run_address>
         <size>0x43a</size>
         <input_file_ref idref="fl-29"/>
      </object_component>
      <object_component id="oc-161">
         <name>.debug_info</name>
         <load_address>0xe8177</load_address>
         <run_address>0xe8177</run_address>
         <size>0x3ad</size>
         <input_file_ref idref="fl-2a"/>
      </object_component>
      <object_component id="oc-166">
         <name>.debug_info</name>
         <load_address>0xe8524</load_address>
         <run_address>0xe8524</run_address>
         <size>0x3aa</size>
         <input_file_ref idref="fl-2b"/>
      </object_component>
      <object_component id="oc-16b">
         <name>.debug_info</name>
         <load_address>0xe88ce</load_address>
         <run_address>0xe88ce</run_address>
         <size>0x544</size>
         <input_file_ref idref="fl-2c"/>
      </object_component>
      <object_component id="oc-172">
         <name>.debug_info</name>
         <load_address>0xe8e12</load_address>
         <run_address>0xe8e12</run_address>
         <size>0x4cc</size>
         <input_file_ref idref="fl-2d"/>
      </object_component>
      <object_component id="oc-177">
         <name>.debug_info</name>
         <load_address>0xe92de</load_address>
         <run_address>0xe92de</run_address>
         <size>0x467</size>
         <input_file_ref idref="fl-2e"/>
      </object_component>
      <object_component id="oc-226">
         <name>.debug_info</name>
         <load_address>0xe9745</load_address>
         <run_address>0xe9745</run_address>
         <size>0xa8</size>
      </object_component>
      <object_component id="oc-7c">
         <name>.debug_frame</name>
         <load_address>0x0</load_address>
         <run_address>0x0</run_address>
         <size>0x28</size>
         <input_file_ref idref="fl-2"/>
      </object_component>
      <object_component id="oc-81">
         <name>.debug_frame</name>
         <load_address>0x28</load_address>
         <run_address>0x28</run_address>
         <size>0x74</size>
         <input_file_ref idref="fl-3"/>
      </object_component>
      <object_component id="oc-8e">
         <name>.debug_frame</name>
         <load_address>0x9c</load_address>
         <run_address>0x9c</run_address>
         <size>0x28</size>
         <input_file_ref idref="fl-5"/>
      </object_component>
      <object_component id="oc-94">
         <name>.debug_frame</name>
         <load_address>0xc4</load_address>
         <run_address>0xc4</run_address>
         <size>0x11d0</size>
         <input_file_ref idref="fl-6"/>
      </object_component>
      <object_component id="oc-fe">
         <name>.debug_frame</name>
         <load_address>0x1294</load_address>
         <run_address>0x1294</run_address>
         <size>0x1a4</size>
         <input_file_ref idref="fl-8"/>
      </object_component>
      <object_component id="oc-103">
         <name>.debug_frame</name>
         <load_address>0x1438</load_address>
         <run_address>0x1438</run_address>
         <size>0x58</size>
         <input_file_ref idref="fl-9"/>
      </object_component>
      <object_component id="oc-108">
         <name>.debug_frame</name>
         <load_address>0x1490</load_address>
         <run_address>0x1490</run_address>
         <size>0x40</size>
         <input_file_ref idref="fl-a"/>
      </object_component>
      <object_component id="oc-10d">
         <name>.debug_frame</name>
         <load_address>0x14d0</load_address>
         <run_address>0x14d0</run_address>
         <size>0x21c</size>
         <input_file_ref idref="fl-b"/>
      </object_component>
      <object_component id="oc-112">
         <name>.debug_frame</name>
         <load_address>0x16ec</load_address>
         <run_address>0x16ec</run_address>
         <size>0x28</size>
         <input_file_ref idref="fl-c"/>
      </object_component>
      <object_component id="oc-11f">
         <name>.debug_frame</name>
         <load_address>0x1714</load_address>
         <run_address>0x1714</run_address>
         <size>0x26c</size>
         <input_file_ref idref="fl-e"/>
      </object_component>
      <object_component id="oc-127">
         <name>.debug_frame</name>
         <load_address>0x1980</load_address>
         <run_address>0x1980</run_address>
         <size>0x230</size>
         <input_file_ref idref="fl-f"/>
      </object_component>
      <object_component id="oc-12c">
         <name>.debug_frame</name>
         <load_address>0x1bb0</load_address>
         <run_address>0x1bb0</run_address>
         <size>0x130</size>
         <input_file_ref idref="fl-10"/>
      </object_component>
      <object_component id="oc-131">
         <name>.debug_frame</name>
         <load_address>0x1ce0</load_address>
         <run_address>0x1ce0</run_address>
         <size>0x28</size>
         <input_file_ref idref="fl-11"/>
      </object_component>
      <object_component id="oc-136">
         <name>.debug_frame</name>
         <load_address>0x1d08</load_address>
         <run_address>0x1d08</run_address>
         <size>0x28</size>
         <input_file_ref idref="fl-12"/>
      </object_component>
      <object_component id="oc-13d">
         <name>.debug_frame</name>
         <load_address>0x1d30</load_address>
         <run_address>0x1d30</run_address>
         <size>0xd8</size>
         <input_file_ref idref="fl-13"/>
      </object_component>
      <object_component id="oc-142">
         <name>.debug_frame</name>
         <load_address>0x1e08</load_address>
         <run_address>0x1e08</run_address>
         <size>0x310</size>
         <input_file_ref idref="fl-14"/>
      </object_component>
      <object_component id="oc-148">
         <name>.debug_frame</name>
         <load_address>0x2118</load_address>
         <run_address>0x2118</run_address>
         <size>0x100</size>
         <input_file_ref idref="fl-15"/>
      </object_component>
      <object_component id="oc-14d">
         <name>.debug_frame</name>
         <load_address>0x2218</load_address>
         <run_address>0x2218</run_address>
         <size>0x118</size>
         <input_file_ref idref="fl-16"/>
      </object_component>
      <object_component id="oc-158">
         <name>.debug_frame</name>
         <load_address>0x2330</load_address>
         <run_address>0x2330</run_address>
         <size>0x60</size>
         <input_file_ref idref="fl-28"/>
      </object_component>
      <object_component id="oc-15d">
         <name>.debug_frame</name>
         <load_address>0x2390</load_address>
         <run_address>0x2390</run_address>
         <size>0x40</size>
         <input_file_ref idref="fl-29"/>
      </object_component>
      <object_component id="oc-162">
         <name>.debug_frame</name>
         <load_address>0x23d0</load_address>
         <run_address>0x23d0</run_address>
         <size>0x40</size>
         <input_file_ref idref="fl-2a"/>
      </object_component>
      <object_component id="oc-167">
         <name>.debug_frame</name>
         <load_address>0x2410</load_address>
         <run_address>0x2410</run_address>
         <size>0x40</size>
         <input_file_ref idref="fl-2b"/>
      </object_component>
      <object_component id="oc-16e">
         <name>.debug_frame</name>
         <load_address>0x2450</load_address>
         <run_address>0x2450</run_address>
         <size>0x60</size>
         <input_file_ref idref="fl-2c"/>
      </object_component>
      <object_component id="oc-173">
         <name>.debug_frame</name>
         <load_address>0x24b0</load_address>
         <run_address>0x24b0</run_address>
         <size>0x70</size>
         <input_file_ref idref="fl-2d"/>
      </object_component>
      <object_component id="oc-178">
         <name>.debug_frame</name>
         <load_address>0x2520</load_address>
         <run_address>0x2520</run_address>
         <size>0x40</size>
         <input_file_ref idref="fl-2e"/>
      </object_component>
      <object_component id="oc-7d">
         <name>.debug_line</name>
         <load_address>0x0</load_address>
         <run_address>0x0</run_address>
         <size>0x31</size>
         <input_file_ref idref="fl-2"/>
      </object_component>
      <object_component id="oc-82">
         <name>.debug_line</name>
         <load_address>0x31</load_address>
         <run_address>0x31</run_address>
         <size>0xe1</size>
         <input_file_ref idref="fl-3"/>
      </object_component>
      <object_component id="oc-87">
         <name>.debug_line</name>
         <load_address>0x112</load_address>
         <run_address>0x112</run_address>
         <size>0x60</size>
         <input_file_ref idref="fl-4"/>
      </object_component>
      <object_component id="oc-8f">
         <name>.debug_line</name>
         <load_address>0x172</load_address>
         <run_address>0x172</run_address>
         <size>0x39</size>
         <input_file_ref idref="fl-5"/>
      </object_component>
      <object_component id="oc-95">
         <name>.debug_line</name>
         <load_address>0x1ab</load_address>
         <run_address>0x1ab</run_address>
         <size>0xcd9</size>
         <input_file_ref idref="fl-6"/>
      </object_component>
      <object_component id="oc-ff">
         <name>.debug_line</name>
         <load_address>0xe84</load_address>
         <run_address>0xe84</run_address>
         <size>0x254</size>
         <input_file_ref idref="fl-8"/>
      </object_component>
      <object_component id="oc-104">
         <name>.debug_line</name>
         <load_address>0x10d8</load_address>
         <run_address>0x10d8</run_address>
         <size>0x85</size>
         <input_file_ref idref="fl-9"/>
      </object_component>
      <object_component id="oc-109">
         <name>.debug_line</name>
         <load_address>0x115d</load_address>
         <run_address>0x115d</run_address>
         <size>0x5d</size>
         <input_file_ref idref="fl-a"/>
      </object_component>
      <object_component id="oc-10e">
         <name>.debug_line</name>
         <load_address>0x11ba</load_address>
         <run_address>0x11ba</run_address>
         <size>0x359</size>
         <input_file_ref idref="fl-b"/>
      </object_component>
      <object_component id="oc-113">
         <name>.debug_line</name>
         <load_address>0x1513</load_address>
         <run_address>0x1513</run_address>
         <size>0x3a</size>
         <input_file_ref idref="fl-c"/>
      </object_component>
      <object_component id="oc-117">
         <name>.debug_line</name>
         <load_address>0x154d</load_address>
         <run_address>0x154d</run_address>
         <size>0x47</size>
         <input_file_ref idref="fl-d"/>
      </object_component>
      <object_component id="oc-120">
         <name>.debug_line</name>
         <load_address>0x1594</load_address>
         <run_address>0x1594</run_address>
         <size>0x736</size>
         <input_file_ref idref="fl-e"/>
      </object_component>
      <object_component id="oc-128">
         <name>.debug_line</name>
         <load_address>0x1cca</load_address>
         <run_address>0x1cca</run_address>
         <size>0x1e7</size>
         <input_file_ref idref="fl-f"/>
      </object_component>
      <object_component id="oc-12d">
         <name>.debug_line</name>
         <load_address>0x1eb1</load_address>
         <run_address>0x1eb1</run_address>
         <size>0x1db</size>
         <input_file_ref idref="fl-10"/>
      </object_component>
      <object_component id="oc-132">
         <name>.debug_line</name>
         <load_address>0x208c</load_address>
         <run_address>0x208c</run_address>
         <size>0x2d</size>
         <input_file_ref idref="fl-11"/>
      </object_component>
      <object_component id="oc-137">
         <name>.debug_line</name>
         <load_address>0x20b9</load_address>
         <run_address>0x20b9</run_address>
         <size>0x2d</size>
         <input_file_ref idref="fl-12"/>
      </object_component>
      <object_component id="oc-13e">
         <name>.debug_line</name>
         <load_address>0x20e6</load_address>
         <run_address>0x20e6</run_address>
         <size>0x112</size>
         <input_file_ref idref="fl-13"/>
      </object_component>
      <object_component id="oc-143">
         <name>.debug_line</name>
         <load_address>0x21f8</load_address>
         <run_address>0x21f8</run_address>
         <size>0x50f</size>
         <input_file_ref idref="fl-14"/>
      </object_component>
      <object_component id="oc-149">
         <name>.debug_line</name>
         <load_address>0x2707</load_address>
         <run_address>0x2707</run_address>
         <size>0x1d6</size>
         <input_file_ref idref="fl-15"/>
      </object_component>
      <object_component id="oc-14e">
         <name>.debug_line</name>
         <load_address>0x28dd</load_address>
         <run_address>0x28dd</run_address>
         <size>0x14a</size>
         <input_file_ref idref="fl-16"/>
      </object_component>
      <object_component id="oc-154">
         <name>.debug_line</name>
         <load_address>0x2a27</load_address>
         <run_address>0x2a27</run_address>
         <size>0x7e</size>
         <input_file_ref idref="fl-27"/>
      </object_component>
      <object_component id="oc-159">
         <name>.debug_line</name>
         <load_address>0x2aa5</load_address>
         <run_address>0x2aa5</run_address>
         <size>0x50</size>
         <input_file_ref idref="fl-28"/>
      </object_component>
      <object_component id="oc-15e">
         <name>.debug_line</name>
         <load_address>0x2af5</load_address>
         <run_address>0x2af5</run_address>
         <size>0x62</size>
         <input_file_ref idref="fl-29"/>
      </object_component>
      <object_component id="oc-163">
         <name>.debug_line</name>
         <load_address>0x2b57</load_address>
         <run_address>0x2b57</run_address>
         <size>0x3e</size>
         <input_file_ref idref="fl-2a"/>
      </object_component>
      <object_component id="oc-168">
         <name>.debug_line</name>
         <load_address>0x2b95</load_address>
         <run_address>0x2b95</run_address>
         <size>0x3a</size>
         <input_file_ref idref="fl-2b"/>
      </object_component>
      <object_component id="oc-16f">
         <name>.debug_line</name>
         <load_address>0x2bcf</load_address>
         <run_address>0x2bcf</run_address>
         <size>0x65</size>
         <input_file_ref idref="fl-2c"/>
      </object_component>
      <object_component id="oc-174">
         <name>.debug_line</name>
         <load_address>0x2c34</load_address>
         <run_address>0x2c34</run_address>
         <size>0x5e</size>
         <input_file_ref idref="fl-2d"/>
      </object_component>
      <object_component id="oc-179">
         <name>.debug_line</name>
         <load_address>0x2c92</load_address>
         <run_address>0x2c92</run_address>
         <size>0x4f</size>
         <input_file_ref idref="fl-2e"/>
      </object_component>
      <object_component id="oc-7e">
         <name>.debug_abbrev</name>
         <load_address>0x0</load_address>
         <run_address>0x0</run_address>
         <size>0x13e</size>
         <input_file_ref idref="fl-2"/>
      </object_component>
      <object_component id="oc-83">
         <name>.debug_abbrev</name>
         <load_address>0x13e</load_address>
         <run_address>0x13e</run_address>
         <size>0x115</size>
         <input_file_ref idref="fl-3"/>
      </object_component>
      <object_component id="oc-89">
         <name>.debug_abbrev</name>
         <load_address>0x253</load_address>
         <run_address>0x253</run_address>
         <size>0x21</size>
         <input_file_ref idref="fl-4"/>
      </object_component>
      <object_component id="oc-90">
         <name>.debug_abbrev</name>
         <load_address>0x274</load_address>
         <run_address>0x274</run_address>
         <size>0x136</size>
         <input_file_ref idref="fl-5"/>
      </object_component>
      <object_component id="oc-96">
         <name>.debug_abbrev</name>
         <load_address>0x3aa</load_address>
         <run_address>0x3aa</run_address>
         <size>0xb6</size>
         <input_file_ref idref="fl-6"/>
      </object_component>
      <object_component id="oc-fc">
         <name>.debug_abbrev</name>
         <load_address>0x460</load_address>
         <run_address>0x460</run_address>
         <size>0xcb</size>
         <input_file_ref idref="fl-7"/>
      </object_component>
      <object_component id="oc-100">
         <name>.debug_abbrev</name>
         <load_address>0x52b</load_address>
         <run_address>0x52b</run_address>
         <size>0x191</size>
         <input_file_ref idref="fl-8"/>
      </object_component>
      <object_component id="oc-105">
         <name>.debug_abbrev</name>
         <load_address>0x6bc</load_address>
         <run_address>0x6bc</run_address>
         <size>0xc8</size>
         <input_file_ref idref="fl-9"/>
      </object_component>
      <object_component id="oc-10a">
         <name>.debug_abbrev</name>
         <load_address>0x784</load_address>
         <run_address>0x784</run_address>
         <size>0x116</size>
         <input_file_ref idref="fl-a"/>
      </object_component>
      <object_component id="oc-10f">
         <name>.debug_abbrev</name>
         <load_address>0x89a</load_address>
         <run_address>0x89a</run_address>
         <size>0x1c1</size>
         <input_file_ref idref="fl-b"/>
      </object_component>
      <object_component id="oc-114">
         <name>.debug_abbrev</name>
         <load_address>0xa5b</load_address>
         <run_address>0xa5b</run_address>
         <size>0x178</size>
         <input_file_ref idref="fl-c"/>
      </object_component>
      <object_component id="oc-119">
         <name>.debug_abbrev</name>
         <load_address>0xbd3</load_address>
         <run_address>0xbd3</run_address>
         <size>0x2f</size>
         <input_file_ref idref="fl-d"/>
      </object_component>
      <object_component id="oc-121">
         <name>.debug_abbrev</name>
         <load_address>0xc02</load_address>
         <run_address>0xc02</run_address>
         <size>0x1f0</size>
         <input_file_ref idref="fl-e"/>
      </object_component>
      <object_component id="oc-129">
         <name>.debug_abbrev</name>
         <load_address>0xdf2</load_address>
         <run_address>0xdf2</run_address>
         <size>0x1fb</size>
         <input_file_ref idref="fl-f"/>
      </object_component>
      <object_component id="oc-12e">
         <name>.debug_abbrev</name>
         <load_address>0xfed</load_address>
         <run_address>0xfed</run_address>
         <size>0x166</size>
         <input_file_ref idref="fl-10"/>
      </object_component>
      <object_component id="oc-133">
         <name>.debug_abbrev</name>
         <load_address>0x1153</load_address>
         <run_address>0x1153</run_address>
         <size>0x13e</size>
         <input_file_ref idref="fl-11"/>
      </object_component>
      <object_component id="oc-138">
         <name>.debug_abbrev</name>
         <load_address>0x1291</load_address>
         <run_address>0x1291</run_address>
         <size>0x13e</size>
         <input_file_ref idref="fl-12"/>
      </object_component>
      <object_component id="oc-13f">
         <name>.debug_abbrev</name>
         <load_address>0x13cf</load_address>
         <run_address>0x13cf</run_address>
         <size>0xe5</size>
         <input_file_ref idref="fl-13"/>
      </object_component>
      <object_component id="oc-144">
         <name>.debug_abbrev</name>
         <load_address>0x14b4</load_address>
         <run_address>0x14b4</run_address>
         <size>0x1c4</size>
         <input_file_ref idref="fl-14"/>
      </object_component>
      <object_component id="oc-14a">
         <name>.debug_abbrev</name>
         <load_address>0x1678</load_address>
         <run_address>0x1678</run_address>
         <size>0x197</size>
         <input_file_ref idref="fl-15"/>
      </object_component>
      <object_component id="oc-14f">
         <name>.debug_abbrev</name>
         <load_address>0x180f</load_address>
         <run_address>0x180f</run_address>
         <size>0x16b</size>
         <input_file_ref idref="fl-16"/>
      </object_component>
      <object_component id="oc-155">
         <name>.debug_abbrev</name>
         <load_address>0x197a</load_address>
         <run_address>0x197a</run_address>
         <size>0x46</size>
         <input_file_ref idref="fl-27"/>
      </object_component>
      <object_component id="oc-15a">
         <name>.debug_abbrev</name>
         <load_address>0x19c0</load_address>
         <run_address>0x19c0</run_address>
         <size>0xe3</size>
         <input_file_ref idref="fl-28"/>
      </object_component>
      <object_component id="oc-15f">
         <name>.debug_abbrev</name>
         <load_address>0x1aa3</load_address>
         <run_address>0x1aa3</run_address>
         <size>0xa8</size>
         <input_file_ref idref="fl-29"/>
      </object_component>
      <object_component id="oc-164">
         <name>.debug_abbrev</name>
         <load_address>0x1b4b</load_address>
         <run_address>0x1b4b</run_address>
         <size>0x68</size>
         <input_file_ref idref="fl-2a"/>
      </object_component>
      <object_component id="oc-169">
         <name>.debug_abbrev</name>
         <load_address>0x1bb3</load_address>
         <run_address>0x1bb3</run_address>
         <size>0x66</size>
         <input_file_ref idref="fl-2b"/>
      </object_component>
      <object_component id="oc-170">
         <name>.debug_abbrev</name>
         <load_address>0x1c19</load_address>
         <run_address>0x1c19</run_address>
         <size>0x130</size>
         <input_file_ref idref="fl-2c"/>
      </object_component>
      <object_component id="oc-175">
         <name>.debug_abbrev</name>
         <load_address>0x1d49</load_address>
         <run_address>0x1d49</run_address>
         <size>0xb2</size>
         <input_file_ref idref="fl-2d"/>
      </object_component>
      <object_component id="oc-17a">
         <name>.debug_abbrev</name>
         <load_address>0x1dfb</load_address>
         <run_address>0x1dfb</run_address>
         <size>0xee</size>
         <input_file_ref idref="fl-2e"/>
      </object_component>
      <object_component id="oc-227">
         <name>.debug_abbrev</name>
         <load_address>0x1ee9</load_address>
         <run_address>0x1ee9</run_address>
         <size>0xf</size>
      </object_component>
      <object_component id="oc-7f">
         <name>.debug_aranges</name>
         <load_address>0x0</load_address>
         <run_address>0x0</run_address>
         <size>0x18</size>
         <input_file_ref idref="fl-2"/>
      </object_component>
      <object_component id="oc-84">
         <name>.debug_aranges</name>
         <load_address>0x18</load_address>
         <run_address>0x18</run_address>
         <size>0x28</size>
         <input_file_ref idref="fl-3"/>
      </object_component>
      <object_component id="oc-8a">
         <name>.debug_aranges</name>
         <load_address>0x40</load_address>
         <run_address>0x40</run_address>
         <size>0x28</size>
         <input_file_ref idref="fl-4"/>
      </object_component>
      <object_component id="oc-91">
         <name>.debug_aranges</name>
         <load_address>0x68</load_address>
         <run_address>0x68</run_address>
         <size>0x18</size>
         <input_file_ref idref="fl-5"/>
      </object_component>
      <object_component id="oc-97">
         <name>.debug_aranges</name>
         <load_address>0x80</load_address>
         <run_address>0x80</run_address>
         <size>0x480</size>
         <input_file_ref idref="fl-6"/>
      </object_component>
      <object_component id="oc-101">
         <name>.debug_aranges</name>
         <load_address>0x500</load_address>
         <run_address>0x500</run_address>
         <size>0x88</size>
         <input_file_ref idref="fl-8"/>
      </object_component>
      <object_component id="oc-106">
         <name>.debug_aranges</name>
         <load_address>0x588</load_address>
         <run_address>0x588</run_address>
         <size>0x28</size>
         <input_file_ref idref="fl-9"/>
      </object_component>
      <object_component id="oc-10b">
         <name>.debug_aranges</name>
         <load_address>0x5b0</load_address>
         <run_address>0x5b0</run_address>
         <size>0x20</size>
         <input_file_ref idref="fl-a"/>
      </object_component>
      <object_component id="oc-110">
         <name>.debug_aranges</name>
         <load_address>0x5d0</load_address>
         <run_address>0x5d0</run_address>
         <size>0xb8</size>
         <input_file_ref idref="fl-b"/>
      </object_component>
      <object_component id="oc-115">
         <name>.debug_aranges</name>
         <load_address>0x688</load_address>
         <run_address>0x688</run_address>
         <size>0x18</size>
         <input_file_ref idref="fl-c"/>
      </object_component>
      <object_component id="oc-11a">
         <name>.debug_aranges</name>
         <load_address>0x6a0</load_address>
         <run_address>0x6a0</run_address>
         <size>0x20</size>
         <input_file_ref idref="fl-d"/>
      </object_component>
      <object_component id="oc-122">
         <name>.debug_aranges</name>
         <load_address>0x6c0</load_address>
         <run_address>0x6c0</run_address>
         <size>0xb0</size>
         <input_file_ref idref="fl-e"/>
      </object_component>
      <object_component id="oc-12a">
         <name>.debug_aranges</name>
         <load_address>0x770</load_address>
         <run_address>0x770</run_address>
         <size>0x78</size>
         <input_file_ref idref="fl-f"/>
      </object_component>
      <object_component id="oc-12f">
         <name>.debug_aranges</name>
         <load_address>0x7e8</load_address>
         <run_address>0x7e8</run_address>
         <size>0x70</size>
         <input_file_ref idref="fl-10"/>
      </object_component>
      <object_component id="oc-134">
         <name>.debug_aranges</name>
         <load_address>0x858</load_address>
         <run_address>0x858</run_address>
         <size>0x18</size>
         <input_file_ref idref="fl-11"/>
      </object_component>
      <object_component id="oc-139">
         <name>.debug_aranges</name>
         <load_address>0x870</load_address>
         <run_address>0x870</run_address>
         <size>0x18</size>
         <input_file_ref idref="fl-12"/>
      </object_component>
      <object_component id="oc-140">
         <name>.debug_aranges</name>
         <load_address>0x888</load_address>
         <run_address>0x888</run_address>
         <size>0x50</size>
         <input_file_ref idref="fl-13"/>
      </object_component>
      <object_component id="oc-145">
         <name>.debug_aranges</name>
         <load_address>0x8d8</load_address>
         <run_address>0x8d8</run_address>
         <size>0xf0</size>
         <input_file_ref idref="fl-14"/>
      </object_component>
      <object_component id="oc-14b">
         <name>.debug_aranges</name>
         <load_address>0x9c8</load_address>
         <run_address>0x9c8</run_address>
         <size>0x58</size>
         <input_file_ref idref="fl-15"/>
      </object_component>
      <object_component id="oc-150">
         <name>.debug_aranges</name>
         <load_address>0xa20</load_address>
         <run_address>0xa20</run_address>
         <size>0x68</size>
         <input_file_ref idref="fl-16"/>
      </object_component>
      <object_component id="oc-156">
         <name>.debug_aranges</name>
[...]
      <symbol id="sm-5a9">
         <name>_EnaDRV_FBK</name>
         <value>0xa80d</value>
         <object_component_ref idref="oc-11d"/>
      </symbol>
      <symbol id="sm-5aa">
         <name>_Mech_Speed</name>
         <value>0xa84e</value>
         <object_component_ref idref="oc-11d"/>
      </symbol>
      <symbol id="sm-5ab">
         <name>_sin_pos</name>
         <value>0xa809</value>
         <object_component_ref idref="oc-11d"/>
      </symbol>
      <symbol id="sm-5ac">
         <name>_motor1</name>
         <value>0xa940</value>
         <object_component_ref idref="oc-11d"/>
      </symbol>
      <symbol id="sm-5ad">
         <name>_EnableFlag</name>
         <value>0xa81b</value>
         <object_component_ref idref="oc-11d"/>
      </symbol>
      <symbol id="sm-5ae">
         <name>_pid1_speed</name>
         <value>0xa900</value>
         <object_component_ref idref="oc-11d"/>
      </symbol>
      <symbol id="sm-5af">
         <name>_speed_rpm</name>
         <value>0xa83c</value>
         <object_component_ref idref="oc-11d"/>
      </symbol>
      <symbol id="sm-5b0">
         <name>_adc_cal</name>
         <value>0xa852</value>
         <object_component_ref idref="oc-11d"/>
      </symbol>
      <symbol id="sm-5b1">
         <name>_posArray</name>
         <value>0xaaac</value>
         <object_component_ref idref="oc-191"/>
      </symbol>
      <symbol id="sm-5b2">
         <name>_ptrMax</name>
         <value>0xa81f</value>
         <object_component_ref idref="oc-11d"/>
      </symbol>
      <symbol id="sm-5b3">
         <name>_DIR</name>
         <value>0xa818</value>
         <object_component_ref idref="oc-11d"/>
      </symbol>
      <symbol id="sm-5b4">
         <name>_speedRef</name>
         <value>0xa84a</value>
         <object_component_ref idref="oc-11d"/>
      </symbol>
      <symbol id="sm-5b5">
         <name>_cos_pos</name>
         <value>0xa808</value>
         <object_component_ref idref="oc-11d"/>
      </symbol>
      <symbol id="sm-5b6">
         <name>_EnableDRV</name>
         <value>0xa80b</value>
         <object_component_ref idref="oc-11d"/>
      </symbol>
      <symbol id="sm-5b7">
         <name>_tempHall</name>
         <value>0xa854</value>
         <object_component_ref idref="oc-11d"/>
      </symbol>
      <symbol id="sm-5b8">
         <name>_GPIO_TogglePin</name>
         <value>0x825e3</value>
         <object_component_ref idref="oc-186"/>
      </symbol>
      <symbol id="sm-5ba">
         <name>_hall</name>
         <value>0xa8a4</value>
         <object_component_ref idref="oc-11d"/>
      </symbol>
      <symbol id="sm-5bb">
         <name>_sin_neg</name>
         <value>0xa80a</value>
         <object_component_ref idref="oc-11d"/>
      </symbol>
      <symbol id="sm-5bc">
         <name>_ocp_cnt</name>
         <value>0xa80c</value>
         <object_component_ref idref="oc-11d"/>
      </symbol>
      <symbol id="sm-5bd">
         <name>_SerialCommsTimer</name>
         <value>0xa81a</value>
         <object_component_ref idref="oc-11d"/>
      </symbol>
      <symbol id="sm-5be">
         <name>_IdRef_run</name>
         <value>0xa85e</value>
         <object_component_ref idref="oc-11d"/>
      </symbol>
      <symbol id="sm-5bf">
         <name>_FaultEmulationSignal_Accepted_transformation2</name>
         <value>0xa806</value>
         <object_component_ref idref="oc-11d"/>
      </symbol>
      <symbol id="sm-5c0">
         <name>_i</name>
         <value>0xa803</value>
         <object_component_ref idref="oc-11d"/>
      </symbol>
      <symbol id="sm-5c1">
         <name>_overflow_flag5</name>
         <value>0xa816</value>
         <object_component_ref idref="oc-11d"/>
      </symbol>
      <symbol id="sm-5c2">
         <name>_overflow_flag4</name>
         <value>0xa815</value>
         <object_component_ref idref="oc-11d"/>
      </symbol>
      <symbol id="sm-5c3">
         <name>_overflow_flag6</name>
         <value>0xa817</value>
         <object_component_ref idref="oc-11d"/>
      </symbol>
      <symbol id="sm-5c4">
         <name>_overflow_flag1</name>
         <value>0xa812</value>
         <object_component_ref idref="oc-11d"/>
      </symbol>
      <symbol id="sm-5c5">
         <name>_overflow_flag3</name>
         <value>0xa814</value>
         <object_component_ref idref="oc-11d"/>
      </symbol>
      <symbol id="sm-5c6">
         <name>_overflow_flag2</name>
         <value>0xa813</value>
         <object_component_ref idref="oc-11d"/>
      </symbol>
      <symbol id="sm-5c7">
         <name>_Electheta_last</name>
         <value>0xa838</value>
         <object_component_ref idref="oc-11d"/>
      </symbol>
      <symbol id="sm-5c8">
         <name>_DIR_last</name>
         <value>0xa819</value>
         <object_component_ref idref="oc-11d"/>
      </symbol>
      <symbol id="sm-5c9">
         <name>_ramper_speed</name>
         <value>0x82051</value>
         <object_component_ref idref="oc-186"/>
      </symbol>
      <symbol id="sm-5fb">
         <name>_CanTestSend</name>
         <value>0x8318b</value>
         <object_component_ref idref="oc-184"/>
      </symbol>
      <symbol id="sm-5fd">
         <name>_ReceiveCanControl</name>
         <value>0x82f4b</value>
         <object_component_ref idref="oc-184"/>
      </symbol>
      <symbol id="sm-5ff">
         <name>_canBitClk</name>
         <value>0xaad0</value>
         <object_component_ref idref="oc-125"/>
      </symbol>
      <symbol id="sm-600">
         <name>_InvInitCanInterrupts</name>
         <value>0x83106</value>
         <object_component_ref idref="oc-184"/>
      </symbol>
      <symbol id="sm-602">
         <name>_can_debug_var</name>
         <value>0xaac6</value>
         <object_component_ref idref="oc-125"/>
      </symbol>
      <symbol id="sm-603">
         <name>_can_it_status</name>
         <value>0xaac1</value>
         <object_component_ref idref="oc-125"/>
      </symbol>
      <symbol id="sm-604">
         <name>_SendCanStatus</name>
         <value>0x83013</value>
         <object_component_ref idref="oc-184"/>
      </symbol>
      <symbol id="sm-606">
         <name>_canISR</name>
         <value>0x83c1f</value>
         <object_component_ref idref="oc-126"/>
      </symbol>
      <symbol id="sm-608">
         <name>_SendCanTemperature</name>
         <value>0x82f81</value>
         <object_component_ref idref="oc-184"/>
      </symbol>
      <symbol id="sm-60a">
         <name>_can_new_data</name>
         <value>0xaac4</value>
         <object_component_ref idref="oc-125"/>
      </symbol>
      <symbol id="sm-60b">
         <name>_InvInitCan</name>
         <value>0x8316c</value>
         <object_component_ref idref="oc-184"/>
      </symbol>
      <symbol id="sm-60d">
         <name>_CanTestReceive</name>
         <value>0x831b8</value>
         <object_component_ref idref="oc-184"/>
      </symbol>
      <symbol id="sm-60f">
         <name>_SendCanState</name>
         <value>0x83077</value>
         <object_component_ref idref="oc-184"/>
      </symbol>
      <symbol id="sm-611">
         <name>_SendCanHeartbeat</name>
         <value>0x830c8</value>
         <object_component_ref idref="oc-184"/>
      </symbol>
      <symbol id="sm-61f">
         <name>_PWM_1ch_UpDwnCnt_CNF</name>
         <value>0x836b4</value>
         <object_component_ref idref="oc-196"/>
      </symbol>
      <symbol id="sm-621">
         <name>_InitMotor1HALL2Gpio</name>
         <value>0x8377d</value>
         <object_component_ref idref="oc-196"/>
      </symbol>
      <symbol id="sm-623">
         <name>_ConfigureADC</name>
         <value>0x83830</value>
         <object_component_ref idref="oc-196"/>
      </symbol>
      <symbol id="sm-625">
         <name>_InitMotor1EPwmGpio</name>
         <value>0x837bb</value>
         <object_component_ref idref="oc-196"/>
      </symbol>
      <symbol id="sm-627">
         <name>_InitMotor1_AFMDRV_Gpio</name>
         <value>0x8374a</value>
         <object_component_ref idref="oc-196"/>
      </symbol>
      <symbol id="sm-629">
         <name>_InitSysCtrl1</name>
         <value>0x836f6</value>
         <object_component_ref idref="oc-196"/>
      </symbol>
      <symbol id="sm-62b">
         <name>_InitMotor1EPwmDACGpio</name>
         <value>0x837f8</value>
         <object_component_ref idref="oc-196"/>
      </symbol>
      <symbol id="sm-62d">
         <name>_InitSpiRegs_DRV830x</name>
         <value>0x83731</value>
         <object_component_ref idref="oc-196"/>
      </symbol>
      <symbol id="sm-62f">
         <name>_InitGateGpio</name>
         <value>0x83821</value>
         <object_component_ref idref="oc-196"/>
      </symbol>
      <symbol id="sm-631">
         <name>_InitMotor1HALL1Gpio</name>
         <value>0x8379c</value>
         <object_component_ref idref="oc-196"/>
      </symbol>
      <symbol id="sm-633">
         <name>_PWM_1ch_UpDwnCnt_CNF_noDB</name>
         <value>0x83681</value>
         <object_component_ref idref="oc-196"/>
      </symbol>
      <symbol id="sm-662">
         <name>_reset_fault</name>
         <value>0x83b1b</value>
         <object_component_ref idref="oc-18d"/>
      </symbol>
      <symbol id="sm-663">
         <name>_there_is_error</name>
         <value>0x83b19</value>
         <object_component_ref idref="oc-18d"/>
      </symbol>
      <symbol id="sm-665">
         <name>_disable_inverter</name>
         <value>0x83b1b</value>
         <object_component_ref idref="oc-18d"/>
      </symbol>
      <symbol id="sm-667">
         <name>_get_status</name>
         <value>0x83b21</value>
         <object_component_ref idref="oc-18d"/>
      </symbol>
      <symbol id="sm-669">
         <name>_control</name>
         <value>0x83b4c</value>
         <object_component_ref idref="oc-18d"/>
      </symbol>
      <symbol id="sm-66b">
         <name>_everything_is_ok</name>
         <value>0x83b1f</value>
         <object_component_ref idref="oc-18d"/>
      </symbol>
      <symbol id="sm-66d">
         <name>_enable_inverter</name>
         <value>0x83b47</value>
         <object_component_ref idref="oc-18d"/>
      </symbol>
      <symbol id="sm-66f">
         <name>_there_is_hv</name>
         <value>0x83b17</value>
         <object_component_ref idref="oc-18d"/>
      </symbol>
      <symbol id="sm-6d7">
         <name>_CANGlobalIntEnable</name>
         <value>0x82e41</value>
         <object_component_ref idref="oc-183"/>
      </symbol>
      <symbol id="sm-6d9">
         <name>_CANIntRegister</name>
         <value>0x82dab</value>
         <object_component_ref idref="oc-183"/>
      </symbol>
      <symbol id="sm-6db">
         <name>_CANStatusGet</name>
         <value>0x82b7d</value>
         <object_component_ref idref="oc-183"/>
      </symbol>
      <symbol id="sm-6dd">
         <name>_CANGlobalIntClear</name>
         <value>0x82e4d</value>
         <object_component_ref idref="oc-183"/>
      </symbol>
      <symbol id="sm-6df">
         <name>_CANMessageGet</name>
         <value>0x82ca7</value>
         <object_component_ref idref="oc-183"/>
      </symbol>
      <symbol id="sm-6e1">
         <name>_CANGlobalIntDisable</name>
         <value>0x82e46</value>
         <object_component_ref idref="oc-183"/>
      </symbol>
      <symbol id="sm-6e3">
         <name>_CANGlobalIntstatusGet</name>
         <value>0x82e37</value>
         <object_component_ref idref="oc-183"/>
      </symbol>
      <symbol id="sm-6e5">
         <name>_CANIntStatus</name>
         <value>0x82d9e</value>
         <object_component_ref idref="oc-183"/>
      </symbol>
      <symbol id="sm-6e7">
         <name>_CANInit</name>
         <value>0x82de0</value>
         <object_component_ref idref="oc-183"/>
      </symbol>
      <symbol id="sm-6e9">
         <name>_CANErrCntrGet</name>
         <value>0x82e52</value>
         <object_component_ref idref="oc-183"/>
      </symbol>
      <symbol id="sm-6eb">
         <name>_CANEnable</name>
         <value>0x82e60</value>
         <object_component_ref idref="oc-183"/>
      </symbol>
      <symbol id="sm-6ed">
         <name>_CANClkSourceSelect</name>
         <value>0x82e68</value>
         <object_component_ref idref="oc-183"/>
      </symbol>
      <symbol id="sm-6ef">
         <name>_CANRetrySet</name>
         <value>0x82b93</value>
         <object_component_ref idref="oc-183"/>
      </symbol>
      <symbol id="sm-6f1">
         <name>_CANIntClear</name>
         <value>0x82dc7</value>
         <object_component_ref idref="oc-183"/>
      </symbol>
      <symbol id="sm-6f3">
         <name>_CANMessageSet</name>
         <value>0x82bb5</value>
         <object_component_ref idref="oc-183"/>
      </symbol>
      <symbol id="sm-6f5">
         <name>_CANBitTimingGet</name>
         <value>0x82eb9</value>
         <object_component_ref idref="oc-183"/>
      </symbol>
      <symbol id="sm-6f7">
         <name>_CANIntEnable</name>
         <value>0x82db9</value>
         <object_component_ref idref="oc-183"/>
      </symbol>
      <symbol id="sm-6f9">
         <name>_CANIntUnregister</name>
         <value>0x82d93</value>
         <object_component_ref idref="oc-183"/>
      </symbol>
      <symbol id="sm-6fb">
         <name>_CANIntDisable</name>
         <value>0x82dbe</value>
         <object_component_ref idref="oc-183"/>
      </symbol>
      <symbol id="sm-6fd">
         <name>_CANBitRateSet</name>
         <value>0x82ed7</value>
         <object_component_ref idref="oc-183"/>
      </symbol>
      <symbol id="sm-6ff">
         <name>_CANDisable</name>
         <value>0x82e64</value>
         <object_component_ref idref="oc-183"/>
      </symbol>
      <symbol id="sm-701">
         <name>_CANRetryGet</name>
         <value>0x82b9e</value>
         <object_component_ref idref="oc-183"/>
      </symbol>
      <symbol id="sm-703">
         <name>_CANBitTimingSet</name>
         <value>0x82e8a</value>
         <object_component_ref idref="oc-183"/>
      </symbol>
      <symbol id="sm-705">
         <name>_CANMessageClear</name>
         <value>0x82d51</value>
         <object_component_ref idref="oc-183"/>
      </symbol>
      <symbol id="sm-732">
         <name>_IntIFRClear</name>
         <value>0x838ba</value>
         <object_component_ref idref="oc-189"/>
      </symbol>
      <symbol id="sm-734">
         <name>_IntRegister</name>
         <value>0x8389c</value>
         <object_component_ref idref="oc-189"/>
      </symbol>
      <symbol id="sm-736">
         <name>_IntUnregister</name>
         <value>0x83886</value>
         <object_component_ref idref="oc-189"/>
      </symbol>
      <symbol id="sm-738">
         <name>_IntMasterDisable</name>
         <value>0x838b5</value>
         <object_component_ref idref="oc-189"/>
      </symbol>
      <symbol id="sm-73a">
         <name>_IntDefaultHandler</name>
         <value>0x83d1e</value>
         <object_component_ref idref="oc-147"/>
      </symbol>
      <symbol id="sm-73c">
         <name>_IntEnable</name>
         <value>0x8392e</value>
         <object_component_ref idref="oc-189"/>
      </symbol>
      <symbol id="sm-73e">
         <name>_IntMasterEnable</name>
         <value>0x838b0</value>
         <object_component_ref idref="oc-189"/>
      </symbol>
      <symbol id="sm-740">
         <name>_IntDisable</name>
         <value>0x839b6</value>
         <object_component_ref idref="oc-189"/>
      </symbol>
      <symbol id="sm-74d">
         <name>_SysTickIntDisable</name>
         <value>0x83bfd</value>
         <object_component_ref idref="oc-18e"/>
      </symbol>
      <symbol id="sm-74f">
         <name>_SysTickPeriodGet</name>
         <value>0x83bd9</value>
         <object_component_ref idref="oc-18e"/>
      </symbol>
      <symbol id="sm-751">
         <name>_SysTickInit</name>
         <value>0x83c07</value>
         <object_component_ref idref="oc-18e"/>
      </symbol>
      <symbol id="sm-753">
         <name>_SysTickIntUnregister</name>
         <value>0x83bdd</value>
         <object_component_ref idref="oc-18e"/>
      </symbol>
      <symbol id="sm-755">
         <name>_SysTickIntEnable</name>
         <value>0x83bf3</value>
         <object_component_ref idref="oc-18e"/>
      </symbol>
      <symbol id="sm-757">
         <name>_SysTickEnable</name>
         <value>0x83c13</value>
         <object_component_ref idref="oc-18e"/>
      </symbol>
      <symbol id="sm-759">
         <name>_SysTickValueGet</name>
         <value>0x83bd1</value>
         <object_component_ref idref="oc-18e"/>
      </symbol>
      <symbol id="sm-75b">
         <name>_SysTickDisable</name>
         <value>0x83c1a</value>
         <object_component_ref idref="oc-18e"/>
      </symbol>
      <symbol id="sm-75d">
         <name>_SysTickPeriodSet</name>
         <value>0x83bd5</value>
         <object_component_ref idref="oc-18e"/>
      </symbol>
      <symbol id="sm-75f">
         <name>_SysTickIntRegister</name>
         <value>0x83be8</value>
         <object_component_ref idref="oc-18e"/>
      </symbol>
      <symbol id="sm-77b">
         <name>_c_int00</name>
         <value>0x83b7b</value>
         <object_component_ref idref="oc-7a"/>
      </symbol>
      <symbol id="sm-77c">
         <name>__stack</name>
         <value>0x400</value>
         <object_component_ref idref="oc-151"/>
      </symbol>
      <symbol id="sm-78b">
         <name>_copy_in</name>
         <value>0x83cb7</value>
         <object_component_ref idref="oc-17d"/>
      </symbol>
      <symbol id="sm-79d">
         <name>_memcpy</name>
         <value>0x83cdb</value>
         <object_component_ref idref="oc-185"/>
      </symbol>
      <symbol id="sm-7aa">
         <name>__system_pre_init</name>
         <value>0x83d3e</value>
         <object_component_ref idref="oc-17c"/>
      </symbol>
      <symbol id="sm-7b8">
         <name>__system_post_cinit</name>
         <value>0x83d40</value>
         <object_component_ref idref="oc-17e"/>
      </symbol>
      <symbol id="sm-7cd">
         <name>C$$EXIT</name>
         <value>0x83c66</value>
         <object_component_ref idref="oc-180"/>
      </symbol>
      <symbol id="sm-7ce">
         <name>_exit</name>
         <value>0x83c68</value>
         <object_component_ref idref="oc-180"/>
      </symbol>
      <symbol id="sm-7d0">
         <name>___TI_cleanup_ptr</name>
         <value>0xab02</value>
         <object_component_ref idref="oc-16d"/>
      </symbol>
      <symbol id="sm-7d1">
         <name>___TI_enable_exit_profile_output</name>
         <value>0xab00</value>
         <object_component_ref idref="oc-16d"/>
      </symbol>
      <symbol id="sm-7d2">
         <name>_abort</name>
         <value>0x83c66</value>
         <object_component_ref idref="oc-180"/>
      </symbol>
      <symbol id="sm-7d4">
         <name>___TI_dtors_ptr</name>
         <value>0xab04</value>
         <object_component_ref idref="oc-16d"/>
      </symbol>
      <symbol id="sm-7e8">
         <name>__unlock</name>
         <value>0xab14</value>
         <object_component_ref idref="oc-19e"/>
      </symbol>
      <symbol id="sm-7e9">
         <name>__lock</name>
         <value>0xab12</value>
         <object_component_ref idref="oc-187"/>
      </symbol>
      <symbol id="sm-7ea">
         <name>__register_lock</name>
         <value>0x83d31</value>
         <object_component_ref idref="oc-199"/>
      </symbol>
      <symbol id="sm-7ec">
         <name>__nop</name>
         <value>0x83d35</value>
         <object_component_ref idref="oc-199"/>
      </symbol>
      <symbol id="sm-7ee">
         <name>__register_unlock</name>
         <value>0x83d2d</value>
         <object_component_ref idref="oc-199"/>
      </symbol>
      <symbol id="sm-7fe">
         <name>__args_main</name>
         <value>0x83d0c</value>
         <object_component_ref idref="oc-17f"/>
      </symbol>
   </symbol_table>
   <title>Link successful</title>
</link_info>
